Archive member included to satisfy reference by file (symbol)

c:/program files (x86)/atollic/truestudio for stm32 9.2.0/armtools/bin/../lib/gcc/arm-atollic-eabi/6.3.1/../../../../arm-atollic-eabi/lib/armv7e-m/fpu\libc_nano.a(lib_a-errno.o)
                              Src\syscalls.o (__errno)
c:/program files (x86)/atollic/truestudio for stm32 9.2.0/armtools/bin/../lib/gcc/arm-atollic-eabi/6.3.1/../../../../arm-atollic-eabi/lib/armv7e-m/fpu\libc_nano.a(lib_a-impure.o)
                              c:/program files (x86)/atollic/truestudio for stm32 9.2.0/armtools/bin/../lib/gcc/arm-atollic-eabi/6.3.1/../../../../arm-atollic-eabi/lib/armv7e-m/fpu\libc_nano.a(lib_a-errno.o) (_impure_ptr)
c:/program files (x86)/atollic/truestudio for stm32 9.2.0/armtools/bin/../lib/gcc/arm-atollic-eabi/6.3.1/../../../../arm-atollic-eabi/lib/armv7e-m/fpu\libc_nano.a(lib_a-init.o)
                              startup\startup_stm32f429xx.o (__libc_init_array)
c:/program files (x86)/atollic/truestudio for stm32 9.2.0/armtools/bin/../lib/gcc/arm-atollic-eabi/6.3.1/../../../../arm-atollic-eabi/lib/armv7e-m/fpu\libc_nano.a(lib_a-memcpy-stub.o)
                              Middlewares\Third_Party\FreeRTOS\Source\queue.o (memcpy)
c:/program files (x86)/atollic/truestudio for stm32 9.2.0/armtools/bin/../lib/gcc/arm-atollic-eabi/6.3.1/../../../../arm-atollic-eabi/lib/armv7e-m/fpu\libc_nano.a(lib_a-memset.o)
                              Middlewares\Third_Party\FreeRTOS\Source\CMSIS_RTOS\cmsis_os.o (memset)
c:/program files (x86)/atollic/truestudio for stm32 9.2.0/armtools/bin/../lib/gcc/arm-atollic-eabi/6.3.1/armv7e-m/fpu\libgcc.a(_arm_addsubdf3.o)
                              Src\gyro.o (__aeabi_f2d)
c:/program files (x86)/atollic/truestudio for stm32 9.2.0/armtools/bin/../lib/gcc/arm-atollic-eabi/6.3.1/armv7e-m/fpu\libgcc.a(_arm_muldivdf3.o)
                              Src\gyro.o (__aeabi_dmul)
c:/program files (x86)/atollic/truestudio for stm32 9.2.0/armtools/bin/../lib/gcc/arm-atollic-eabi/6.3.1/armv7e-m/fpu\libgcc.a(_arm_truncdfsf2.o)
                              Src\gyro.o (__aeabi_d2f)
c:/program files (x86)/atollic/truestudio for stm32 9.2.0/armtools/bin/../lib/gcc/arm-atollic-eabi/6.3.1/armv7e-m/fpu\libgcc.a(_aeabi_uldivmod.o)
                              Drivers\STM32F4xx_HAL_Driver\Src\stm32f4xx_hal_rcc.o (__aeabi_uldivmod)
c:/program files (x86)/atollic/truestudio for stm32 9.2.0/armtools/bin/../lib/gcc/arm-atollic-eabi/6.3.1/armv7e-m/fpu\libgcc.a(_udivmoddi4.o)
                              c:/program files (x86)/atollic/truestudio for stm32 9.2.0/armtools/bin/../lib/gcc/arm-atollic-eabi/6.3.1/armv7e-m/fpu\libgcc.a(_aeabi_uldivmod.o) (__udivmoddi4)
c:/program files (x86)/atollic/truestudio for stm32 9.2.0/armtools/bin/../lib/gcc/arm-atollic-eabi/6.3.1/armv7e-m/fpu\libgcc.a(_dvmd_tls.o)
                              c:/program files (x86)/atollic/truestudio for stm32 9.2.0/armtools/bin/../lib/gcc/arm-atollic-eabi/6.3.1/armv7e-m/fpu\libgcc.a(_aeabi_uldivmod.o) (__aeabi_ldiv0)

Allocating common symbols
Common symbol       size              file

tickSize            0x1               Src\main.o
localstr            0x4               Src\interface.o
p_hsdram1           0x4               Src\main.o
hi2c3               0x54              Src\i2c.o
hspi5               0x58              Src\spi.o
p_hi2c3             0x4               Src\main.o
LtdcHandler         0x4               Src\stm32f429i_discovery_lcd.o
uwTick              0x4               Drivers\STM32F4xx_HAL_Driver\Src\stm32f4xx_hal.o
xQueueRegistry      0x40              Middlewares\Third_Party\FreeRTOS\Source\queue.o
localClassHandler   0x4               Src\interface.o
pFlash              0x20              Drivers\STM32F4xx_HAL_Driver\Src\stm32f4xx_hal_flash.o
touchTaskHandle     0x4               Src\freertos.o
hltdc               0xa8              Src\ltdc.o
struktura           0x8               Src\freertos.o
p_hspi5             0x4               Src\freertos.o
mpuTaskHandle       0x4               Src\freertos.o
globalClassHandler  0x4               Src\freertos.o
tickBuffer          0x32              Src\main.o
huart1              0x40              Src\usart.o
htim6               0x40              Src\stm32f4xx_hal_timebase_tim.o
gameTaskHandle      0x4               Src\freertos.o
lcdTaskHandle       0x4               Src\freertos.o
p_hdma2d            0x4               Src\main.o
hdma2d              0x40              Src\dma2d.o
ts_struct           0x4               Src\freertos.o
hsdram1             0x34              Src\fmc.o
p_hltdc             0x4               Src\main.o
I2cHandle           0x54              Src\stm32f429i_discovery.o
startTime           0x4               Src\freertos.o
LcdDrv              0x4               Src\stm32f429i_discovery_lcd.o

Discarded input sections

 .text          0x00000000        0x0 c:/program files (x86)/atollic/truestudio for stm32 9.2.0/armtools/bin/../lib/gcc/arm-atollic-eabi/6.3.1/armv7e-m/fpu/crti.o
[...]
Memory Configuration

Name             Origin             Length             Attributes
RAM              0x20000000         0x00030000         xrw
CCMRAM           0x10000000         0x00010000         rw
FLASH            0x08000000         0x00200000         xr
*default*        0x00000000         0xffffffff

Linker script and memory map

LOAD c:/program files (x86)/atollic/truestudio for stm32 9.2.0/armtools/bin/../lib/gcc/arm-atollic-eabi/6.3.1/armv7e-m/fpu/crti.o
LOAD c:/program files (x86)/atollic/truestudio for stm32 9.2.0/armtools/bin/../lib/gcc/arm-atollic-eabi/6.3.1/armv7e-m/fpu/crtbegin.o
LOAD Drivers\STM32F4xx_HAL_Driver\Src\stm32f4xx_hal.o
LOAD Drivers\STM32F4xx_HAL_Driver\Src\stm32f4xx_hal_cortex.o
LOAD Drivers\STM32F4xx_HAL_Driver\Src\stm32f4xx_hal_dma.o
LOAD Drivers\STM32F4xx_HAL_Driver\Src\stm32f4xx_hal_dma2d.o
LOAD Drivers\STM32F4xx_HAL_Driver\Src\stm32f4xx_hal_dma_ex.o
LOAD Drivers\STM32F4xx_HAL_Driver\Src\stm32f4xx_hal_dsi.o
LOAD Drivers\STM32F4xx_HAL_Driver\Src\stm32f4xx_hal_exti.o
LOAD Drivers\STM32F4xx_HAL_Driver\Src\stm32f4xx_hal_flash.o
LOAD Drivers\STM32F4xx_HAL_Driver\Src\stm32f4xx_hal_flash_ex.o
LOAD Drivers\STM32F4xx_HAL_Driver\Src\stm32f4xx_hal_flash_ramfunc.o
LOAD Drivers\STM32F4xx_HAL_Driver\Src\stm32f4xx_hal_gpio.o
LOAD Drivers\STM32F4xx_HAL_Driver\Src\stm32f4xx_hal_i2c.o
LOAD Drivers\STM32F4xx_HAL_Driver\Src\stm32f4xx_hal_i2c_ex.o
LOAD Drivers\STM32F4xx_HAL_Driver\Src\stm32f4xx_hal_ltdc.o
LOAD Drivers\STM32F4xx_HAL_Driver\Src\stm32f4xx_hal_ltdc_ex.o
LOAD Drivers\STM32F4xx_HAL_Driver\Src\stm32f4xx_hal_pwr.o
LOAD Drivers\STM32F4xx_HAL_Driver\Src\stm32f4xx_hal_pwr_ex.o
LOAD Drivers\STM32F4xx_HAL_Driver\Src\stm32f4xx_hal_rcc.o
LOAD Drivers\STM32F4xx_HAL_Driver\Src\stm32f4xx_hal_rcc_ex.o
LOAD Drivers\STM32F4xx_HAL_Driver\Src\stm32f4xx_hal_sdram.o
LOAD Drivers\STM32F4xx_HAL_Driver\Src\stm32f4xx_hal_spi.o
LOAD Drivers\STM32F4xx_HAL_Driver\Src\stm32f4xx_hal_tim.o
LOAD Drivers\STM32F4xx_HAL_Driver\Src\stm32f4xx_hal_tim_ex.o
LOAD Drivers\STM32F4xx_HAL_Driver\Src\stm32f4xx_hal_uart.o
LOAD Drivers\STM32F4xx_HAL_Driver\Src\stm32f4xx_ll_fmc.o
LOAD Middlewares\Third_Party\FreeRTOS\Source\CMSIS_RTOS\cmsis_os.o
LOAD Middlewares\Third_Party\FreeRTOS\Source\croutine.o
LOAD Middlewares\Third_Party\FreeRTOS\Source\event_groups.o
LOAD Middlewares\Third_Party\FreeRTOS\Source\list.o
LOAD Middlewares\Third_Party\FreeRTOS\Source\portable\GCC\ARM_CM4F\port.o
LOAD Middlewares\Third_Party\FreeRTOS\Source\portable\MemMang\heap_4.o
LOAD Middlewares\Third_Party\FreeRTOS\Source\queue.o
LOAD Middlewares\Third_Party\FreeRTOS\Source\stream_buffer.o
LOAD Middlewares\Third_Party\FreeRTOS\Source\tasks.o
LOAD Middlewares\Third_Party\FreeRTOS\Source\timers.o
LOAD Src\dma2d.o
LOAD Src\fmc.o
LOAD Src\font12.o
LOAD Src\font16.o
LOAD Src\font20.o
LOAD Src\font24.o
LOAD Src\font8.o
LOAD Src\freertos.o
LOAD Src\gpio.o
LOAD Src\gyro.o
LOAD Src\i2c.o
LOAD Src\ili9341.o
LOAD Src\interface.o
LOAD Src\ltdc.o
LOAD Src\main.o
LOAD Src\spi.o
LOAD Src\stm32f429i_discovery.o
LOAD Src\stm32f429i_discovery_io.o
LOAD Src\stm32f429i_discovery_lcd.o
LOAD Src\stm32f429i_discovery_sdram.o
LOAD Src\stm32f429i_discovery_ts.o
LOAD Src\stm32f4xx_hal_msp.o
LOAD Src\stm32f4xx_hal_timebase_tim.o
LOAD Src\stm32f4xx_it.o
LOAD Src\stmpe811.o
LOAD Src\syscalls.o
LOAD Src\system_stm32f4xx.o
LOAD Src\usart.o
LOAD startup\startup_stm32f429xx.o
                0x00000080                malloc_getpagesize_P = 0x80
START GROUP
LOAD c:/program files (x86)/atollic/truestudio for stm32 9.2.0/armtools/bin/../lib/gcc/arm-atollic-eabi/6.3.1/../../../../arm-atollic-eabi/lib/armv7e-m/fpu\libc_nano.a
LOAD c:/program files (x86)/atollic/truestudio for stm32 9.2.0/armtools/bin/../lib/gcc/arm-atollic-eabi/6.3.1/../../../../arm-atollic-eabi/lib/armv7e-m/fpu\libm.a
END GROUP
START GROUP
LOAD c:/program files (x86)/atollic/truestudio for stm32 9.2.0/armtools/bin/../lib/gcc/arm-atollic-eabi/6.3.1/armv7e-m/fpu\libgcc.a
LOAD c:/program files (x86)/atollic/truestudio for stm32 9.2.0/armtools/bin/../lib/gcc/arm-atollic-eabi/6.3.1/../../../../arm-atollic-eabi/lib/armv7e-m/fpu\libc_nano.a
END GROUP
START GROUP
LOAD c:/program files (x86)/atollic/truestudio for stm32 9.2.0/armtools/bin/../lib/gcc/arm-atollic-eabi/6.3.1/armv7e-m/fpu\libgcc.a
LOAD c:/program files (x86)/atollic/truestudio for stm32 9.2.0/armtools/bin/../lib/gcc/arm-atollic-eabi/6.3.1/../../../../arm-atollic-eabi/lib/armv7e-m/fpu\libc_nano.a
LOAD c:/program files (x86)/atollic/truestudio for stm32 9.2.0/armtools/bin/../lib/gcc/arm-atollic-eabi/6.3.1/../../../../arm-atollic-eabi/lib/armv7e-m/fpu\libnosys.a
END GROUP
START GROUP
LOAD c:/program files (x86)/atollic/truestudio for stm32 9.2.0/armtools/bin/../lib/gcc/arm-atollic-eabi/6.3.1/armv7e-m/fpu\libgcc.a
LOAD c:/program files (x86)/atollic/truestudio for stm32 9.2.0/armtools/bin/../lib/gcc/arm-atollic-eabi/6.3.1/../../../../arm-atollic-eabi/lib/armv7e-m/fpu\libc_nano.a
LOAD c:/program files (x86)/atollic/truestudio for stm32 9.2.0/armtools/bin/../lib/gcc/arm-atollic-eabi/6.3.1/../../../../arm-atollic-eabi/lib/armv7e-m/fpu\libnosys.a
END GROUP
LOAD c:/program files (x86)/atollic/truestudio for stm32 9.2.0/armtools/bin/../lib/gcc/arm-atollic-eabi/6.3.1/armv7e-m/fpu/crtend.o
LOAD c:/program files (x86)/atollic/truestudio for stm32 9.2.0/armtools/bin/../lib/gcc/arm-atollic-eabi/6.3.1/armv7e-m/fpu/crtn.o
                0x20030000                _estack = 0x20030000
                0x00000200                _Min_Heap_Size = 0x200
                0x00000400                _Min_Stack_Size = 0x400

.isr_vector     0x08000000      0x1ac
                0x08000000                . = ALIGN (0x4)
 *(.isr_vector)
 .isr_vector    0x08000000      0x1ac startup\startup_stm32f429xx.o
                0x08000000                g_pfnVectors
                0x080001ac                . = ALIGN (0x4)

.text           0x080001b0     0xa0c4
                0x080001b0                . = ALIGN (0x4)
 *(.text)
 .text          0x080001b0       0x40 c:/program files (x86)/atollic/truestudio for stm32 9.2.0/armtools/bin/../lib/gcc/arm-atollic-eabi/6.3.1/armv7e-m/fpu/crtbegin.o
 .text          0x080001f0      0x370 c:/program files (x86)/atollic/truestudio for stm32 9.2.0/armtools/bin/../lib/gcc/arm-atollic-eabi/6.3.1/armv7e-m/fpu\libgcc.a(_arm_addsubdf3.o)
                0x080001f0                __aeabi_drsub
                0x080001f8                __aeabi_dsub
                0x080001f8                __subdf3
                0x080001fc                __aeabi_dadd
                0x080001fc                __adddf3
                0x08000474                __floatunsidf
                0x08000474                __aeabi_ui2d
                0x08000494                __floatsidf
                0x08000494                __aeabi_i2d
                0x080004b8                __aeabi_f2d
                0x080004b8                __extendsfdf2
                0x080004f4                __floatundidf
                0x080004f4                __aeabi_ul2d
                0x08000504                __floatdidf
                0x08000504                __aeabi_l2d
 .text          0x08000560      0x424 c:/program files (x86)/atollic/truestudio for stm32 9.2.0/armtools/bin/../lib/gcc/arm-atollic-eabi/6.3.1/armv7e-m/fpu\libgcc.a(_arm_muldivdf3.o)
                0x08000560                __aeabi_dmul
                0x08000560                __muldf3
                0x080007b4                __divdf3
                0x080007b4                __aeabi_ddiv
 .text          0x08000984       0xa0 c:/program files (x86)/atollic/truestudio for stm32 9.2.0/armtools/bin/../lib/gcc/arm-atollic-eabi/6.3.1/armv7e-m/fpu\libgcc.a(_arm_truncdfsf2.o)
                0x08000984                __truncdfsf2
                0x08000984                __aeabi_d2f
 .text          0x08000a24       0x30 c:/program files (x86)/atollic/truestudio for stm32 9.2.0/armtools/bin/../lib/gcc/arm-atollic-eabi/6.3.1/armv7e-m/fpu\libgcc.a(_aeabi_uldivmod.o)
                0x08000a24                __aeabi_uldivmod
 .text          0x08000a54      0x2dc c:/program files (x86)/atollic/truestudio for stm32 9.2.0/armtools/bin/../lib/gcc/arm-atollic-eabi/6.3.1/armv7e-m/fpu\libgcc.a(_udivmoddi4.o)
                0x08000a54                __udivmoddi4
 .text          0x08000d30        0x4 c:/program files (x86)/atollic/truestudio for stm32 9.2.0/armtools/bin/../lib/gcc/arm-atollic-eabi/6.3.1/armv7e-m/fpu\libgcc.a(_dvmd_tls.o)
                0x08000d30                __aeabi_idiv0
                0x08000d30                __aeabi_ldiv0
 *(.text*)
 .text.HAL_Init
                0x08000d34       0x44 Drivers\STM32F4xx_HAL_Driver\Src\stm32f4xx_hal.o
                0x08000d34                HAL_Init
 .text.HAL_IncTick
                0x08000d78       0x28 Drivers\STM32F4xx_HAL_Driver\Src\stm32f4xx_hal.o
                0x08000d78                HAL_IncTick
 .text.HAL_GetTick
                0x08000da0       0x18 Drivers\STM32F4xx_HAL_Driver\Src\stm32f4xx_hal.o
                0x08000da0                HAL_GetTick
 .text.HAL_Delay
                0x08000db8       0x44 Drivers\STM32F4xx_HAL_Driver\Src\stm32f4xx_hal.o
                0x08000db8                HAL_Delay
 .text.__NVIC_SetPriorityGrouping
                0x08000dfc       0x48 Drivers\STM32F4xx_HAL_Driver\Src\stm32f4xx_hal_cortex.o
 .text.__NVIC_GetPriorityGrouping
                0x08000e44       0x1c Drivers\STM32F4xx_HAL_Driver\Src\stm32f4xx_hal_cortex.o
 .text.__NVIC_EnableIRQ
                0x08000e60       0x3c Drivers\STM32F4xx_HAL_Driver\Src\stm32f4xx_hal_cortex.o
 .text.__NVIC_SetPriority
                0x08000e9c       0x54 Drivers\STM32F4xx_HAL_Driver\Src\stm32f4xx_hal_cortex.o
 .text.NVIC_EncodePriority
                0x08000ef0       0x62 Drivers\STM32F4xx_HAL_Driver\Src\stm32f4xx_hal_cortex.o
 .text.HAL_NVIC_SetPriorityGrouping
                0x08000f52       0x16 Drivers\STM32F4xx_HAL_Driver\Src\stm32f4xx_hal_cortex.o
                0x08000f52                HAL_NVIC_SetPriorityGrouping
 .text.HAL_NVIC_SetPriority
                0x08000f68       0x38 Drivers\STM32F4xx_HAL_Driver\Src\stm32f4xx_hal_cortex.o
                0x08000f68                HAL_NVIC_SetPriority
 .text.HAL_NVIC_EnableIRQ
                0x08000fa0       0x1c Drivers\STM32F4xx_HAL_Driver\Src\stm32f4xx_hal_cortex.o
                0x08000fa0                HAL_NVIC_EnableIRQ
 .text.HAL_DMA2D_Init
                0x08000fbc       0x92 Drivers\STM32F4xx_HAL_Driver\Src\stm32f4xx_hal_dma2d.o
                0x08000fbc                HAL_DMA2D_Init
 .text.HAL_DMA2D_Start
                0x0800104e       0x56 Drivers\STM32F4xx_HAL_Driver\Src\stm32f4xx_hal_dma2d.o
                0x0800104e                HAL_DMA2D_Start
 .text.HAL_DMA2D_PollForTransfer
                0x080010a4      0x1d2 Drivers\STM32F4xx_HAL_Driver\Src\stm32f4xx_hal_dma2d.o
                0x080010a4                HAL_DMA2D_PollForTransfer
 *fill*         0x08001276        0x2 
 .text.HAL_DMA2D_ConfigLayer
                0x08001278      0x120 Drivers\STM32F4xx_HAL_Driver\Src\stm32f4xx_hal_dma2d.o
                0x08001278                HAL_DMA2D_ConfigLayer
 .text.DMA2D_SetConfig
                0x08001398      0x138 Drivers\STM32F4xx_HAL_Driver\Src\stm32f4xx_hal_dma2d.o
 .text.HAL_GPIO_Init
                0x080014d0      0x354 Drivers\STM32F4xx_HAL_Driver\Src\stm32f4xx_hal_gpio.o
                0x080014d0                HAL_GPIO_Init
 .text.HAL_GPIO_DeInit
                0x08001824      0x218 Drivers\STM32F4xx_HAL_Driver\Src\stm32f4xx_hal_gpio.o
                0x08001824                HAL_GPIO_DeInit
 .text.HAL_GPIO_WritePin
                0x08001a3c       0x32 Drivers\STM32F4xx_HAL_Driver\Src\stm32f4xx_hal_gpio.o
                0x08001a3c                HAL_GPIO_WritePin
 *fill*         0x08001a6e        0x2 
 .text.HAL_I2C_Init
                0x08001a70      0x250 Drivers\STM32F4xx_HAL_Driver\Src\stm32f4xx_hal_i2c.o
                0x08001a70                HAL_I2C_Init
 .text.HAL_I2C_DeInit
                0x08001cc0       0x5e Drivers\STM32F4xx_HAL_Driver\Src\stm32f4xx_hal_i2c.o
                0x08001cc0                HAL_I2C_DeInit
 *fill*         0x08001d1e        0x2 
 .text.HAL_I2C_Mem_Write
                0x08001d20      0x1f4 Drivers\STM32F4xx_HAL_Driver\Src\stm32f4xx_hal_i2c.o
                0x08001d20                HAL_I2C_Mem_Write
 .text.HAL_I2C_Mem_Read
                0x08001f14      0x44c Drivers\STM32F4xx_HAL_Driver\Src\stm32f4xx_hal_i2c.o
                0x08001f14                HAL_I2C_Mem_Read
 .text.HAL_I2C_GetState
                0x08002360       0x1c Drivers\STM32F4xx_HAL_Driver\Src\stm32f4xx_hal_i2c.o
                0x08002360                HAL_I2C_GetState
 .text.I2C_RequestMemoryWrite
                0x0800237c      0x110 Drivers\STM32F4xx_HAL_Driver\Src\stm32f4xx_hal_i2c.o
 .text.I2C_RequestMemoryRead
                0x0800248c      0x1a0 Drivers\STM32F4xx_HAL_Driver\Src\stm32f4xx_hal_i2c.o
 .text.I2C_WaitOnFlagUntilTimeout
                0x0800262c       0xae Drivers\STM32F4xx_HAL_Driver\Src\stm32f4xx_hal_i2c.o
 .text.I2C_WaitOnMasterAddressFlagUntilTimeout
                0x080026da       0xfe Drivers\STM32F4xx_HAL_Driver\Src\stm32f4xx_hal_i2c.o
 .text.I2C_WaitOnTXEFlagUntilTimeout
                0x080027d8       0x82 Drivers\STM32F4xx_HAL_Driver\Src\stm32f4xx_hal_i2c.o
 .text.I2C_WaitOnBTFFlagUntilTimeout
                0x0800285a       0x82 Drivers\STM32F4xx_HAL_Driver\Src\stm32f4xx_hal_i2c.o
 .text.I2C_WaitOnRXNEFlagUntilTimeout
                0x080028dc       0xac Drivers\STM32F4xx_HAL_Driver\Src\stm32f4xx_hal_i2c.o
 .text.I2C_IsAcknowledgeFailed
                0x08002988       0x5e Drivers\STM32F4xx_HAL_Driver\Src\stm32f4xx_hal_i2c.o
 .text.HAL_I2CEx_ConfigAnalogFilter
                0x080029e6       0x78 Drivers\STM32F4xx_HAL_Driver\Src\stm32f4xx_hal_i2c_ex.o
                0x080029e6                HAL_I2CEx_ConfigAnalogFilter
 .text.HAL_I2CEx_ConfigDigitalFilter
                0x08002a5e       0x7e Drivers\STM32F4xx_HAL_Driver\Src\stm32f4xx_hal_i2c_ex.o
                0x08002a5e                HAL_I2CEx_ConfigDigitalFilter
 .text.HAL_LTDC_Init
                0x08002adc      0x1a0 Drivers\STM32F4xx_HAL_Driver\Src\stm32f4xx_hal_ltdc.o
                0x08002adc                HAL_LTDC_Init
 .text.HAL_LTDC_ConfigLayer
                0x08002c7c       0x7c Drivers\STM32F4xx_HAL_Driver\Src\stm32f4xx_hal_ltdc.o
                0x08002c7c                HAL_LTDC_ConfigLayer
 .text.HAL_LTDC_EnableDither
                0x08002cf8       0x54 Drivers\STM32F4xx_HAL_Driver\Src\stm32f4xx_hal_ltdc.o
                0x08002cf8                HAL_LTDC_EnableDither
 .text.LTDC_SetConfig
                0x08002d4c      0x342 Drivers\STM32F4xx_HAL_Driver\Src\stm32f4xx_hal_ltdc.o
 *fill*         0x0800308e        0x2 
 .text.HAL_PWREx_EnableOverDrive
                0x08003090       0xa0 Drivers\STM32F4xx_HAL_Driver\Src\stm32f4xx_hal_pwr_ex.o
                0x08003090                HAL_PWREx_EnableOverDrive
 .text.HAL_RCC_OscConfig
                0x08003130      0x484 Drivers\STM32F4xx_HAL_Driver\Src\stm32f4xx_hal_rcc.o
                0x08003130                HAL_RCC_OscConfig
 .text.HAL_RCC_ClockConfig
                0x080035b4      0x1c4 Drivers\STM32F4xx_HAL_Driver\Src\stm32f4xx_hal_rcc.o
                0x080035b4                HAL_RCC_ClockConfig
 .text.HAL_RCC_GetSysClockFreq
                0x08003778      0x1b0 Drivers\STM32F4xx_HAL_Driver\Src\stm32f4xx_hal_rcc.o
                0x08003778                HAL_RCC_GetSysClockFreq
 .text.HAL_RCC_GetHCLKFreq
                0x08003928       0x18 Drivers\STM32F4xx_HAL_Driver\Src\stm32f4xx_hal_rcc.o
                0x08003928                HAL_RCC_GetHCLKFreq
 .text.HAL_RCC_GetPCLK1Freq
                0x08003940       0x28 Drivers\STM32F4xx_HAL_Driver\Src\stm32f4xx_hal_rcc.o
                0x08003940                HAL_RCC_GetPCLK1Freq
 .text.HAL_RCC_GetPCLK2Freq
                0x08003968       0x28 Drivers\STM32F4xx_HAL_Driver\Src\stm32f4xx_hal_rcc.o
                0x08003968                HAL_RCC_GetPCLK2Freq
 .text.HAL_RCC_GetClockConfig
                0x08003990       0x64 Drivers\STM32F4xx_HAL_Driver\Src\stm32f4xx_hal_rcc.o
                0x08003990                HAL_RCC_GetClockConfig
 .text.HAL_RCCEx_PeriphCLKConfig
                0x080039f4      0x348 Drivers\STM32F4xx_HAL_Driver\Src\stm32f4xx_hal_rcc_ex.o
                0x080039f4                HAL_RCCEx_PeriphCLKConfig
 .text.HAL_SDRAM_Init
                0x08003d3c       0x68 Drivers\STM32F4xx_HAL_Driver\Src\stm32f4xx_hal_sdram.o
                0x08003d3c                HAL_SDRAM_Init
 .text.HAL_SDRAM_SendCommand
                0x08003da4       0x56 Drivers\STM32F4xx_HAL_Driver\Src\stm32f4xx_hal_sdram.o
                0x08003da4                HAL_SDRAM_SendCommand
 .text.HAL_SDRAM_ProgramRefreshRate
                0x08003dfa       0x40 Drivers\STM32F4xx_HAL_Driver\Src\stm32f4xx_hal_sdram.o
                0x08003dfa                HAL_SDRAM_ProgramRefreshRate
 .text.HAL_SPI_Init
                0x08003e3a       0xc6 Drivers\STM32F4xx_HAL_Driver\Src\stm32f4xx_hal_spi.o
                0x08003e3a                HAL_SPI_Init
 .text.HAL_SPI_DeInit
                0x08003f00       0x50 Drivers\STM32F4xx_HAL_Driver\Src\stm32f4xx_hal_spi.o
                0x08003f00                HAL_SPI_DeInit
 .text.HAL_SPI_Transmit
                0x08003f50      0x264 Drivers\STM32F4xx_HAL_Driver\Src\stm32f4xx_hal_spi.o
                0x08003f50                HAL_SPI_Transmit
 .text.HAL_SPI_Receive
                0x080041b4      0x20c Drivers\STM32F4xx_HAL_Driver\Src\stm32f4xx_hal_spi.o
                0x080041b4                HAL_SPI_Receive
 .text.HAL_SPI_TransmitReceive
                0x080043c0      0x340 Drivers\STM32F4xx_HAL_Driver\Src\stm32f4xx_hal_spi.o
                0x080043c0                HAL_SPI_TransmitReceive
 .text.HAL_SPI_GetState
                0x08004700       0x1c Drivers\STM32F4xx_HAL_Driver\Src\stm32f4xx_hal_spi.o
                0x08004700                HAL_SPI_GetState
 .text.SPI_WaitFlagStateUntilTimeout
                0x0800471c       0xd4 Drivers\STM32F4xx_HAL_Driver\Src\stm32f4xx_hal_spi.o
 .text.SPI_EndRxTransaction
                0x080047f0       0x6a Drivers\STM32F4xx_HAL_Driver\Src\stm32f4xx_hal_spi.o
 .text.SPI_EndRxTxTransaction
                0x0800485a       0x3c Drivers\STM32F4xx_HAL_Driver\Src\stm32f4xx_hal_spi.o
 .text.HAL_TIM_Base_Init
                0x08004896       0x56 Drivers\STM32F4xx_HAL_Driver\Src\stm32f4xx_hal_tim.o
                0x08004896                HAL_TIM_Base_Init
 .text.HAL_TIM_Base_MspInit
                0x080048ec       0x14 Drivers\STM32F4xx_HAL_Driver\Src\stm32f4xx_hal_tim.o
                0x080048ec                HAL_TIM_Base_MspInit
 .text.HAL_TIM_Base_Start_IT
                0x08004900       0x48 Drivers\STM32F4xx_HAL_Driver\Src\stm32f4xx_hal_tim.o
                0x08004900                HAL_TIM_Base_Start_IT
 .text.HAL_TIM_IRQHandler
                0x08004948      0x210 Drivers\STM32F4xx_HAL_Driver\Src\stm32f4xx_hal_tim.o
                0x08004948                HAL_TIM_IRQHandler
 .text.HAL_TIM_OC_DelayElapsedCallback
                0x08004b58       0x14 Drivers\STM32F4xx_HAL_Driver\Src\stm32f4xx_hal_tim.o
                0x08004b58                HAL_TIM_OC_DelayElapsedCallback
 .text.HAL_TIM_IC_CaptureCallback
                0x08004b6c       0x14 Drivers\STM32F4xx_HAL_Driver\Src\stm32f4xx_hal_tim.o
                0x08004b6c                HAL_TIM_IC_CaptureCallback
 .text.HAL_TIM_PWM_PulseFinishedCallback
                0x08004b80       0x14 Drivers\STM32F4xx_HAL_Driver\Src\stm32f4xx_hal_tim.o
                0x08004b80                HAL_TIM_PWM_PulseFinishedCallback
 .text.HAL_TIM_TriggerCallback
                0x08004b94       0x14 Drivers\STM32F4xx_HAL_Driver\Src\stm32f4xx_hal_tim.o
                0x08004b94                HAL_TIM_TriggerCallback
 .text.TIM_Base_SetConfig
                0x08004ba8      0x140 Drivers\STM32F4xx_HAL_Driver\Src\stm32f4xx_hal_tim.o
                0x08004ba8                TIM_Base_SetConfig
 .text.HAL_TIMEx_CommutCallback
                0x08004ce8       0x14 Drivers\STM32F4xx_HAL_Driver\Src\stm32f4xx_hal_tim_ex.o
                0x08004ce8                HAL_TIMEx_CommutCallback
 .text.HAL_TIMEx_BreakCallback
                0x08004cfc       0x14 Drivers\STM32F4xx_HAL_Driver\Src\stm32f4xx_hal_tim_ex.o
                0x08004cfc                HAL_TIMEx_BreakCallback
 .text.HAL_UART_Init
                0x08004d10       0x9a Drivers\STM32F4xx_HAL_Driver\Src\stm32f4xx_hal_uart.o
                0x08004d10                HAL_UART_Init
 *fill*         0x08004daa        0x2 
 .text.UART_SetConfig
                0x08004dac      0x414 Drivers\STM32F4xx_HAL_Driver\Src\stm32f4xx_hal_uart.o
 .text.FMC_SDRAM_Init
                0x080051c0       0xe6 Drivers\STM32F4xx_HAL_Driver\Src\stm32f4xx_ll_fmc.o
                0x080051c0                FMC_SDRAM_Init
 .text.FMC_SDRAM_Timing_Init
                0x080052a6       0xfe Drivers\STM32F4xx_HAL_Driver\Src\stm32f4xx_ll_fmc.o
                0x080052a6                FMC_SDRAM_Timing_Init
 .text.FMC_SDRAM_SendCommand
                0x080053a4       0x78 Drivers\STM32F4xx_HAL_Driver\Src\stm32f4xx_ll_fmc.o
                0x080053a4                FMC_SDRAM_SendCommand
 .text.FMC_SDRAM_ProgramRefreshRate
                0x0800541c       0x26 Drivers\STM32F4xx_HAL_Driver\Src\stm32f4xx_ll_fmc.o
                0x0800541c                FMC_SDRAM_ProgramRefreshRate
 .text.makeFreeRtosPriority
                0x08005442       0x30 Middlewares\Third_Party\FreeRTOS\Source\CMSIS_RTOS\cmsis_os.o
 .text.osKernelStart
                0x08005472        0xe Middlewares\Third_Party\FreeRTOS\Source\CMSIS_RTOS\cmsis_os.o
                0x08005472                osKernelStart
 .text.osThreadCreate
                0x08005480       0x4e Middlewares\Third_Party\FreeRTOS\Source\CMSIS_RTOS\cmsis_os.o
                0x08005480                osThreadCreate
 .text.osDelay  0x080054ce       0x28 Middlewares\Third_Party\FreeRTOS\Source\CMSIS_RTOS\cmsis_os.o
                0x080054ce                osDelay
 .text.vListInitialise
                0x080054f6       0x40 Middlewares\Third_Party\FreeRTOS\Source\list.o
                0x080054f6                vListInitialise
 .text.vListInitialiseItem
                0x08005536       0x1a Middlewares\Third_Party\FreeRTOS\Source\list.o
                0x08005536                vListInitialiseItem
 .text.vListInsertEnd
                0x08005550       0x48 Middlewares\Third_Party\FreeRTOS\Source\list.o
                0x08005550                vListInsertEnd
 .text.vListInsert
                0x08005598       0x72 Middlewares\Third_Party\FreeRTOS\Source\list.o
                0x08005598                vListInsert
 .text.uxListRemove
                0x0800560a       0x54 Middlewares\Third_Party\FreeRTOS\Source\list.o
                0x0800560a                uxListRemove
 *fill*         0x0800565e        0x2 
 .text.pxPortInitialiseStack
                0x08005660       0x68 Middlewares\Third_Party\FreeRTOS\Source\portable\GCC\ARM_CM4F\port.o
                0x08005660                pxPortInitialiseStack
 .text.prvTaskExitError
                0x080056c8       0x54 Middlewares\Third_Party\FreeRTOS\Source\portable\GCC\ARM_CM4F\port.o
 *fill*         0x0800571c        0x4 
 .text.SVC_Handler
                0x08005720       0x28 Middlewares\Third_Party\FreeRTOS\Source\portable\GCC\ARM_CM4F\port.o
                0x08005720                SVC_Handler
 .text.prvPortStartFirstTask
                0x08005748       0x28 Middlewares\Third_Party\FreeRTOS\Source\portable\GCC\ARM_CM4F\port.o
 .text.xPortStartScheduler
                0x08005770      0x13c Middlewares\Third_Party\FreeRTOS\Source\portable\GCC\ARM_CM4F\port.o
                0x08005770                xPortStartScheduler
 .text.vPortEnterCritical
                0x080058ac       0x5c Middlewares\Third_Party\FreeRTOS\Source\portable\GCC\ARM_CM4F\port.o
                0x080058ac                vPortEnterCritical
 .text.vPortExitCritical
                0x08005908       0x50 Middlewares\Third_Party\FreeRTOS\Source\portable\GCC\ARM_CM4F\port.o
                0x08005908                vPortExitCritical
 *fill*         0x08005958        0x8 
 .text.PendSV_Handler
                0x08005960       0x68 Middlewares\Third_Party\FreeRTOS\Source\portable\GCC\ARM_CM4F\port.o
                0x08005960                PendSV_Handler
 .text.SysTick_Handler
                0x080059c8       0x40 Middlewares\Third_Party\FreeRTOS\Source\portable\GCC\ARM_CM4F\port.o
                0x080059c8                SysTick_Handler
 .text.vPortSetupTimerInterrupt
                0x08005a08       0x48 Middlewares\Third_Party\FreeRTOS\Source\portable\GCC\ARM_CM4F\port.o
                0x08005a08                vPortSetupTimerInterrupt
 .text.vPortEnableVFP
                0x08005a50       0x14 Middlewares\Third_Party\FreeRTOS\Source\portable\GCC\ARM_CM4F\port.o
 .text.pvPortMalloc
                0x08005a64      0x184 Middlewares\Third_Party\FreeRTOS\Source\portable\MemMang\heap_4.o
                0x08005a64                pvPortMalloc
 .text.vPortFree
                0x08005be8       0xb0 Middlewares\Third_Party\FreeRTOS\Source\portable\MemMang\heap_4.o
                0x08005be8                vPortFree
 .text.prvHeapInit
                0x08005c98       0xc4 Middlewares\Third_Party\FreeRTOS\Source\portable\MemMang\heap_4.o
 .text.prvInsertBlockIntoFreeList
                0x08005d5c       0xb4 Middlewares\Third_Party\FreeRTOS\Source\portable\MemMang\heap_4.o
 .text.xTaskCreate
                0x08005e10       0x82 Middlewares\Third_Party\FreeRTOS\Source\tasks.o
                0x08005e10                xTaskCreate
 .text.prvInitialiseNewTask
                0x08005e92       0xfc Middlewares\Third_Party\FreeRTOS\Source\tasks.o
 *fill*         0x08005f8e        0x2 
 .text.prvAddNewTaskToReadyList
                0x08005f90       0xd4 Middlewares\Third_Party\FreeRTOS\Source\tasks.o
 .text.vTaskDelay
                0x08006064       0x68 Middlewares\Third_Party\FreeRTOS\Source\tasks.o
                0x08006064                vTaskDelay
 .text.vTaskStartScheduler
                0x080060cc       0x8c Middlewares\Third_Party\FreeRTOS\Source\tasks.o
                0x080060cc                vTaskStartScheduler
 .text.vTaskSuspendAll
                0x08006158       0x1c Middlewares\Third_Party\FreeRTOS\Source\tasks.o
                0x08006158                vTaskSuspendAll
 .text.xTaskResumeAll
                0x08006174      0x138 Middlewares\Third_Party\FreeRTOS\Source\tasks.o
                0x08006174                xTaskResumeAll
 .text.xTaskIncrementTick
                0x080062ac      0x178 Middlewares\Third_Party\FreeRTOS\Source\tasks.o
                0x080062ac                xTaskIncrementTick
 .text.vTaskSwitchContext
                0x08006424       0xb4 Middlewares\Third_Party\FreeRTOS\Source\tasks.o
                0x08006424                vTaskSwitchContext
 .text.prvIdleTask
                0x080064d8       0x30 Middlewares\Third_Party\FreeRTOS\Source\tasks.o
 .text.prvInitialiseTaskLists
                0x08006508       0x80 Middlewares\Third_Party\FreeRTOS\Source\tasks.o
 .text.prvCheckTasksWaitingTermination
                0x08006588       0x58 Middlewares\Third_Party\FreeRTOS\Source\tasks.o
 .text.prvDeleteTCB
                0x080065e0       0x20 Middlewares\Third_Party\FreeRTOS\Source\tasks.o
 .text.prvResetNextTaskUnblockTime
                0x08006600       0x4c Middlewares\Third_Party\FreeRTOS\Source\tasks.o
 .text.prvAddCurrentTaskToDelayedList
                0x0800664c       0xcc Middlewares\Third_Party\FreeRTOS\Source\tasks.o
 .text.MX_DMA2D_Init
                0x08006718       0x3c Src\dma2d.o
                0x08006718                MX_DMA2D_Init
 .text.HAL_DMA2D_MspInit
                0x08006754       0x44 Src\dma2d.o
                0x08006754                HAL_DMA2D_MspInit
 .text.MX_FMC_Init
                0x08006798       0x8c Src\fmc.o
                0x08006798                MX_FMC_Init
 .text.HAL_FMC_MspInit
                0x08006824      0x118 Src\fmc.o
 .text.HAL_SDRAM_MspInit
                0x0800693c       0x14 Src\fmc.o
                0x0800693c                HAL_SDRAM_MspInit
 .text.MX_FREERTOS_Init
                0x08006950       0xe0 Src\freertos.o
                0x08006950                MX_FREERTOS_Init
 .text.StartLCD_handling
                0x08006a30       0x4c Src\freertos.o
                0x08006a30                StartLCD_handling
 .text.StartTS_handling
                0x08006a7c       0x48 Src\freertos.o
                0x08006a7c                StartTS_handling
 .text.StartMPU_handling
                0x08006ac4       0x28 Src\freertos.o
                0x08006ac4                StartMPU_handling
 .text.StartGAME_master
                0x08006aec       0x10 Src\freertos.o
                0x08006aec                StartGAME_master
 .text.MX_GPIO_Init
                0x08006afc      0x25c Src\gpio.o
                0x08006afc                MX_GPIO_Init
 .text.writegyro
                0x08006d58       0x5c Src\gyro.o
                0x08006d58                writegyro
 .text.readgyro
                0x08006db4       0x6c Src\gyro.o
                0x08006db4                readgyro
 .text.gyro_init
                0x08006e20       0x58 Src\gyro.o
                0x08006e20                gyro_init
 .text.read_gyro
                0x08006e78      0x414 Src\gyro.o
                0x08006e78                read_gyro
 .text.MX_I2C3_Init
                0x0800728c       0x80 Src\i2c.o
                0x0800728c                MX_I2C3_Init
 .text.HAL_I2C_MspInit
                0x0800730c       0xd4 Src\i2c.o
                0x0800730c                HAL_I2C_MspInit
 .text.HAL_I2C_MspDeInit
                0x080073e0       0x4c Src\i2c.o
                0x080073e0                HAL_I2C_MspDeInit
 .text.ili9341_Init
                0x0800742c      0x294 Src\ili9341.o
                0x0800742c                ili9341_Init
 .text.ili9341_ReadID
                0x080076c0       0x18 Src\ili9341.o
                0x080076c0                ili9341_ReadID
 .text.ili9341_DisplayOn
                0x080076d8        0xe Src\ili9341.o
                0x080076d8                ili9341_DisplayOn
 .text.ili9341_DisplayOff
                0x080076e6        0xe Src\ili9341.o
                0x080076e6                ili9341_DisplayOff
 .text.ili9341_WriteReg
                0x080076f4       0x1a Src\ili9341.o
                0x080076f4                ili9341_WriteReg
 .text.ili9341_WriteData
                0x0800770e       0x1a Src\ili9341.o
                0x0800770e                ili9341_WriteData
 .text.ili9341_ReadData
                0x08007728       0x26 Src\ili9341.o
                0x08007728                ili9341_ReadData
 .text.ili9341_GetLcdPixelWidth
                0x0800774e       0x10 Src\ili9341.o
                0x0800774e                ili9341_GetLcdPixelWidth
 .text.ili9341_GetLcdPixelHeight
                0x0800775e       0x12 Src\ili9341.o
                0x0800775e                ili9341_GetLcdPixelHeight
 .text.initMenu
                0x08007770       0x2c Src\interface.o
                0x08007770                initMenu
 .text.screenRefresh
                0x0800779c       0x30 Src\interface.o
                0x0800779c                screenRefresh
 .text.DrawButton
                0x080077cc       0x64 Src\interface.o
                0x080077cc                DrawButton
 .text.Display  0x08007830       0x48 Src\interface.o
                0x08007830                Display
 .text.Service  0x08007878       0x3c Src\interface.o
                0x08007878                Service
 .text.Display_Intro
                0x080078b4      0x244 Src\interface.o
                0x080078b4                Display_Intro
 .text.Display_Menu
                0x08007af8       0x64 Src\interface.o
                0x08007af8                Display_Menu
 .text.Display_Start
                0x08007b5c       0x68 Src\interface.o
                0x08007b5c                Display_Start
 .text.Display_Odczyty
                0x08007bc4       0x8c Src\interface.o
                0x08007bc4                Display_Odczyty
 .text.Display_Onas
                0x08007c50       0x7c Src\interface.o
                0x08007c50                Display_Onas
 .text.menuService
                0x08007ccc       0x98 Src\interface.o
                0x08007ccc                menuService
 .text.startService
                0x08007d64       0x48 Src\interface.o
                0x08007d64                startService
 .text.odczytyService
                0x08007dac       0x48 Src\interface.o
                0x08007dac                odczytyService
 .text.onasService
                0x08007df4       0x48 Src\interface.o
                0x08007df4                onasService
 .text.MX_LTDC_Init
                0x08007e3c      0x164 Src\ltdc.o
                0x08007e3c                MX_LTDC_Init
 .text.HAL_LTDC_MspInit
                0x08007fa0      0x21c Src\ltdc.o
                0x08007fa0                HAL_LTDC_MspInit
 .text.main     0x080081bc       0x50 Src\main.o
                0x080081bc                main
 .text.SystemClock_Config
                0x0800820c      0x114 Src\main.o
                0x0800820c                SystemClock_Config
 .text.initPointers
                0x08008320       0x50 Src\main.o
                0x08008320                initPointers
 .text.ltdc_finishConfig
                0x08008370       0x3c Src\main.o
                0x08008370                ltdc_finishConfig
 .text.ts_init  0x080083ac       0x22 Src\main.o
                0x080083ac                ts_init
 *fill*         0x080083ce        0x2 
 .text.HAL_TIM_PeriodElapsedCallback
                0x080083d0       0x24 Src\main.o
                0x080083d0                HAL_TIM_PeriodElapsedCallback
 .text.Error_Handler
                0x080083f4        0xe Src\main.o
                0x080083f4                Error_Handler
 *fill*         0x08008402        0x2 
 .text.MX_SPI5_Init
                0x08008404       0x6c Src\spi.o
                0x08008404                MX_SPI5_Init
 .text.HAL_SPI_MspInit
                0x08008470       0x90 Src\spi.o
                0x08008470                HAL_SPI_MspInit
 .text.HAL_SPI_MspDeInit
                0x08008500       0x3c Src\spi.o
                0x08008500                HAL_SPI_MspDeInit
 .text.I2Cx_MspInit
                0x0800853c       0xec Src\stm32f429i_discovery.o
 .text.I2Cx_Init
                0x08008628       0x64 Src\stm32f429i_discovery.o
 .text.I2Cx_ITConfig
                0x0800868c       0x64 Src\stm32f429i_discovery.o
 .text.I2Cx_WriteData
                0x080086f0       0x54 Src\stm32f429i_discovery.o
 .text.I2Cx_ReadData
                0x08008744       0x58 Src\stm32f429i_discovery.o
 .text.I2Cx_ReadBuffer
                0x0800879c       0x5c Src\stm32f429i_discovery.o
 .text.I2Cx_Error
                0x080087f8       0x18 Src\stm32f429i_discovery.o
 .text.SPIx_Init
                0x08008810       0x74 Src\stm32f429i_discovery.o
 .text.SPIx_Read
                0x08008884       0x40 Src\stm32f429i_discovery.o
 .text.SPIx_Write
                0x080088c4       0x3c Src\stm32f429i_discovery.o
 .text.SPIx_Error
                0x08008900       0x18 Src\stm32f429i_discovery.o
 .text.SPIx_MspInit
                0x08008918       0x74 Src\stm32f429i_discovery.o
 .text.LCD_IO_Init
                0x0800898c       0xf0 Src\stm32f429i_discovery.o
                0x0800898c                LCD_IO_Init
 .text.LCD_IO_WriteData
                0x08008a7c       0x44 Src\stm32f429i_discovery.o
                0x08008a7c                LCD_IO_WriteData
 .text.LCD_IO_WriteReg
                0x08008ac0       0x44 Src\stm32f429i_discovery.o
                0x08008ac0                LCD_IO_WriteReg
 .text.LCD_IO_ReadData
                0x08008b04       0x64 Src\stm32f429i_discovery.o
                0x08008b04                LCD_IO_ReadData
 .text.LCD_Delay
                0x08008b68       0x16 Src\stm32f429i_discovery.o
                0x08008b68                LCD_Delay
 .text.IOE_Init
                0x08008b7e        0xc Src\stm32f429i_discovery.o
                0x08008b7e                IOE_Init
 .text.IOE_ITConfig
                0x08008b8a        0xc Src\stm32f429i_discovery.o
                0x08008b8a                IOE_ITConfig
 .text.IOE_Write
                0x08008b96       0x26 Src\stm32f429i_discovery.o
                0x08008b96                IOE_Write
 .text.IOE_Read
                0x08008bbc       0x26 Src\stm32f429i_discovery.o
                0x08008bbc                IOE_Read
 .text.IOE_ReadMultiple
                0x08008be2       0x2e Src\stm32f429i_discovery.o
                0x08008be2                IOE_ReadMultiple
 .text.IOE_Delay
                0x08008c10       0x16 Src\stm32f429i_discovery.o
                0x08008c10                IOE_Delay
 *fill*         0x08008c26        0x2 
 .text.LTDCSetup
                0x08008c28       0x20 Src\stm32f429i_discovery_lcd.o
                0x08008c28                LTDCSetup
 .text.DMASetup
                0x08008c48       0x20 Src\stm32f429i_discovery_lcd.o
                0x08008c48                DMASetup
 .text.initILI9341
                0x08008c68       0x20 Src\stm32f429i_discovery_lcd.o
                0x08008c68                initILI9341
 .text.BSP_LCD_GetXSize
                0x08008c88       0x18 Src\stm32f429i_discovery_lcd.o
                0x08008c88                BSP_LCD_GetXSize
 .text.BSP_LCD_GetYSize
                0x08008ca0       0x18 Src\stm32f429i_discovery_lcd.o
                0x08008ca0                BSP_LCD_GetYSize
 .text.BSP_LCD_LayerDefaultInit
                0x08008cb8       0xcc Src\stm32f429i_discovery_lcd.o
                0x08008cb8                BSP_LCD_LayerDefaultInit
 .text.BSP_LCD_SelectLayer
                0x08008d84       0x20 Src\stm32f429i_discovery_lcd.o
                0x08008d84                BSP_LCD_SelectLayer
 .text.BSP_LCD_SetTextColor
                0x08008da4       0x30 Src\stm32f429i_discovery_lcd.o
                0x08008da4                BSP_LCD_SetTextColor
 .text.BSP_LCD_SetBackColor
                0x08008dd4       0x34 Src\stm32f429i_discovery_lcd.o
                0x08008dd4                BSP_LCD_SetBackColor
 .text.BSP_LCD_SetFont
                0x08008e08       0x34 Src\stm32f429i_discovery_lcd.o
                0x08008e08                BSP_LCD_SetFont
 .text.BSP_LCD_Clear
                0x08008e3c       0x54 Src\stm32f429i_discovery_lcd.o
                0x08008e3c                BSP_LCD_Clear
 .text.BSP_LCD_DisplayChar
                0x08008e90       0x88 Src\stm32f429i_discovery_lcd.o
                0x08008e90                BSP_LCD_DisplayChar
 .text.BSP_LCD_DisplayStringAt
                0x08008f18      0x174 Src\stm32f429i_discovery_lcd.o
                0x08008f18                BSP_LCD_DisplayStringAt
 .text.BSP_LCD_DrawHLine
                0x0800908c       0x80 Src\stm32f429i_discovery_lcd.o
                0x0800908c                BSP_LCD_DrawHLine
 .text.BSP_LCD_DrawCircle
                0x0800910c      0x1e0 Src\stm32f429i_discovery_lcd.o
                0x0800910c                BSP_LCD_DrawCircle
 .text.BSP_LCD_FillRect
                0x080092ec       0xb4 Src\stm32f429i_discovery_lcd.o
                0x080092ec                BSP_LCD_FillRect
 .text.BSP_LCD_FillCircle
                0x080093a0      0x140 Src\stm32f429i_discovery_lcd.o
                0x080093a0                BSP_LCD_FillCircle
 .text.BSP_LCD_DrawPixel
                0x080094e0       0x50 Src\stm32f429i_discovery_lcd.o
                0x080094e0                BSP_LCD_DrawPixel
 .text.DrawChar
                0x08009530      0x174 Src\stm32f429i_discovery_lcd.o
 .text.FillBuffer
                0x080096a4       0x7c Src\stm32f429i_discovery_lcd.o
 .text.RAMSetup
                0x08009720       0x20 Src\stm32f429i_discovery_sdram.o
                0x08009720                RAMSetup
 .text.BSP_SDRAM_Initialization_sequence
                0x08009740       0xd4 Src\stm32f429i_discovery_sdram.o
                0x08009740                BSP_SDRAM_Initialization_sequence
 .text.BSP_TS_Init
                0x08009814       0x74 Src\stm32f429i_discovery_ts.o
                0x08009814                BSP_TS_Init
 .text.BSP_TS_GetState
                0x08009888      0x164 Src\stm32f429i_discovery_ts.o
                0x08009888                BSP_TS_GetState
 .text.HAL_MspInit
                0x080099ec       0x58 Src\stm32f4xx_hal_msp.o
                0x080099ec                HAL_MspInit
 .text.HAL_InitTick
                0x08009a44       0xb4 Src\stm32f4xx_hal_timebase_tim.o
                0x08009a44                HAL_InitTick
 .text.NMI_Handler
                0x08009af8        0xe Src\stm32f4xx_it.o
                0x08009af8                NMI_Handler
 .text.HardFault_Handler
                0x08009b06        0x6 Src\stm32f4xx_it.o
                0x08009b06                HardFault_Handler
 .text.MemManage_Handler
                0x08009b0c        0x6 Src\stm32f4xx_it.o
                0x08009b0c                MemManage_Handler
 .text.BusFault_Handler
                0x08009b12        0x6 Src\stm32f4xx_it.o
                0x08009b12                BusFault_Handler
 .text.UsageFault_Handler
                0x08009b18        0x6 Src\stm32f4xx_it.o
                0x08009b18                UsageFault_Handler
 .text.DebugMon_Handler
                0x08009b1e        0xe Src\stm32f4xx_it.o
                0x08009b1e                DebugMon_Handler
 .text.TIM6_DAC_IRQHandler
                0x08009b2c       0x14 Src\stm32f4xx_it.o
                0x08009b2c                TIM6_DAC_IRQHandler
 .text.stmpe811_Init
                0x08009b40       0x50 Src\stmpe811.o
                0x08009b40                stmpe811_Init
 .text.stmpe811_Reset
                0x08009b90       0x3a Src\stmpe811.o
                0x08009b90                stmpe811_Reset
 .text.stmpe811_ReadID
                0x08009bca       0x3e Src\stmpe811.o
                0x08009bca                stmpe811_ReadID
 .text.stmpe811_EnableGlobalIT
                0x08009c08       0x3c Src\stmpe811.o
                0x08009c08                stmpe811_EnableGlobalIT
 .text.stmpe811_DisableGlobalIT
                0x08009c44       0x3c Src\stmpe811.o
                0x08009c44                stmpe811_DisableGlobalIT
 .text.stmpe811_EnableITSource
                0x08009c80       0x42 Src\stmpe811.o
                0x08009c80                stmpe811_EnableITSource
 .text.stmpe811_DisableITSource
                0x08009cc2       0x4c Src\stmpe811.o
                0x08009cc2                stmpe811_DisableITSource
 .text.stmpe811_ReadGITStatus
                0x08009d0e       0x2e Src\stmpe811.o
                0x08009d0e                stmpe811_ReadGITStatus
 .text.stmpe811_ClearGlobalIT
                0x08009d3c       0x26 Src\stmpe811.o
                0x08009d3c                stmpe811_ClearGlobalIT
 .text.stmpe811_IO_EnableAF
                0x08009d62       0x48 Src\stmpe811.o
                0x08009d62                stmpe811_IO_EnableAF
 .text.stmpe811_TS_Start
                0x08009daa       0xf0 Src\stmpe811.o
                0x08009daa                stmpe811_TS_Start
 .text.stmpe811_TS_DetectTouch
                0x08009e9a       0x70 Src\stmpe811.o
                0x08009e9a                stmpe811_TS_DetectTouch
 .text.stmpe811_TS_GetXY
                0x08009f0a       0x72 Src\stmpe811.o
                0x08009f0a                stmpe811_TS_GetXY
 .text.stmpe811_TS_EnableIT
                0x08009f7c       0x28 Src\stmpe811.o
                0x08009f7c                stmpe811_TS_EnableIT
 .text.stmpe811_TS_DisableIT
                0x08009fa4       0x24 Src\stmpe811.o
                0x08009fa4                stmpe811_TS_DisableIT
 .text.stmpe811_TS_ITStatus
                0x08009fc8       0x1e Src\stmpe811.o
                0x08009fc8                stmpe811_TS_ITStatus
 .text.stmpe811_TS_ClearIT
                0x08009fe6       0x1c Src\stmpe811.o
                0x08009fe6                stmpe811_TS_ClearIT
 *fill*         0x0800a002        0x2 
 .text.stmpe811_GetInstance
                0x0800a004       0x44 Src\stmpe811.o
 .text.SystemInit
                0x0800a048       0x6c Src\system_stm32f4xx.o
                0x0800a048                SystemInit
 .text.MX_USART1_UART_Init
                0x0800a0b4       0x54 Src\usart.o
                0x0800a0b4                MX_USART1_UART_Init
 .text.HAL_UART_MspInit
                0x0800a108       0x90 Src\usart.o
                0x0800a108                HAL_UART_MspInit
 .text.Reset_Handler
                0x0800a198       0x50 startup\startup_stm32f429xx.o
                0x0800a198                Reset_Handler
 .text.Default_Handler
                0x0800a1e8        0x2 startup\startup_stm32f429xx.o
                0x0800a1e8                RTC_Alarm_IRQHandler
                0x0800a1e8                HASH_RNG_IRQHandler
                0x0800a1e8                EXTI2_IRQHandler
                0x0800a1e8                TIM8_CC_IRQHandler
                0x0800a1e8                UART8_IRQHandler
                0x0800a1e8                SPI4_IRQHandler
                0x0800a1e8                TIM1_CC_IRQHandler
                0x0800a1e8                DMA2_Stream5_IRQHandler
                0x0800a1e8                DMA1_Stream5_IRQHandler
                0x0800a1e8                PVD_IRQHandler
                0x0800a1e8                SDIO_IRQHandler
                0x0800a1e8                TAMP_STAMP_IRQHandler
                0x0800a1e8                CAN2_RX1_IRQHandler
                0x0800a1e8                EXTI3_IRQHandler
                0x0800a1e8                TIM8_TRG_COM_TIM14_IRQHandler
                0x0800a1e8                TIM1_UP_TIM10_IRQHandler
                0x0800a1e8                TIM8_UP_TIM13_IRQHandler
                0x0800a1e8                I2C3_ER_IRQHandler
                0x0800a1e8                EXTI0_IRQHandler
                0x0800a1e8                I2C2_EV_IRQHandler
                0x0800a1e8                DMA1_Stream2_IRQHandler
                0x0800a1e8                CAN1_RX0_IRQHandler
                0x0800a1e8                FPU_IRQHandler
                0x0800a1e8                OTG_HS_WKUP_IRQHandler
                0x0800a1e8                LTDC_ER_IRQHandler
                0x0800a1e8                CAN2_SCE_IRQHandler
                0x0800a1e8                DMA2_Stream2_IRQHandler
                0x0800a1e8                SPI1_IRQHandler
                0x0800a1e8                TIM1_BRK_TIM9_IRQHandler
                0x0800a1e8                DCMI_IRQHandler
                0x0800a1e8                CAN2_RX0_IRQHandler
                0x0800a1e8                DMA2_Stream3_IRQHandler
                0x0800a1e8                USART6_IRQHandler
                0x0800a1e8                USART3_IRQHandler
                0x0800a1e8                CAN1_RX1_IRQHandler
                0x0800a1e8                UART5_IRQHandler
                0x0800a1e8                DMA2_Stream0_IRQHandler
                0x0800a1e8                TIM4_IRQHandler
                0x0800a1e8                I2C1_EV_IRQHandler
                0x0800a1e8                DMA1_Stream6_IRQHandler
                0x0800a1e8                DMA1_Stream1_IRQHandler
                0x0800a1e8                UART4_IRQHandler
                0x0800a1e8                TIM3_IRQHandler
                0x0800a1e8                RCC_IRQHandler
                0x0800a1e8                TIM8_BRK_TIM12_IRQHandler
                0x0800a1e8                Default_Handler
                0x0800a1e8                EXTI15_10_IRQHandler
                0x0800a1e8                ADC_IRQHandler
                0x0800a1e8                DMA1_Stream7_IRQHandler
                0x0800a1e8                SPI5_IRQHandler
                0x0800a1e8                TIM7_IRQHandler
                0x0800a1e8                CAN2_TX_IRQHandler
                0x0800a1e8                TIM5_IRQHandler
                0x0800a1e8                DMA2_Stream7_IRQHandler
                0x0800a1e8                I2C3_EV_IRQHandler
                0x0800a1e8                EXTI9_5_IRQHandler
                0x0800a1e8                RTC_WKUP_IRQHandler
                0x0800a1e8                LTDC_IRQHandler
                0x0800a1e8                ETH_WKUP_IRQHandler
                0x0800a1e8                SPI2_IRQHandler
                0x0800a1e8                OTG_HS_EP1_IN_IRQHandler
                0x0800a1e8                DMA1_Stream0_IRQHandler
                0x0800a1e8                CAN1_TX_IRQHandler
                0x0800a1e8                EXTI4_IRQHandler
                0x0800a1e8                ETH_IRQHandler
                0x0800a1e8                OTG_HS_EP1_OUT_IRQHandler
                0x0800a1e8                WWDG_IRQHandler
                0x0800a1e8                SPI6_IRQHandler
                0x0800a1e8                TIM2_IRQHandler
                0x0800a1e8                OTG_FS_WKUP_IRQHandler
                0x0800a1e8                TIM1_TRG_COM_TIM11_IRQHandler
                0x0800a1e8                OTG_HS_IRQHandler
                0x0800a1e8                DMA2D_IRQHandler
                0x0800a1e8                EXTI1_IRQHandler
                0x0800a1e8                UART7_IRQHandler
                0x0800a1e8                USART2_IRQHandler
                0x0800a1e8                I2C2_ER_IRQHandler
                0x0800a1e8                DMA2_Stream1_IRQHandler
                0x0800a1e8                CAN1_SCE_IRQHandler
                0x0800a1e8                FLASH_IRQHandler
                0x0800a1e8                DMA2_Stream4_IRQHandler
                0x0800a1e8                USART1_IRQHandler
                0x0800a1e8                OTG_FS_IRQHandler
                0x0800a1e8                SPI3_IRQHandler
                0x0800a1e8                DMA1_Stream4_IRQHandler
                0x0800a1e8                I2C1_ER_IRQHandler
                0x0800a1e8                FMC_IRQHandler
                0x0800a1e8                DMA2_Stream6_IRQHandler
                0x0800a1e8                SAI1_IRQHandler
                0x0800a1e8                DMA1_Stream3_IRQHandler
 *fill*         0x0800a1ea        0x2 
 .text.__libc_init_array
                0x0800a1ec       0x48 c:/program files (x86)/atollic/truestudio for stm32 9.2.0/armtools/bin/../lib/gcc/arm-atollic-eabi/6.3.1/../../../../arm-atollic-eabi/lib/armv7e-m/fpu\libc_nano.a(lib_a-init.o)
                0x0800a1ec                __libc_init_array
 .text.memcpy   0x0800a234       0x16 c:/program files (x86)/atollic/truestudio for stm32 9.2.0/armtools/bin/../lib/gcc/arm-atollic-eabi/6.3.1/../../../../arm-atollic-eabi/lib/armv7e-m/fpu\libc_nano.a(lib_a-memcpy-stub.o)
                0x0800a234                memcpy
 .text.memset   0x0800a24a       0x10 c:/program files (x86)/atollic/truestudio for stm32 9.2.0/armtools/bin/../lib/gcc/arm-atollic-eabi/6.3.1/../../../../arm-atollic-eabi/lib/armv7e-m/fpu\libc_nano.a(lib_a-memset.o)
                0x0800a24a                memset
 *(.glue_7)
 .glue_7        0x0800a25a        0x0 linker stubs
 *(.glue_7t)
 .glue_7t       0x0800a25a        0x0 linker stubs
 *(.eh_frame)
 *fill*         0x0800a25a        0x2 
 .eh_frame      0x0800a25c        0x0 c:/program files (x86)/atollic/truestudio for stm32 9.2.0/armtools/bin/../lib/gcc/arm-atollic-eabi/6.3.1/armv7e-m/fpu/crtbegin.o
 *(.init)
 .init          0x0800a25c        0x4 c:/program files (x86)/atollic/truestudio for stm32 9.2.0/armtools/bin/../lib/gcc/arm-atollic-eabi/6.3.1/armv7e-m/fpu/crti.o
                0x0800a25c                _init
 .init          0x0800a260        0x8 c:/program files (x86)/atollic/truestudio for stm32 9.2.0/armtools/bin/../lib/gcc/arm-atollic-eabi/6.3.1/armv7e-m/fpu/crtn.o
 *(.fini)
 .fini          0x0800a268        0x4 c:/program files (x86)/atollic/truestudio for stm32 9.2.0/armtools/bin/../lib/gcc/arm-atollic-eabi/6.3.1/armv7e-m/fpu/crti.o
                0x0800a268                _fini
 .fini          0x0800a26c        0x8 c:/program files (x86)/atollic/truestudio for stm32 9.2.0/armtools/bin/../lib/gcc/arm-atollic-eabi/6.3.1/armv7e-m/fpu/crtn.o
                0x0800a274                . = ALIGN (0x4)
                0x0800a274                _etext = .

.vfp11_veneer   0x0800a274        0x0
 .vfp11_veneer  0x0800a274        0x0 linker stubs

.v4_bx          0x0800a274        0x0
 .v4_bx         0x0800a274        0x0 linker stubs

.iplt           0x0800a274        0x0
 .iplt          0x0800a274        0x0 c:/program files (x86)/atollic/truestudio for stm32 9.2.0/armtools/bin/../lib/gcc/arm-atollic-eabi/6.3.1/armv7e-m/fpu/crtbegin.o

.rodata         0x0800a274     0x27ec
                0x0800a274                . = ALIGN (0x4)
 *(.rodata)
 .rodata        0x0800a274        0x5 Middlewares\Third_Party\FreeRTOS\Source\tasks.o
 *fill*         0x0800a279        0x3 
 .rodata        0x0800a27c       0x90 Src\freertos.o
 .rodata        0x0800a30c       0xa1 Src\interface.o
 *(.rodata*)
 *fill*         0x0800a3ad        0x3 
 .rodata.Font16_Table
                0x0800a3b0      0xbe0 Src\font16.o
                0x0800a3b0                Font16_Table
 .rodata.Font24_Table
                0x0800af90     0x1ab8 Src\font24.o
                0x0800af90                Font24_Table
 .rodata.AHBPrescTable
                0x0800ca48       0x10 Src\system_stm32f4xx.o
                0x0800ca48                AHBPrescTable
 .rodata.APBPrescTable
                0x0800ca58        0x8 Src\system_stm32f4xx.o
                0x0800ca58                APBPrescTable
                0x0800ca60                . = ALIGN (0x4)

.ARM.extab
 *(.ARM.extab* .gnu.linkonce.armextab.*)

.ARM            0x0800ca60        0x8
                0x0800ca60                __exidx_start = .
 *(.ARM.exidx*)
 .ARM.exidx     0x0800ca60        0x8 c:/program files (x86)/atollic/truestudio for stm32 9.2.0/armtools/bin/../lib/gcc/arm-atollic-eabi/6.3.1/armv7e-m/fpu\libgcc.a(_udivmoddi4.o)
                0x0800ca68                __exidx_end = .

.rel.dyn        0x0800ca68        0x0
 .rel.iplt      0x0800ca68        0x0 c:/program files (x86)/atollic/truestudio for stm32 9.2.0/armtools/bin/../lib/gcc/arm-atollic-eabi/6.3.1/armv7e-m/fpu/crtbegin.o

.preinit_array  0x0800ca68        0x0
                0x0800ca68                PROVIDE (__preinit_array_start, .)
 *(.preinit_array*)
                0x0800ca68                PROVIDE (__preinit_array_end, .)

.init_array     0x0800ca68        0x4
                0x0800ca68                PROVIDE (__init_array_start, .)
 *(SORT(.init_array.*))
 *(.init_array*)
 .init_array    0x0800ca68        0x4 c:/program files (x86)/atollic/truestudio for stm32 9.2.0/armtools/bin/../lib/gcc/arm-atollic-eabi/6.3.1/armv7e-m/fpu/crtbegin.o
                0x0800ca6c                PROVIDE (__init_array_end, .)

.fini_array     0x0800ca6c        0x4
                [!provide]                PROVIDE (__fini_array_start, .)
 *(SORT(.fini_array.*))
 *(.fini_array*)
 .fini_array    0x0800ca6c        0x4 c:/program files (x86)/atollic/truestudio for stm32 9.2.0/armtools/bin/../lib/gcc/arm-atollic-eabi/6.3.1/armv7e-m/fpu/crtbegin.o
                [!provide]                PROVIDE (__fini_array_end, .)
                0x0800ca70                _sidata = LOADADDR (.data)

.data           0x20000000       0x98 load address 0x0800ca70
                0x20000000                . = ALIGN (0x4)
                0x20000000                _sdata = .
 *(.data)
 *(.data*)
 .data.uwTickFreq
                0x20000000        0x1 Drivers\STM32F4xx_HAL_Driver\Src\stm32f4xx_hal.o
                0x20000000                uwTickFreq
 *fill*         0x20000001        0x3 
 .data.uxCriticalNesting
                0x20000004        0x4 Middlewares\Third_Party\FreeRTOS\Source\portable\GCC\ARM_CM4F\port.o
 .data.Font16   0x20000008        0x8 Src\font16.o
                0x20000008                Font16
 .data.Font24   0x20000010        0x8 Src\font24.o
                0x20000010                Font24
 .data.time_delay.10852
                0x20000018        0x4 Src\gyro.o
 .data.ili9341_drv
                0x2000001c       0x38 Src\ili9341.o
                0x2000001c                ili9341_drv
 .data.switchingMENU_flag
                0x20000054        0x4 Src\interface.o
                0x20000054                switchingMENU_flag
 .data.switchingSTART_flag
                0x20000058        0x4 Src\interface.o
                0x20000058                switchingSTART_flag
 .data.switchingODCZYTY_flag
                0x2000005c        0x4 Src\interface.o
                0x2000005c                switchingODCZYTY_flag
 .data.switchingONAS_flag
                0x20000060        0x4 Src\interface.o
                0x20000060                switchingONAS_flag
 .data.I2cxTimeout
                0x20000064        0x4 Src\stm32f429i_discovery.o
                0x20000064                I2cxTimeout
 .data.SpixTimeout
                0x20000068        0x4 Src\stm32f429i_discovery.o
                0x20000068                SpixTimeout
 .data.stmpe811_ts_drv
                0x2000006c       0x28 Src\stmpe811.o
                0x2000006c                stmpe811_ts_drv
 .data.SystemCoreClock
                0x20000094        0x4 Src\system_stm32f4xx.o
                0x20000094                SystemCoreClock
                0x20000098                . = ALIGN (0x4)
                0x20000098                _edata = .
                0x0800cb08                _siccmram = LOADADDR (.ccmram)

.igot.plt       0x20000098        0x0 load address 0x0800cb08
 .igot.plt      0x20000098        0x0 c:/program files (x86)/atollic/truestudio for stm32 9.2.0/armtools/bin/../lib/gcc/arm-atollic-eabi/6.3.1/armv7e-m/fpu/crtbegin.o

.ccmram         0x10000000        0x0 load address 0x0800cb08
                0x10000000                . = ALIGN (0x4)
                0x10000000                _sccmram = .
 *(.ccmram)
 *(.ccmram*)
                0x10000000                . = ALIGN (0x4)
                0x10000000                _eccmram = .
                0x10000000                . = ALIGN (0x4)

.bss            0x20000098     0x4178
                0x20000098                _sbss = .
                0x20000098                __bss_start__ = _sbss
 *(.bss)
 .bss           0x20000098       0x1c c:/program files (x86)/atollic/truestudio for stm32 9.2.0/armtools/bin/../lib/gcc/arm-atollic-eabi/6.3.1/armv7e-m/fpu/crtbegin.o
 *(.bss*)
 .bss.ucMaxSysCallPriority
                0x200000b4        0x1 Middlewares\Third_Party\FreeRTOS\Source\portable\GCC\ARM_CM4F\port.o
 *fill*         0x200000b5        0x3 
 .bss.ulMaxPRIGROUPValue
                0x200000b8        0x4 Middlewares\Third_Party\FreeRTOS\Source\portable\GCC\ARM_CM4F\port.o
 .bss.ucHeap    0x200000bc     0x3c00 Middlewares\Third_Party\FreeRTOS\Source\portable\MemMang\heap_4.o
 .bss.xStart    0x20003cbc        0x8 Middlewares\Third_Party\FreeRTOS\Source\portable\MemMang\heap_4.o
 .bss.pxEnd     0x20003cc4        0x4 Middlewares\Third_Party\FreeRTOS\Source\portable\MemMang\heap_4.o
 .bss.xFreeBytesRemaining
                0x20003cc8        0x4 Middlewares\Third_Party\FreeRTOS\Source\portable\MemMang\heap_4.o
 .bss.xMinimumEverFreeBytesRemaining
                0x20003ccc        0x4 Middlewares\Third_Party\FreeRTOS\Source\portable\MemMang\heap_4.o
 .bss.xBlockAllocatedBit
                0x20003cd0        0x4 Middlewares\Third_Party\FreeRTOS\Source\portable\MemMang\heap_4.o
 .bss.pxCurrentTCB
                0x20003cd4        0x4 Middlewares\Third_Party\FreeRTOS\Source\tasks.o
                0x20003cd4                pxCurrentTCB
 .bss.pxReadyTasksLists
                0x20003cd8       0x8c Middlewares\Third_Party\FreeRTOS\Source\tasks.o
 .bss.xDelayedTaskList1
                0x20003d64       0x14 Middlewares\Third_Party\FreeRTOS\Source\tasks.o
 .bss.xDelayedTaskList2
                0x20003d78       0x14 Middlewares\Third_Party\FreeRTOS\Source\tasks.o
 .bss.pxDelayedTaskList
                0x20003d8c        0x4 Middlewares\Third_Party\FreeRTOS\Source\tasks.o
 .bss.pxOverflowDelayedTaskList
                0x20003d90        0x4 Middlewares\Third_Party\FreeRTOS\Source\tasks.o
 .bss.xPendingReadyList
                0x20003d94       0x14 Middlewares\Third_Party\FreeRTOS\Source\tasks.o
 .bss.xTasksWaitingTermination
                0x20003da8       0x14 Middlewares\Third_Party\FreeRTOS\Source\tasks.o
 .bss.uxDeletedTasksWaitingCleanUp
                0x20003dbc        0x4 Middlewares\Third_Party\FreeRTOS\Source\tasks.o
 .bss.xSuspendedTaskList
                0x20003dc0       0x14 Middlewares\Third_Party\FreeRTOS\Source\tasks.o
 .bss.uxCurrentNumberOfTasks
                0x20003dd4        0x4 Middlewares\Third_Party\FreeRTOS\Source\tasks.o
 .bss.xTickCount
                0x20003dd8        0x4 Middlewares\Third_Party\FreeRTOS\Source\tasks.o
 .bss.uxTopReadyPriority
                0x20003ddc        0x4 Middlewares\Third_Party\FreeRTOS\Source\tasks.o
 .bss.xSchedulerRunning
                0x20003de0        0x4 Middlewares\Third_Party\FreeRTOS\Source\tasks.o
 .bss.uxPendedTicks
                0x20003de4        0x4 Middlewares\Third_Party\FreeRTOS\Source\tasks.o
 .bss.xYieldPending
                0x20003de8        0x4 Middlewares\Third_Party\FreeRTOS\Source\tasks.o
 .bss.xNumOfOverflows
                0x20003dec        0x4 Middlewares\Third_Party\FreeRTOS\Source\tasks.o
 .bss.uxTaskNumber
                0x20003df0        0x4 Middlewares\Third_Party\FreeRTOS\Source\tasks.o
 .bss.xNextTaskUnblockTime
                0x20003df4        0x4 Middlewares\Third_Party\FreeRTOS\Source\tasks.o
 .bss.xIdleTaskHandle
                0x20003df8        0x4 Middlewares\Third_Party\FreeRTOS\Source\tasks.o
 .bss.uxSchedulerSuspended
                0x20003dfc        0x4 Middlewares\Third_Party\FreeRTOS\Source\tasks.o
 .bss.FMC_Initialized
                0x20003e00        0x4 Src\fmc.o
 .bss.x         0x20003e04        0x4 Src\freertos.o
                0x20003e04                x
 .bss.y         0x20003e08        0x4 Src\freertos.o
                0x20003e08                y
 .bss.z         0x20003e0c        0x4 Src\freertos.o
                0x20003e0c                z
 .bss.flagTouch
                0x20003e10        0x4 Src\freertos.o
                0x20003e10                flagTouch
 .bss.datax.10844
                0x20003e14        0x2 Src\gyro.o
 *fill*         0x20003e16        0x2 
 .bss.datay.10845
                0x20003e18        0x2 Src\gyro.o
 *fill*         0x20003e1a        0x2 
 .bss.dataz.10846
                0x20003e1c        0x2 Src\gyro.o
 *fill*         0x20003e1e        0x2 
 .bss.xgyro.10847
                0x20003e20        0x4 Src\gyro.o
 .bss.ygyro.10848
                0x20003e24        0x4 Src\gyro.o
 .bss.zgyro.10849
                0x20003e28        0x4 Src\gyro.o
 .bss.delta.10850
                0x20003e2c        0xc Src\gyro.o
 .bss.current.10851
                0x20003e38        0xc Src\gyro.o
 .bss.switchingINTRO_flag
                0x20003e44        0x4 Src\interface.o
                0x20003e44                switchingINTRO_flag
 .bss.page      0x20003e48        0x4 Src\interface.o
                0x20003e48                page
 .bss.SpiHandle
                0x20003e4c       0x58 Src\stm32f429i_discovery.o
 .bss.Is_LCD_IO_Initialized
                0x20003ea4        0x1 Src\stm32f429i_discovery.o
 *fill*         0x20003ea5        0x3 
 .bss.Dma2dHandler
                0x20003ea8        0x4 Src\stm32f429i_discovery_lcd.o
 .bss.ActiveLayer
                0x20003eac        0x4 Src\stm32f429i_discovery_lcd.o
 .bss.DrawProp  0x20003eb0       0x18 Src\stm32f429i_discovery_lcd.o
 .bss.SdramHandle
                0x20003ec8        0x4 Src\stm32f429i_discovery_sdram.o
 .bss.Command   0x20003ecc       0x10 Src\stm32f429i_discovery_sdram.o
 .bss.TsDrv     0x20003edc        0x4 Src\stm32f429i_discovery_ts.o
 .bss.TsXBoundary
                0x20003ee0        0x2 Src\stm32f429i_discovery_ts.o
 .bss.TsYBoundary
                0x20003ee2        0x2 Src\stm32f429i_discovery_ts.o
 .bss._x.9214   0x20003ee4        0x4 Src\stm32f429i_discovery_ts.o
 .bss._y.9215   0x20003ee8        0x4 Src\stm32f429i_discovery_ts.o
 .bss.stmpe811  0x20003eec        0x2 Src\stmpe811.o
                0x20003eec                stmpe811
 *(COMMON)
 *fill*         0x20003eee        0x2 
 COMMON         0x20003ef0        0x4 Drivers\STM32F4xx_HAL_Driver\Src\stm32f4xx_hal.o
                0x20003ef0                uwTick
 COMMON         0x20003ef4       0x40 Src\dma2d.o
                0x20003ef4                hdma2d
 COMMON         0x20003f34       0x34 Src\fmc.o
                0x20003f34                hsdram1
 COMMON         0x20003f68       0x28 Src\freertos.o
                0x20003f68                touchTaskHandle
                0x20003f6c                struktura
                0x20003f74                p_hspi5
                0x20003f78                mpuTaskHandle
                0x20003f7c                globalClassHandler
                0x20003f80                gameTaskHandle
                0x20003f84                lcdTaskHandle
                0x20003f88                ts_struct
                0x20003f8c                startTime
 COMMON         0x20003f90       0x54 Src\i2c.o
                0x20003f90                hi2c3
 COMMON         0x20003fe4        0x8 Src\interface.o
                0x20003fe4                localstr
                0x20003fe8                localClassHandler
 COMMON         0x20003fec       0xa8 Src\ltdc.o
                0x20003fec                hltdc
 COMMON         0x20004094       0x48 Src\main.o
                0x20004094                tickSize
                0x20004098                p_hsdram1
                0x2000409c                p_hi2c3
                0x200040a0                tickBuffer
                0x200040d4                p_hdma2d
                0x200040d8                p_hltdc
 COMMON         0x200040dc       0x58 Src\spi.o
                0x200040dc                hspi5
 COMMON         0x20004134       0x54 Src\stm32f429i_discovery.o
                0x20004134                I2cHandle
 COMMON         0x20004188        0x8 Src\stm32f429i_discovery_lcd.o
                0x20004188                LtdcHandler
                0x2000418c                LcdDrv
 COMMON         0x20004190       0x40 Src\stm32f4xx_hal_timebase_tim.o
                0x20004190                htim6
 COMMON         0x200041d0       0x40 Src\usart.o
                0x200041d0                huart1
                0x20004210                . = ALIGN (0x4)
                0x20004210                _ebss = .
                0x20004210                __bss_end__ = _ebss

._user_heap_stack
                0x20004210      0x600
                0x20004210                . = ALIGN (0x4)
                0x20004210                PROVIDE (end, .)
                [!provide]                PROVIDE (_end, .)
                0x20004410                . = (. + _Min_Heap_Size)
 *fill*         0x20004210      0x200 
                0x20004810                . = (. + _Min_Stack_Size)
 *fill*         0x20004410      0x400 
                0x20004810                . = ALIGN (0x4)

/DISCARD/
 libc.a(*)
 libm.a(*)
 libgcc.a(*)

.ARM.attributes
                0x00000000       0x30
 *(.ARM.attributes)
 .ARM.attributes
                0x00000000       0x22 c:/program files (x86)/atollic/truestudio for stm32 9.2.0/armtools/bin/../lib/gcc/arm-atollic-eabi/6.3.1/armv7e-m/fpu/crti.o
 .ARM.attributes
                0x00000022       0x34 c:/program files (x86)/atollic/truestudio for stm32 9.2.0/armtools/bin/../lib/gcc/arm-atollic-eabi/6.3.1/armv7e-m/fpu/crtbegin.o
 .ARM.attributes
                0x00000056       0x39 Drivers\STM32F4xx_HAL_Driver\Src\stm32f4xx_hal.o
 .ARM.attributes
                0x0000008f       0x39 Drivers\STM32F4xx_HAL_Driver\Src\stm32f4xx_hal_cortex.o
 .ARM.attributes
                0x000000c8       0x39 Drivers\STM32F4xx_HAL_Driver\Src\stm32f4xx_hal_dma2d.o
 .ARM.attributes
                0x00000101       0x39 Drivers\STM32F4xx_HAL_Driver\Src\stm32f4xx_hal_gpio.o
 .ARM.attributes
                0x0000013a       0x39 Drivers\STM32F4xx_HAL_Driver\Src\stm32f4xx_hal_i2c.o
 .ARM.attributes
                0x00000173       0x39 Drivers\STM32F4xx_HAL_Driver\Src\stm32f4xx_hal_i2c_ex.o
 .ARM.attributes
                0x000001ac       0x39 Drivers\STM32F4xx_HAL_Driver\Src\stm32f4xx_hal_ltdc.o
 .ARM.attributes
                0x000001e5       0x39 Drivers\STM32F4xx_HAL_Driver\Src\stm32f4xx_hal_pwr_ex.o
 .ARM.attributes
                0x0000021e       0x39 Drivers\STM32F4xx_HAL_Driver\Src\stm32f4xx_hal_rcc.o
 .ARM.attributes
                0x00000257       0x39 Drivers\STM32F4xx_HAL_Driver\Src\stm32f4xx_hal_rcc_ex.o
 .ARM.attributes
                0x00000290       0x39 Drivers\STM32F4xx_HAL_Driver\Src\stm32f4xx_hal_sdram.o
 .ARM.attributes
                0x000002c9       0x39 Drivers\STM32F4xx_HAL_Driver\Src\stm32f4xx_hal_spi.o
 .ARM.attributes
                0x00000302       0x39 Drivers\STM32F4xx_HAL_Driver\Src\stm32f4xx_hal_tim.o
 .ARM.attributes
                0x0000033b       0x39 Drivers\STM32F4xx_HAL_Driver\Src\stm32f4xx_hal_tim_ex.o
 .ARM.attributes
                0x00000374       0x39 Drivers\STM32F4xx_HAL_Driver\Src\stm32f4xx_hal_uart.o
 .ARM.attributes
                0x000003ad       0x39 Drivers\STM32F4xx_HAL_Driver\Src\stm32f4xx_ll_fmc.o
 .ARM.attributes
                0x000003e6       0x39 Middlewares\Third_Party\FreeRTOS\Source\CMSIS_RTOS\cmsis_os.o
 .ARM.attributes
                0x0000041f       0x39 Middlewares\Third_Party\FreeRTOS\Source\list.o
 .ARM.attributes
                0x00000458       0x39 Middlewares\Third_Party\FreeRTOS\Source\portable\GCC\ARM_CM4F\port.o
 .ARM.attributes
                0x00000491       0x39 Middlewares\Third_Party\FreeRTOS\Source\portable\MemMang\heap_4.o
 .ARM.attributes
                0x000004ca       0x39 Middlewares\Third_Party\FreeRTOS\Source\tasks.o
 .ARM.attributes
                0x00000503       0x39 Src\dma2d.o
 .ARM.attributes
                0x0000053c       0x39 Src\fmc.o
 .ARM.attributes
                0x00000575       0x39 Src\font16.o
 .ARM.attributes
                0x000005ae       0x39 Src\font24.o
 .ARM.attributes
                0x000005e7       0x39 Src\freertos.o
 .ARM.attributes
                0x00000620       0x39 Src\gpio.o
 .ARM.attributes
                0x00000659       0x39 Src\gyro.o
 .ARM.attributes
                0x00000692       0x39 Src\i2c.o
 .ARM.attributes
                0x000006cb       0x39 Src\ili9341.o
 .ARM.attributes
                0x00000704       0x39 Src\interface.o
 .ARM.attributes
                0x0000073d       0x39 Src\ltdc.o
 .ARM.attributes
                0x00000776       0x39 Src\main.o
 .ARM.attributes
                0x000007af       0x39 Src\spi.o
 .ARM.attributes
                0x000007e8       0x39 Src\stm32f429i_discovery.o
 .ARM.attributes
                0x00000821       0x39 Src\stm32f429i_discovery_lcd.o
 .ARM.attributes
                0x0000085a       0x39 Src\stm32f429i_discovery_sdram.o
 .ARM.attributes
                0x00000893       0x39 Src\stm32f429i_discovery_ts.o
 .ARM.attributes
                0x000008cc       0x39 Src\stm32f4xx_hal_msp.o
 .ARM.attributes
                0x00000905       0x39 Src\stm32f4xx_hal_timebase_tim.o
 .ARM.attributes
                0x0000093e       0x39 Src\stm32f4xx_it.o
 .ARM.attributes
                0x00000977       0x39 Src\stmpe811.o
 .ARM.attributes
                0x000009b0       0x39 Src\system_stm32f4xx.o
 .ARM.attributes
                0x000009e9       0x39 Src\usart.o
 .ARM.attributes
                0x00000a22       0x21 startup\startup_stm32f429xx.o
 .ARM.attributes
                0x00000a43       0x34 c:/program files (x86)/atollic/truestudio for stm32 9.2.0/armtools/bin/../lib/gcc/arm-atollic-eabi/6.3.1/../../../../arm-atollic-eabi/lib/armv7e-m/fpu\libc_nano.a(lib_a-init.o)
 .ARM.attributes
                0x00000a77       0x34 c:/program files (x86)/atollic/truestudio for stm32 9.2.0/armtools/bin/../lib/gcc/arm-atollic-eabi/6.3.1/../../../../arm-atollic-eabi/lib/armv7e-m/fpu\libc_nano.a(lib_a-memcpy-stub.o)
 .ARM.attributes
                0x00000aab       0x34 c:/program files (x86)/atollic/truestudio for stm32 9.2.0/armtools/bin/../lib/gcc/arm-atollic-eabi/6.3.1/../../../../arm-atollic-eabi/lib/armv7e-m/fpu\libc_nano.a(lib_a-memset.o)
 .ARM.attributes
                0x00000adf       0x22 c:/program files (x86)/atollic/truestudio for stm32 9.2.0/armtools/bin/../lib/gcc/arm-atollic-eabi/6.3.1/armv7e-m/fpu\libgcc.a(_arm_addsubdf3.o)
 .ARM.attributes
                0x00000b01       0x22 c:/program files (x86)/atollic/truestudio for stm32 9.2.0/armtools/bin/../lib/gcc/arm-atollic-eabi/6.3.1/armv7e-m/fpu\libgcc.a(_arm_muldivdf3.o)
 .ARM.attributes
                0x00000b23       0x22 c:/program files (x86)/atollic/truestudio for stm32 9.2.0/armtools/bin/../lib/gcc/arm-atollic-eabi/6.3.1/armv7e-m/fpu\libgcc.a(_arm_truncdfsf2.o)
 .ARM.attributes
                0x00000b45       0x22 c:/program files (x86)/atollic/truestudio for stm32 9.2.0/armtools/bin/../lib/gcc/arm-atollic-eabi/6.3.1/armv7e-m/fpu\libgcc.a(_aeabi_uldivmod.o)
 .ARM.attributes
                0x00000b67       0x34 c:/program files (x86)/atollic/truestudio for stm32 9.2.0/armtools/bin/../lib/gcc/arm-atollic-eabi/6.3.1/armv7e-m/fpu\libgcc.a(_udivmoddi4.o)
 .ARM.attributes
                0x00000b9b       0x22 c:/program files (x86)/atollic/truestudio for stm32 9.2.0/armtools/bin/../lib/gcc/arm-atollic-eabi/6.3.1/armv7e-m/fpu\libgcc.a(_dvmd_tls.o)
 .ARM.attributes
                0x00000bbd       0x22 c:/program files (x86)/atollic/truestudio for stm32 9.2.0/armtools/bin/../lib/gcc/arm-atollic-eabi/6.3.1/armv7e-m/fpu/crtn.o
OUTPUT(robotcontrollergame.elf elf32-littlearm)

.debug_info     0x00000000    0x2ddeb
 .debug_info    0x00000000      0x994 Drivers\STM32F4xx_HAL_Driver\Src\stm32f4xx_hal.o
 .debug_info    0x00000994      0xe0d Drivers\STM32F4xx_HAL_Driver\Src\stm32f4xx_hal_cortex.o
 .debug_info    0x000017a1      0xe89 Drivers\STM32F4xx_HAL_Driver\Src\stm32f4xx_hal_dma2d.o
 .debug_info    0x0000262a      0x77d Drivers\STM32F4xx_HAL_Driver\Src\stm32f4xx_hal_gpio.o
 .debug_info    0x00002da7     0x2329 Drivers\STM32F4xx_HAL_Driver\Src\stm32f4xx_hal_i2c.o
 .debug_info    0x000050d0      0x6c9 Drivers\STM32F4xx_HAL_Driver\Src\stm32f4xx_hal_i2c_ex.o
 .debug_info    0x00005799     0x10b2 Drivers\STM32F4xx_HAL_Driver\Src\stm32f4xx_hal_ltdc.o
 .debug_info    0x0000684b      0x6f5 Drivers\STM32F4xx_HAL_Driver\Src\stm32f4xx_hal_pwr_ex.o
 .debug_info    0x00006f40      0x8be Drivers\STM32F4xx_HAL_Driver\Src\stm32f4xx_hal_rcc.o
 .debug_info    0x000077fe      0x66a Drivers\STM32F4xx_HAL_Driver\Src\stm32f4xx_hal_rcc_ex.o
 .debug_info    0x00007e68      0xc47 Drivers\STM32F4xx_HAL_Driver\Src\stm32f4xx_hal_sdram.o
 .debug_info    0x00008aaf     0x15d7 Drivers\STM32F4xx_HAL_Driver\Src\stm32f4xx_hal_spi.o
 .debug_info    0x0000a086     0x2452 Drivers\STM32F4xx_HAL_Driver\Src\stm32f4xx_hal_tim.o
 .debug_info    0x0000c4d8     0x1102 Drivers\STM32F4xx_HAL_Driver\Src\stm32f4xx_hal_tim_ex.o
 .debug_info    0x0000d5da     0x11d3 Drivers\STM32F4xx_HAL_Driver\Src\stm32f4xx_hal_uart.o
 .debug_info    0x0000e7ad      0xeba Drivers\STM32F4xx_HAL_Driver\Src\stm32f4xx_ll_fmc.o
 .debug_info    0x0000f667     0x1aef Middlewares\Third_Party\FreeRTOS\Source\CMSIS_RTOS\cmsis_os.o
 .debug_info    0x00011156      0xac8 Middlewares\Third_Party\FreeRTOS\Source\list.o
 .debug_info    0x00011c1e      0x536 Middlewares\Third_Party\FreeRTOS\Source\portable\GCC\ARM_CM4F\port.o
 .debug_info    0x00012154      0xbed Middlewares\Third_Party\FreeRTOS\Source\portable\MemMang\heap_4.o
 .debug_info    0x00012d41     0x218f Middlewares\Third_Party\FreeRTOS\Source\tasks.o
 .debug_info    0x00014ed0     0x1357 Src\dma2d.o
 .debug_info    0x00016227     0x1600 Src\fmc.o
 .debug_info    0x00017827      0x14a Src\font16.o
 .debug_info    0x00017971      0x14a Src\font24.o
 .debug_info    0x00017abb     0x197f Src\freertos.o
 .debug_info    0x0001943a     0x11ba Src\gpio.o
 .debug_info    0x0001a5f4     0x14fa Src\gyro.o
 .debug_info    0x0001baee     0x167c Src\i2c.o
 .debug_info    0x0001d16a      0x340 Src\ili9341.o
 .debug_info    0x0001d4aa     0x10b9 Src\interface.o
 .debug_info    0x0001e563     0x15a5 Src\ltdc.o
 .debug_info    0x0001fb08     0x2864 Src\main.o
 .debug_info    0x0002236c     0x162e Src\spi.o
 .debug_info    0x0002399a     0x17f1 Src\stm32f429i_discovery.o
 .debug_info    0x0002518b     0x209b Src\stm32f429i_discovery_lcd.o
 .debug_info    0x00027226      0xe84 Src\stm32f429i_discovery_sdram.o
 .debug_info    0x000280aa      0x586 Src\stm32f429i_discovery_ts.o
 .debug_info    0x00028630     0x1254 Src\stm32f4xx_hal_msp.o
 .debug_info    0x00029884      0xb28 Src\stm32f4xx_hal_timebase_tim.o
 .debug_info    0x0002a3ac     0x1331 Src\stm32f4xx_it.o
 .debug_info    0x0002b6dd      0xb90 Src\stmpe811.o
 .debug_info    0x0002c26d      0x51f Src\system_stm32f4xx.o
 .debug_info    0x0002c78c     0x15c1 Src\usart.o
 .debug_info    0x0002dd4d       0x9e startup\startup_stm32f429xx.o

.debug_abbrev   0x00000000     0x5847
 .debug_abbrev  0x00000000      0x1c6 Drivers\STM32F4xx_HAL_Driver\Src\stm32f4xx_hal.o
 .debug_abbrev  0x000001c6      0x2f5 Drivers\STM32F4xx_HAL_Driver\Src\stm32f4xx_hal_cortex.o
 .debug_abbrev  0x000004bb      0x20c Drivers\STM32F4xx_HAL_Driver\Src\stm32f4xx_hal_dma2d.o
 .debug_abbrev  0x000006c7      0x1c4 Drivers\STM32F4xx_HAL_Driver\Src\stm32f4xx_hal_gpio.o
 .debug_abbrev  0x0000088b      0x24f Drivers\STM32F4xx_HAL_Driver\Src\stm32f4xx_hal_i2c.o
 .debug_abbrev  0x00000ada      0x168 Drivers\STM32F4xx_HAL_Driver\Src\stm32f4xx_hal_i2c_ex.o
 .debug_abbrev  0x00000c42      0x204 Drivers\STM32F4xx_HAL_Driver\Src\stm32f4xx_hal_ltdc.o
 .debug_abbrev  0x00000e46      0x1b3 Drivers\STM32F4xx_HAL_Driver\Src\stm32f4xx_hal_pwr_ex.o
 .debug_abbrev  0x00000ff9      0x240 Drivers\STM32F4xx_HAL_Driver\Src\stm32f4xx_hal_rcc.o
 .debug_abbrev  0x00001239      0x16e Drivers\STM32F4xx_HAL_Driver\Src\stm32f4xx_hal_rcc_ex.o
 .debug_abbrev  0x000013a7      0x1f2 Drivers\STM32F4xx_HAL_Driver\Src\stm32f4xx_hal_sdram.o
 .debug_abbrev  0x00001599      0x23b Drivers\STM32F4xx_HAL_Driver\Src\stm32f4xx_hal_spi.o
 .debug_abbrev  0x000017d4      0x229 Drivers\STM32F4xx_HAL_Driver\Src\stm32f4xx_hal_tim.o
 .debug_abbrev  0x000019fd      0x217 Drivers\STM32F4xx_HAL_Driver\Src\stm32f4xx_hal_tim_ex.o
 .debug_abbrev  0x00001c14      0x23d Drivers\STM32F4xx_HAL_Driver\Src\stm32f4xx_hal_uart.o
 .debug_abbrev  0x00001e51      0x187 Drivers\STM32F4xx_HAL_Driver\Src\stm32f4xx_ll_fmc.o
 .debug_abbrev  0x00001fd8      0x383 Middlewares\Third_Party\FreeRTOS\Source\CMSIS_RTOS\cmsis_os.o
 .debug_abbrev  0x0000235b      0x1cc Middlewares\Third_Party\FreeRTOS\Source\list.o
 .debug_abbrev  0x00002527      0x20d Middlewares\Third_Party\FreeRTOS\Source\portable\GCC\ARM_CM4F\port.o
 .debug_abbrev  0x00002734      0x29b Middlewares\Third_Party\FreeRTOS\Source\portable\MemMang\heap_4.o
 .debug_abbrev  0x000029cf      0x333 Middlewares\Third_Party\FreeRTOS\Source\tasks.o
 .debug_abbrev  0x00002d02      0x210 Src\dma2d.o
 .debug_abbrev  0x00002f12      0x24b Src\fmc.o
 .debug_abbrev  0x0000315d       0xa2 Src\font16.o
 .debug_abbrev  0x000031ff       0xa2 Src\font24.o
 .debug_abbrev  0x000032a1      0x27a Src\freertos.o
 .debug_abbrev  0x0000351b      0x1c9 Src\gpio.o
 .debug_abbrev  0x000036e4      0x21f Src\gyro.o
 .debug_abbrev  0x00003903      0x1ff Src\i2c.o
 .debug_abbrev  0x00003b02      0x14e Src\ili9341.o
 .debug_abbrev  0x00003c50      0x242 Src\interface.o
 .debug_abbrev  0x00003e92      0x1ff Src\ltdc.o
 .debug_abbrev  0x00004091      0x29d Src\main.o
 .debug_abbrev  0x0000432e      0x1ff Src\spi.o
 .debug_abbrev  0x0000452d      0x275 Src\stm32f429i_discovery.o
 .debug_abbrev  0x000047a2      0x2ef Src\stm32f429i_discovery_lcd.o
 .debug_abbrev  0x00004a91      0x218 Src\stm32f429i_discovery_sdram.o
 .debug_abbrev  0x00004ca9      0x173 Src\stm32f429i_discovery_ts.o
 .debug_abbrev  0x00004e1c      0x1d2 Src\stm32f4xx_hal_msp.o
 .debug_abbrev  0x00004fee      0x196 Src\stm32f4xx_hal_timebase_tim.o
 .debug_abbrev  0x00005184      0x1cd Src\stm32f4xx_it.o
 .debug_abbrev  0x00005351      0x1d7 Src\stmpe811.o
 .debug_abbrev  0x00005528      0x10e Src\system_stm32f4xx.o
 .debug_abbrev  0x00005636      0x1ff Src\usart.o
 .debug_abbrev  0x00005835       0x12 startup\startup_stm32f429xx.o

.debug_aranges  0x00000000     0x20c0
 .debug_aranges
                0x00000000      0x100 Drivers\STM32F4xx_HAL_Driver\Src\stm32f4xx_hal.o
 .debug_aranges
                0x00000100      0x118 Drivers\STM32F4xx_HAL_Driver\Src\stm32f4xx_hal_cortex.o
 .debug_aranges
                0x00000218      0x108 Drivers\STM32F4xx_HAL_Driver\Src\stm32f4xx_hal_dma2d.o
 .debug_aranges
                0x00000320       0x58 Drivers\STM32F4xx_HAL_Driver\Src\stm32f4xx_hal_gpio.o
 .debug_aranges
                0x00000378      0x290 Drivers\STM32F4xx_HAL_Driver\Src\stm32f4xx_hal_i2c.o
 .debug_aranges
                0x00000608       0x28 Drivers\STM32F4xx_HAL_Driver\Src\stm32f4xx_hal_i2c_ex.o
 .debug_aranges
                0x00000630      0x158 Drivers\STM32F4xx_HAL_Driver\Src\stm32f4xx_hal_ltdc.o
 .debug_aranges
                0x00000788       0x60 Drivers\STM32F4xx_HAL_Driver\Src\stm32f4xx_hal_pwr_ex.o
 .debug_aranges
                0x000007e8       0x88 Drivers\STM32F4xx_HAL_Driver\Src\stm32f4xx_hal_rcc.o
 .debug_aranges
                0x00000870       0x58 Drivers\STM32F4xx_HAL_Driver\Src\stm32f4xx_hal_rcc_ex.o
 .debug_aranges
                0x000008c8       0xd0 Drivers\STM32F4xx_HAL_Driver\Src\stm32f4xx_hal_sdram.o
 .debug_aranges
                0x00000998      0x1d0 Drivers\STM32F4xx_HAL_Driver\Src\stm32f4xx_hal_spi.o
 .debug_aranges
                0x00000b68      0x3a8 Drivers\STM32F4xx_HAL_Driver\Src\stm32f4xx_hal_tim.o
 .debug_aranges
                0x00000f10      0x150 Drivers\STM32F4xx_HAL_Driver\Src\stm32f4xx_hal_tim_ex.o
 .debug_aranges
                0x00001060      0x1d0 Drivers\STM32F4xx_HAL_Driver\Src\stm32f4xx_hal_uart.o
 .debug_aranges
                0x00001230       0xf0 Drivers\STM32F4xx_HAL_Driver\Src\stm32f4xx_ll_fmc.o
 .debug_aranges
                0x00001320      0x1d8 Middlewares\Third_Party\FreeRTOS\Source\CMSIS_RTOS\cmsis_os.o
 .debug_aranges
                0x000014f8       0x40 Middlewares\Third_Party\FreeRTOS\Source\list.o
 .debug_aranges
                0x00001538       0x80 Middlewares\Third_Party\FreeRTOS\Source\portable\GCC\ARM_CM4F\port.o
 .debug_aranges
                0x000015b8       0x50 Middlewares\Third_Party\FreeRTOS\Source\portable\MemMang\heap_4.o
 .debug_aranges
                0x00001608      0x1a0 Middlewares\Third_Party\FreeRTOS\Source\tasks.o
 .debug_aranges
                0x000017a8       0x30 Src\dma2d.o
 .debug_aranges
                0x000017d8       0x40 Src\fmc.o
 .debug_aranges
                0x00001818       0x18 Src\font16.o
 .debug_aranges
                0x00001830       0x18 Src\font24.o
 .debug_aranges
                0x00001848       0x50 Src\freertos.o
 .debug_aranges
                0x00001898       0x20 Src\gpio.o
 .debug_aranges
                0x000018b8       0x38 Src\gyro.o
 .debug_aranges
                0x000018f0       0x30 Src\i2c.o
 .debug_aranges
                0x00001920       0x60 Src\ili9341.o
 .debug_aranges
                0x00001980       0x88 Src\interface.o
 .debug_aranges
                0x00001a08       0x30 Src\ltdc.o
 .debug_aranges
                0x00001a38       0x68 Src\main.o
 .debug_aranges
                0x00001aa0       0x30 Src\spi.o
 .debug_aranges
                0x00001ad0      0x138 Src\stm32f429i_discovery.o
 .debug_aranges
                0x00001c08      0x1c0 Src\stm32f429i_discovery_lcd.o
 .debug_aranges
                0x00001dc8       0x70 Src\stm32f429i_discovery_sdram.o
 .debug_aranges
                0x00001e38       0x40 Src\stm32f429i_discovery_ts.o
 .debug_aranges
                0x00001e78       0x20 Src\stm32f4xx_hal_msp.o
 .debug_aranges
                0x00001e98       0x30 Src\stm32f4xx_hal_timebase_tim.o
 .debug_aranges
                0x00001ec8       0x50 Src\stm32f4xx_it.o
 .debug_aranges
                0x00001f18      0x128 Src\stmpe811.o
 .debug_aranges
                0x00002040       0x28 Src\system_stm32f4xx.o
 .debug_aranges
                0x00002068       0x30 Src\usart.o
 .debug_aranges
                0x00002098       0x28 startup\startup_stm32f429xx.o

.debug_ranges   0x00000000     0x1e08
 .debug_ranges  0x00000000       0xf0 Drivers\STM32F4xx_HAL_Driver\Src\stm32f4xx_hal.o
 .debug_ranges  0x000000f0      0x108 Drivers\STM32F4xx_HAL_Driver\Src\stm32f4xx_hal_cortex.o
 .debug_ranges  0x000001f8       0xf8 Drivers\STM32F4xx_HAL_Driver\Src\stm32f4xx_hal_dma2d.o
 .debug_ranges  0x000002f0       0x48 Drivers\STM32F4xx_HAL_Driver\Src\stm32f4xx_hal_gpio.o
 .debug_ranges  0x00000338      0x2a0 Drivers\STM32F4xx_HAL_Driver\Src\stm32f4xx_hal_i2c.o
 .debug_ranges  0x000005d8       0x18 Drivers\STM32F4xx_HAL_Driver\Src\stm32f4xx_hal_i2c_ex.o
 .debug_ranges  0x000005f0      0x148 Drivers\STM32F4xx_HAL_Driver\Src\stm32f4xx_hal_ltdc.o
 .debug_ranges  0x00000738       0x50 Drivers\STM32F4xx_HAL_Driver\Src\stm32f4xx_hal_pwr_ex.o
 .debug_ranges  0x00000788       0x78 Drivers\STM32F4xx_HAL_Driver\Src\stm32f4xx_hal_rcc.o
 .debug_ranges  0x00000800       0x48 Drivers\STM32F4xx_HAL_Driver\Src\stm32f4xx_hal_rcc_ex.o
 .debug_ranges  0x00000848       0xc0 Drivers\STM32F4xx_HAL_Driver\Src\stm32f4xx_hal_sdram.o
 .debug_ranges  0x00000908      0x1c0 Drivers\STM32F4xx_HAL_Driver\Src\stm32f4xx_hal_spi.o
 .debug_ranges  0x00000ac8      0x398 Drivers\STM32F4xx_HAL_Driver\Src\stm32f4xx_hal_tim.o
 .debug_ranges  0x00000e60      0x140 Drivers\STM32F4xx_HAL_Driver\Src\stm32f4xx_hal_tim_ex.o
 .debug_ranges  0x00000fa0      0x1c0 Drivers\STM32F4xx_HAL_Driver\Src\stm32f4xx_hal_uart.o
 .debug_ranges  0x00001160       0xe0 Drivers\STM32F4xx_HAL_Driver\Src\stm32f4xx_ll_fmc.o
 .debug_ranges  0x00001240      0x1c8 Middlewares\Third_Party\FreeRTOS\Source\CMSIS_RTOS\cmsis_os.o
 .debug_ranges  0x00001408       0x30 Middlewares\Third_Party\FreeRTOS\Source\list.o
 .debug_ranges  0x00001438       0x70 Middlewares\Third_Party\FreeRTOS\Source\portable\GCC\ARM_CM4F\port.o
 .debug_ranges  0x000014a8       0x40 Middlewares\Third_Party\FreeRTOS\Source\portable\MemMang\heap_4.o
 .debug_ranges  0x000014e8      0x190 Middlewares\Third_Party\FreeRTOS\Source\tasks.o
 .debug_ranges  0x00001678       0x20 Src\dma2d.o
 .debug_ranges  0x00001698       0x30 Src\fmc.o
 .debug_ranges  0x000016c8       0x40 Src\freertos.o
 .debug_ranges  0x00001708       0x10 Src\gpio.o
 .debug_ranges  0x00001718       0x28 Src\gyro.o
 .debug_ranges  0x00001740       0x20 Src\i2c.o
 .debug_ranges  0x00001760       0x50 Src\ili9341.o
 .debug_ranges  0x000017b0       0x78 Src\interface.o
 .debug_ranges  0x00001828       0x20 Src\ltdc.o
 .debug_ranges  0x00001848       0x58 Src\main.o
 .debug_ranges  0x000018a0       0x20 Src\spi.o
 .debug_ranges  0x000018c0      0x128 Src\stm32f429i_discovery.o
 .debug_ranges  0x000019e8      0x1b0 Src\stm32f429i_discovery_lcd.o
 .debug_ranges  0x00001b98       0x60 Src\stm32f429i_discovery_sdram.o
 .debug_ranges  0x00001bf8       0x30 Src\stm32f429i_discovery_ts.o
 .debug_ranges  0x00001c28       0x10 Src\stm32f4xx_hal_msp.o
 .debug_ranges  0x00001c38       0x20 Src\stm32f4xx_hal_timebase_tim.o
 .debug_ranges  0x00001c58       0x40 Src\stm32f4xx_it.o
 .debug_ranges  0x00001c98      0x118 Src\stmpe811.o
 .debug_ranges  0x00001db0       0x18 Src\system_stm32f4xx.o
 .debug_ranges  0x00001dc8       0x20 Src\usart.o
 .debug_ranges  0x00001de8       0x20 startup\startup_stm32f429xx.o

.debug_line     0x00000000     0xf65d
 .debug_line    0x00000000      0x440 Drivers\STM32F4xx_HAL_Driver\Src\stm32f4xx_hal.o
 .debug_line    0x00000440      0x540 Drivers\STM32F4xx_HAL_Driver\Src\stm32f4xx_hal_cortex.o
 .debug_line    0x00000980      0x782 Drivers\STM32F4xx_HAL_Driver\Src\stm32f4xx_hal_dma2d.o
 .debug_line    0x00001102      0x42b Drivers\STM32F4xx_HAL_Driver\Src\stm32f4xx_hal_gpio.o
 .debug_line    0x0000152d     0x1612 Drivers\STM32F4xx_HAL_Driver\Src\stm32f4xx_hal_i2c.o
 .debug_line    0x00002b3f      0x25b Drivers\STM32F4xx_HAL_Driver\Src\stm32f4xx_hal_i2c_ex.o
 .debug_line    0x00002d9a      0xae7 Drivers\STM32F4xx_HAL_Driver\Src\stm32f4xx_hal_ltdc.o
 .debug_line    0x00003881      0x2fe Drivers\STM32F4xx_HAL_Driver\Src\stm32f4xx_hal_pwr_ex.o
 .debug_line    0x00003b7f      0x499 Drivers\STM32F4xx_HAL_Driver\Src\stm32f4xx_hal_rcc.o
 .debug_line    0x00004018      0x3c2 Drivers\STM32F4xx_HAL_Driver\Src\stm32f4xx_hal_rcc_ex.o
 .debug_line    0x000043da      0x59a Drivers\STM32F4xx_HAL_Driver\Src\stm32f4xx_hal_sdram.o
 .debug_line    0x00004974      0xbd5 Drivers\STM32F4xx_HAL_Driver\Src\stm32f4xx_hal_spi.o
 .debug_line    0x00005549     0x149b Drivers\STM32F4xx_HAL_Driver\Src\stm32f4xx_hal_tim.o
 .debug_line    0x000069e4      0x858 Drivers\STM32F4xx_HAL_Driver\Src\stm32f4xx_hal_tim_ex.o
 .debug_line    0x0000723c      0xb32 Drivers\STM32F4xx_HAL_Driver\Src\stm32f4xx_hal_uart.o
 .debug_line    0x00007d6e      0x5a4 Drivers\STM32F4xx_HAL_Driver\Src\stm32f4xx_ll_fmc.o
 .debug_line    0x00008312      0x91a Middlewares\Third_Party\FreeRTOS\Source\CMSIS_RTOS\cmsis_os.o
 .debug_line    0x00008c2c      0x362 Middlewares\Third_Party\FreeRTOS\Source\list.o
 .debug_line    0x00008f8e      0x3da Middlewares\Third_Party\FreeRTOS\Source\portable\GCC\ARM_CM4F\port.o
 .debug_line    0x00009368      0x401 Middlewares\Third_Party\FreeRTOS\Source\portable\MemMang\heap_4.o
 .debug_line    0x00009769      0xda5 Middlewares\Third_Party\FreeRTOS\Source\tasks.o
 .debug_line    0x0000a50e      0x305 Src\dma2d.o
 .debug_line    0x0000a813      0x3b6 Src\fmc.o
 .debug_line    0x0000abc9      0x127 Src\font16.o
 .debug_line    0x0000acf0      0x127 Src\font24.o
 .debug_line    0x0000ae17      0x48b Src\freertos.o
 .debug_line    0x0000b2a2      0x2f2 Src\gpio.o
 .debug_line    0x0000b594      0x372 Src\gyro.o
 .debug_line    0x0000b906      0x349 Src\i2c.o
 .debug_line    0x0000bc4f      0x242 Src\ili9341.o
 .debug_line    0x0000be91      0x531 Src\interface.o
 .debug_line    0x0000c3c2      0x38d Src\ltdc.o
 .debug_line    0x0000c74f      0x57f Src\main.o
 .debug_line    0x0000ccce      0x340 Src\spi.o
 .debug_line    0x0000d00e      0x5ab Src\stm32f429i_discovery.o
 .debug_line    0x0000d5b9      0x8a6 Src\stm32f429i_discovery_lcd.o
 .debug_line    0x0000de5f      0x356 Src\stm32f429i_discovery_sdram.o
 .debug_line    0x0000e1b5      0x279 Src\stm32f429i_discovery_ts.o
 .debug_line    0x0000e42e      0x28c Src\stm32f4xx_hal_msp.o
 .debug_line    0x0000e6ba      0x26c Src\stm32f4xx_hal_timebase_tim.o
 .debug_line    0x0000e926      0x364 Src\stm32f4xx_it.o
 .debug_line    0x0000ec8a      0x43a Src\stmpe811.o
 .debug_line    0x0000f0c4      0x1d9 Src\system_stm32f4xx.o
 .debug_line    0x0000f29d      0x341 Src\usart.o
 .debug_line    0x0000f5de       0x7f startup\startup_stm32f429xx.o

.debug_str      0x00000000     0x95f8
 .debug_str     0x00000000      0xbdf Drivers\STM32F4xx_HAL_Driver\Src\stm32f4xx_hal.o
                                0xc48 (size before relaxing)
 .debug_str     0x00000bdf      0x4dd Drivers\STM32F4xx_HAL_Driver\Src\stm32f4xx_hal_cortex.o
                                0xd0a (size before relaxing)
 .debug_str     0x000010bc      0x564 Drivers\STM32F4xx_HAL_Driver\Src\stm32f4xx_hal_dma2d.o
                                0x977 (size before relaxing)
 .debug_str     0x00001620      0x1cf Drivers\STM32F4xx_HAL_Driver\Src\stm32f4xx_hal_gpio.o
                                0x57f (size before relaxing)
 .debug_str     0x000017ef      0xc86 Drivers\STM32F4xx_HAL_Driver\Src\stm32f4xx_hal_i2c.o
                               0x1019 (size before relaxing)
 .debug_str     0x00002475       0x76 Drivers\STM32F4xx_HAL_Driver\Src\stm32f4xx_hal_i2c_ex.o
                                0x7f7 (size before relaxing)
 .debug_str     0x000024eb      0x6f9 Drivers\STM32F4xx_HAL_Driver\Src\stm32f4xx_hal_ltdc.o
                                0xa3e (size before relaxing)
 .debug_str     0x00002be4      0x164 Drivers\STM32F4xx_HAL_Driver\Src\stm32f4xx_hal_pwr_ex.o
                                0x55e (size before relaxing)
 .debug_str     0x00002d48      0x2d2 Drivers\STM32F4xx_HAL_Driver\Src\stm32f4xx_hal_rcc.o
                                0x72b (size before relaxing)
 .debug_str     0x0000301a      0x213 Drivers\STM32F4xx_HAL_Driver\Src\stm32f4xx_hal_rcc_ex.o
                                0x5db (size before relaxing)
 .debug_str     0x0000322d      0x4e2 Drivers\STM32F4xx_HAL_Driver\Src\stm32f4xx_hal_sdram.o
                                0x9de (size before relaxing)
 .debug_str     0x0000370f      0x6cc Drivers\STM32F4xx_HAL_Driver\Src\stm32f4xx_hal_spi.o
                                0xc19 (size before relaxing)
 .debug_str     0x00003ddb      0xfa4 Drivers\STM32F4xx_HAL_Driver\Src\stm32f4xx_hal_tim.o
                               0x14f6 (size before relaxing)
 .debug_str     0x00004d7f      0x579 Drivers\STM32F4xx_HAL_Driver\Src\stm32f4xx_hal_tim_ex.o
                                0xcf6 (size before relaxing)
 .debug_str     0x000052f8      0x66e Drivers\STM32F4xx_HAL_Driver\Src\stm32f4xx_hal_uart.o
                                0xc1d (size before relaxing)
 .debug_str     0x00005966      0x5a1 Drivers\STM32F4xx_HAL_Driver\Src\stm32f4xx_ll_fmc.o
                                0xa3f (size before relaxing)
 .debug_str     0x00005f07      0xc91 Middlewares\Third_Party\FreeRTOS\Source\CMSIS_RTOS\cmsis_os.o
                                0xf9f (size before relaxing)
 .debug_str     0x00006b98      0x159 Middlewares\Third_Party\FreeRTOS\Source\list.o
                                0x779 (size before relaxing)
 .debug_str     0x00006cf1      0x248 Middlewares\Third_Party\FreeRTOS\Source\portable\GCC\ARM_CM4F\port.o
                                0x499 (size before relaxing)