Archive member included to satisfy reference by file (symbol)

c:/program files (x86)/atollic/truestudio for stm32 9.3.0/armtools/bin/../lib/gcc/arm-atollic-eabi/6.3.1/../../../../arm-atollic-eabi/lib/armv7e-m/fpu\libc_nano.a(lib_a-errno.o)
                              Src\syscalls.o (__errno)
c:/program files (x86)/atollic/truestudio for stm32 9.3.0/armtools/bin/../lib/gcc/arm-atollic-eabi/6.3.1/../../../../arm-atollic-eabi/lib/armv7e-m/fpu\libc_nano.a(lib_a-impure.o)
                              c:/program files (x86)/atollic/truestudio for stm32 9.3.0/armtools/bin/../lib/gcc/arm-atollic-eabi/6.3.1/../../../../arm-atollic-eabi/lib/armv7e-m/fpu\libc_nano.a(lib_a-errno.o) (_impure_ptr)
c:/program files (x86)/atollic/truestudio for stm32 9.3.0/armtools/bin/../lib/gcc/arm-atollic-eabi/6.3.1/../../../../arm-atollic-eabi/lib/armv7e-m/fpu\libc_nano.a(lib_a-init.o)
                              startup\startup_stm32f429xx.o (__libc_init_array)
c:/program files (x86)/atollic/truestudio for stm32 9.3.0/armtools/bin/../lib/gcc/arm-atollic-eabi/6.3.1/../../../../arm-atollic-eabi/lib/armv7e-m/fpu\libc_nano.a(lib_a-itoa.o)
                              Src\interface.o (itoa)
c:/program files (x86)/atollic/truestudio for stm32 9.3.0/armtools/bin/../lib/gcc/arm-atollic-eabi/6.3.1/../../../../arm-atollic-eabi/lib/armv7e-m/fpu\libc_nano.a(lib_a-memcpy-stub.o)
                              Middlewares\Third_Party\FreeRTOS\Source\queue.o (memcpy)
c:/program files (x86)/atollic/truestudio for stm32 9.3.0/armtools/bin/../lib/gcc/arm-atollic-eabi/6.3.1/../../../../arm-atollic-eabi/lib/armv7e-m/fpu\libc_nano.a(lib_a-memset.o)
                              Middlewares\Third_Party\FreeRTOS\Source\CMSIS_RTOS\cmsis_os.o (memset)
c:/program files (x86)/atollic/truestudio for stm32 9.3.0/armtools/bin/../lib/gcc/arm-atollic-eabi/6.3.1/../../../../arm-atollic-eabi/lib/armv7e-m/fpu\libc_nano.a(lib_a-utoa.o)
                              c:/program files (x86)/atollic/truestudio for stm32 9.3.0/armtools/bin/../lib/gcc/arm-atollic-eabi/6.3.1/../../../../arm-atollic-eabi/lib/armv7e-m/fpu\libc_nano.a(lib_a-itoa.o) (__utoa)
c:/program files (x86)/atollic/truestudio for stm32 9.3.0/armtools/bin/../lib/gcc/arm-atollic-eabi/6.3.1/armv7e-m/fpu\libgcc.a(_arm_addsubdf3.o)
                              Src\interface.o (__aeabi_dadd)
c:/program files (x86)/atollic/truestudio for stm32 9.3.0/armtools/bin/../lib/gcc/arm-atollic-eabi/6.3.1/armv7e-m/fpu\libgcc.a(_arm_muldivdf3.o)
                              Src\gyro.o (__aeabi_dmul)
c:/program files (x86)/atollic/truestudio for stm32 9.3.0/armtools/bin/../lib/gcc/arm-atollic-eabi/6.3.1/armv7e-m/fpu\libgcc.a(_arm_fixunsdfsi.o)
                              Src\interface.o (__aeabi_d2uiz)
c:/program files (x86)/atollic/truestudio for stm32 9.3.0/armtools/bin/../lib/gcc/arm-atollic-eabi/6.3.1/armv7e-m/fpu\libgcc.a(_arm_truncdfsf2.o)
                              Src\gyro.o (__aeabi_d2f)
c:/program files (x86)/atollic/truestudio for stm32 9.3.0/armtools/bin/../lib/gcc/arm-atollic-eabi/6.3.1/armv7e-m/fpu\libgcc.a(_aeabi_uldivmod.o)
                              Drivers\STM32F4xx_HAL_Driver\Src\stm32f4xx_hal_rcc.o (__aeabi_uldivmod)
c:/program files (x86)/atollic/truestudio for stm32 9.3.0/armtools/bin/../lib/gcc/arm-atollic-eabi/6.3.1/armv7e-m/fpu\libgcc.a(_udivmoddi4.o)
                              c:/program files (x86)/atollic/truestudio for stm32 9.3.0/armtools/bin/../lib/gcc/arm-atollic-eabi/6.3.1/armv7e-m/fpu\libgcc.a(_aeabi_uldivmod.o) (__udivmoddi4)
c:/program files (x86)/atollic/truestudio for stm32 9.3.0/armtools/bin/../lib/gcc/arm-atollic-eabi/6.3.1/armv7e-m/fpu\libgcc.a(_dvmd_tls.o)
                              c:/program files (x86)/atollic/truestudio for stm32 9.3.0/armtools/bin/../lib/gcc/arm-atollic-eabi/6.3.1/armv7e-m/fpu\libgcc.a(_aeabi_uldivmod.o) (__aeabi_ldiv0)

Allocating common symbols
Common symbol       size              file

tickSize            0x1               Src\main.o
localstr            0x4               Src\interface.o
p_hsdram1           0x4               Src\main.o
hi2c3               0x54              Src\i2c.o
hspi5               0x58              Src\spi.o
p_hi2c3             0x4               Src\main.o
LtdcHandler         0x4               Src\stm32f429i_discovery_lcd.o
uwTick              0x4               Drivers\STM32F4xx_HAL_Driver\Src\stm32f4xx_hal.o
xQueueRegistry      0x40              Middlewares\Third_Party\FreeRTOS\Source\queue.o
localClassHandler   0x4               Src\interface.o
pFlash              0x20              Drivers\STM32F4xx_HAL_Driver\Src\stm32f4xx_hal_flash.o
lastX               0x4               Src\interface.o
touchTaskHandle     0x4               Src\freertos.o
hltdc               0xa8              Src\ltdc.o
struktura           0x8               Src\freertos.o
p_hspi5             0x4               Src\freertos.o
mpuTaskHandle       0x4               Src\freertos.o
globalClassHandler  0x4               Src\freertos.o
[...]
Memory Configuration

Name             Origin             Length             Attributes
RAM              0x20000000         0x00030000         xrw
CCMRAM           0x10000000         0x00010000         rw
FLASH            0x08000000         0x00200000         xr
*default*        0x00000000         0xffffffff

Linker script and memory map

LOAD c:/program files (x86)/atollic/truestudio for stm32 9.3.0/armtools/bin/../lib/gcc/arm-atollic-eabi/6.3.1/armv7e-m/fpu/crti.o
LOAD c:/program files (x86)/atollic/truestudio for stm32 9.3.0/armtools/bin/../lib/gcc/arm-atollic-eabi/6.3.1/armv7e-m/fpu/crtbegin.o
LOAD Drivers\STM32F4xx_HAL_Driver\Src\stm32f4xx_hal.o
LOAD Drivers\STM32F4xx_HAL_Driver\Src\stm32f4xx_hal_cortex.o
LOAD Drivers\STM32F4xx_HAL_Driver\Src\stm32f4xx_hal_dma.o
LOAD Drivers\STM32F4xx_HAL_Driver\Src\stm32f4xx_hal_dma2d.o
LOAD Drivers\STM32F4xx_HAL_Driver\Src\stm32f4xx_hal_dma_ex.o
LOAD Drivers\STM32F4xx_HAL_Driver\Src\stm32f4xx_hal_dsi.o
LOAD Drivers\STM32F4xx_HAL_Driver\Src\stm32f4xx_hal_exti.o
LOAD Drivers\STM32F4xx_HAL_Driver\Src\stm32f4xx_hal_flash.o
LOAD Drivers\STM32F4xx_HAL_Driver\Src\stm32f4xx_hal_flash_ex.o
LOAD Drivers\STM32F4xx_HAL_Driver\Src\stm32f4xx_hal_flash_ramfunc.o
LOAD Drivers\STM32F4xx_HAL_Driver\Src\stm32f4xx_hal_gpio.o
LOAD Drivers\STM32F4xx_HAL_Driver\Src\stm32f4xx_hal_i2c.o
LOAD Drivers\STM32F4xx_HAL_Driver\Src\stm32f4xx_hal_i2c_ex.o
LOAD Drivers\STM32F4xx_HAL_Driver\Src\stm32f4xx_hal_ltdc.o
LOAD Drivers\STM32F4xx_HAL_Driver\Src\stm32f4xx_hal_ltdc_ex.o
LOAD Drivers\STM32F4xx_HAL_Driver\Src\stm32f4xx_hal_pwr.o
LOAD Drivers\STM32F4xx_HAL_Driver\Src\stm32f4xx_hal_pwr_ex.o
LOAD Drivers\STM32F4xx_HAL_Driver\Src\stm32f4xx_hal_rcc.o
LOAD Drivers\STM32F4xx_HAL_Driver\Src\stm32f4xx_hal_rcc_ex.o
LOAD Drivers\STM32F4xx_HAL_Driver\Src\stm32f4xx_hal_sdram.o
LOAD Drivers\STM32F4xx_HAL_Driver\Src\stm32f4xx_hal_spi.o
LOAD Drivers\STM32F4xx_HAL_Driver\Src\stm32f4xx_hal_tim.o
LOAD Drivers\STM32F4xx_HAL_Driver\Src\stm32f4xx_hal_tim_ex.o
LOAD Drivers\STM32F4xx_HAL_Driver\Src\stm32f4xx_hal_uart.o
LOAD Drivers\STM32F4xx_HAL_Driver\Src\stm32f4xx_ll_fmc.o
LOAD Middlewares\Third_Party\FreeRTOS\Source\CMSIS_RTOS\cmsis_os.o
LOAD Middlewares\Third_Party\FreeRTOS\Source\croutine.o
LOAD Middlewares\Third_Party\FreeRTOS\Source\event_groups.o
LOAD Middlewares\Third_Party\FreeRTOS\Source\list.o
LOAD Middlewares\Third_Party\FreeRTOS\Source\portable\GCC\ARM_CM4F\port.o
LOAD Middlewares\Third_Party\FreeRTOS\Source\portable\MemMang\heap_4.o
LOAD Middlewares\Third_Party\FreeRTOS\Source\queue.o
LOAD Middlewares\Third_Party\FreeRTOS\Source\stream_buffer.o
LOAD Middlewares\Third_Party\FreeRTOS\Source\tasks.o
LOAD Middlewares\Third_Party\FreeRTOS\Source\timers.o
LOAD Src\dma2d.o
LOAD Src\fmc.o
LOAD Src\font12.o
LOAD Src\font16.o
LOAD Src\font20.o
LOAD Src\font24.o
LOAD Src\font8.o
LOAD Src\freertos.o
LOAD Src\gpio.o
LOAD Src\gyro.o
LOAD Src\i2c.o
LOAD Src\ili9341.o
LOAD Src\interface.o
LOAD Src\ltdc.o
LOAD Src\main.o
LOAD Src\spi.o
LOAD Src\stm32f429i_discovery.o
LOAD Src\stm32f429i_discovery_io.o
LOAD Src\stm32f429i_discovery_lcd.o
LOAD Src\stm32f429i_discovery_sdram.o
LOAD Src\stm32f429i_discovery_ts.o
LOAD Src\stm32f4xx_hal_msp.o
LOAD Src\stm32f4xx_hal_timebase_tim.o
LOAD Src\stm32f4xx_it.o
LOAD Src\stmpe811.o
LOAD Src\syscalls.o
LOAD Src\system_stm32f4xx.o
LOAD Src\usart.o
LOAD startup\startup_stm32f429xx.o
                0x00000080                malloc_getpagesize_P = 0x80
START GROUP
LOAD c:/program files (x86)/atollic/truestudio for stm32 9.3.0/armtools/bin/../lib/gcc/arm-atollic-eabi/6.3.1/../../../../arm-atollic-eabi/lib/armv7e-m/fpu\libc_nano.a
LOAD c:/program files (x86)/atollic/truestudio for stm32 9.3.0/armtools/bin/../lib/gcc/arm-atollic-eabi/6.3.1/../../../../arm-atollic-eabi/lib/armv7e-m/fpu\libm.a
END GROUP
START GROUP
LOAD c:/program files (x86)/atollic/truestudio for stm32 9.3.0/armtools/bin/../lib/gcc/arm-atollic-eabi/6.3.1/armv7e-m/fpu\libgcc.a
LOAD c:/program files (x86)/atollic/truestudio for stm32 9.3.0/armtools/bin/../lib/gcc/arm-atollic-eabi/6.3.1/../../../../arm-atollic-eabi/lib/armv7e-m/fpu\libc_nano.a
END GROUP
START GROUP
LOAD c:/program files (x86)/atollic/truestudio for stm32 9.3.0/armtools/bin/../lib/gcc/arm-atollic-eabi/6.3.1/armv7e-m/fpu\libgcc.a
LOAD c:/program files (x86)/atollic/truestudio for stm32 9.3.0/armtools/bin/../lib/gcc/arm-atollic-eabi/6.3.1/../../../../arm-atollic-eabi/lib/armv7e-m/fpu\libc_nano.a
LOAD c:/program files (x86)/atollic/truestudio for stm32 9.3.0/armtools/bin/../lib/gcc/arm-atollic-eabi/6.3.1/../../../../arm-atollic-eabi/lib/armv7e-m/fpu\libnosys.a
END GROUP
START GROUP
LOAD c:/program files (x86)/atollic/truestudio for stm32 9.3.0/armtools/bin/../lib/gcc/arm-atollic-eabi/6.3.1/armv7e-m/fpu\libgcc.a
LOAD c:/program files (x86)/atollic/truestudio for stm32 9.3.0/armtools/bin/../lib/gcc/arm-atollic-eabi/6.3.1/../../../../arm-atollic-eabi/lib/armv7e-m/fpu\libc_nano.a
LOAD c:/program files (x86)/atollic/truestudio for stm32 9.3.0/armtools/bin/../lib/gcc/arm-atollic-eabi/6.3.1/../../../../arm-atollic-eabi/lib/armv7e-m/fpu\libnosys.a
END GROUP
LOAD c:/program files (x86)/atollic/truestudio for stm32 9.3.0/armtools/bin/../lib/gcc/arm-atollic-eabi/6.3.1/armv7e-m/fpu/crtend.o
LOAD c:/program files (x86)/atollic/truestudio for stm32 9.3.0/armtools/bin/../lib/gcc/arm-atollic-eabi/6.3.1/armv7e-m/fpu/crtn.o
                0x20030000                _estack = 0x20030000
                0x00000200                _Min_Heap_Size = 0x200
                0x00000400                _Min_Stack_Size = 0x400

.isr_vector     0x08000000      0x1ac
                0x08000000                . = ALIGN (0x4)
 *(.isr_vector)
 .isr_vector    0x08000000      0x1ac startup\startup_stm32f429xx.o
                0x08000000                g_pfnVectors
                0x080001ac                . = ALIGN (0x4)

.text           0x080001b0     0xabdc
                0x080001b0                . = ALIGN (0x4)
 *(.text)
 .text          0x080001b0       0x40 c:/program files (x86)/atollic/truestudio for stm32 9.3.0/armtools/bin/../lib/gcc/arm-atollic-eabi/6.3.1/armv7e-m/fpu/crtbegin.o
 .text          0x080001f0      0x370 c:/program files (x86)/atollic/truestudio for stm32 9.3.0/armtools/bin/../lib/gcc/arm-atollic-eabi/6.3.1/armv7e-m/fpu\libgcc.a(_arm_addsubdf3.o)
                0x080001f0                __aeabi_drsub
                0x080001f8                __aeabi_dsub
                0x080001f8                __subdf3
                0x080001fc                __aeabi_dadd
                0x080001fc                __adddf3
                0x08000474                __floatunsidf
                0x08000474                __aeabi_ui2d
                0x08000494                __floatsidf
                0x08000494                __aeabi_i2d
                0x080004b8                __aeabi_f2d
                0x080004b8                __extendsfdf2
                0x080004f4                __floatundidf
                0x080004f4                __aeabi_ul2d
                0x08000504                __floatdidf
                0x08000504                __aeabi_l2d
 .text          0x08000560      0x424 c:/program files (x86)/atollic/truestudio for stm32 9.3.0/armtools/bin/../lib/gcc/arm-atollic-eabi/6.3.1/armv7e-m/fpu\libgcc.a(_arm_muldivdf3.o)
                0x08000560                __aeabi_dmul
                0x08000560                __muldf3
                0x080007b4                __divdf3
                0x080007b4                __aeabi_ddiv
 .text          0x08000984       0x40 c:/program files (x86)/atollic/truestudio for stm32 9.3.0/armtools/bin/../lib/gcc/arm-atollic-eabi/6.3.1/armv7e-m/fpu\libgcc.a(_arm_fixunsdfsi.o)
                0x08000984                __aeabi_d2uiz
                0x08000984                __fixunsdfsi
 .text          0x080009c4       0xa0 c:/program files (x86)/atollic/truestudio for stm32 9.3.0/armtools/bin/../lib/gcc/arm-atollic-eabi/6.3.1/armv7e-m/fpu\libgcc.a(_arm_truncdfsf2.o)
                0x080009c4                __truncdfsf2
                0x080009c4                __aeabi_d2f
 .text          0x08000a64       0x30 c:/program files (x86)/atollic/truestudio for stm32 9.3.0/armtools/bin/../lib/gcc/arm-atollic-eabi/6.3.1/armv7e-m/fpu\libgcc.a(_aeabi_uldivmod.o)
                0x08000a64                __aeabi_uldivmod
 .text          0x08000a94      0x2dc c:/program files (x86)/atollic/truestudio for stm32 9.3.0/armtools/bin/../lib/gcc/arm-atollic-eabi/6.3.1/armv7e-m/fpu\libgcc.a(_udivmoddi4.o)
                0x08000a94                __udivmoddi4
 .text          0x08000d70        0x4 c:/program files (x86)/atollic/truestudio for stm32 9.3.0/armtools/bin/../lib/gcc/arm-atollic-eabi/6.3.1/armv7e-m/fpu\libgcc.a(_dvmd_tls.o)
                0x08000d70                __aeabi_idiv0
                0x08000d70                __aeabi_ldiv0
 *(.text*)
 .text.HAL_Init
                0x08000d74       0x44 Drivers\STM32F4xx_HAL_Driver\Src\stm32f4xx_hal.o
                0x08000d74                HAL_Init
 .text.HAL_IncTick
                0x08000db8       0x28 Drivers\STM32F4xx_HAL_Driver\Src\stm32f4xx_hal.o
                0x08000db8                HAL_IncTick
 .text.HAL_GetTick
                0x08000de0       0x18 Drivers\STM32F4xx_HAL_Driver\Src\stm32f4xx_hal.o
                0x08000de0                HAL_GetTick
 .text.HAL_Delay
                0x08000df8       0x44 Drivers\STM32F4xx_HAL_Driver\Src\stm32f4xx_hal.o
                0x08000df8                HAL_Delay
 .text.__NVIC_SetPriorityGrouping
                0x08000e3c       0x48 Drivers\STM32F4xx_HAL_Driver\Src\stm32f4xx_hal_cortex.o
 .text.__NVIC_GetPriorityGrouping
                0x08000e84       0x1c Drivers\STM32F4xx_HAL_Driver\Src\stm32f4xx_hal_cortex.o
 .text.__NVIC_EnableIRQ
                0x08000ea0       0x3c Drivers\STM32F4xx_HAL_Driver\Src\stm32f4xx_hal_cortex.o
 .text.__NVIC_SetPriority
                0x08000edc       0x54 Drivers\STM32F4xx_HAL_Driver\Src\stm32f4xx_hal_cortex.o
 .text.NVIC_EncodePriority
                0x08000f30       0x62 Drivers\STM32F4xx_HAL_Driver\Src\stm32f4xx_hal_cortex.o
 .text.HAL_NVIC_SetPriorityGrouping
                0x08000f92       0x16 Drivers\STM32F4xx_HAL_Driver\Src\stm32f4xx_hal_cortex.o
                0x08000f92                HAL_NVIC_SetPriorityGrouping
 .text.HAL_NVIC_SetPriority
                0x08000fa8       0x38 Drivers\STM32F4xx_HAL_Driver\Src\stm32f4xx_hal_cortex.o
                0x08000fa8                HAL_NVIC_SetPriority
 .text.HAL_NVIC_EnableIRQ
                0x08000fe0       0x1c Drivers\STM32F4xx_HAL_Driver\Src\stm32f4xx_hal_cortex.o
                0x08000fe0                HAL_NVIC_EnableIRQ
 .text.HAL_DMA2D_Init
                0x08000ffc       0x92 Drivers\STM32F4xx_HAL_Driver\Src\stm32f4xx_hal_dma2d.o
                0x08000ffc                HAL_DMA2D_Init
 .text.HAL_DMA2D_Start
                0x0800108e       0x56 Drivers\STM32F4xx_HAL_Driver\Src\stm32f4xx_hal_dma2d.o
                0x0800108e                HAL_DMA2D_Start
 .text.HAL_DMA2D_PollForTransfer
                0x080010e4      0x1d2 Drivers\STM32F4xx_HAL_Driver\Src\stm32f4xx_hal_dma2d.o
                0x080010e4                HAL_DMA2D_PollForTransfer
 *fill*         0x080012b6        0x2 
 .text.HAL_DMA2D_ConfigLayer
                0x080012b8      0x120 Drivers\STM32F4xx_HAL_Driver\Src\stm32f4xx_hal_dma2d.o
                0x080012b8                HAL_DMA2D_ConfigLayer
 .text.DMA2D_SetConfig
                0x080013d8      0x138 Drivers\STM32F4xx_HAL_Driver\Src\stm32f4xx_hal_dma2d.o
 .text.HAL_GPIO_Init
                0x08001510      0x354 Drivers\STM32F4xx_HAL_Driver\Src\stm32f4xx_hal_gpio.o
                0x08001510                HAL_GPIO_Init
 .text.HAL_GPIO_DeInit
                0x08001864      0x218 Drivers\STM32F4xx_HAL_Driver\Src\stm32f4xx_hal_gpio.o
                0x08001864                HAL_GPIO_DeInit
 .text.HAL_GPIO_WritePin
                0x08001a7c       0x32 Drivers\STM32F4xx_HAL_Driver\Src\stm32f4xx_hal_gpio.o
                0x08001a7c                HAL_GPIO_WritePin
 *fill*         0x08001aae        0x2 
 .text.HAL_I2C_Init
                0x08001ab0      0x250 Drivers\STM32F4xx_HAL_Driver\Src\stm32f4xx_hal_i2c.o
                0x08001ab0                HAL_I2C_Init
 .text.HAL_I2C_DeInit
                0x08001d00       0x5e Drivers\STM32F4xx_HAL_Driver\Src\stm32f4xx_hal_i2c.o
                0x08001d00                HAL_I2C_DeInit
 *fill*         0x08001d5e        0x2 
 .text.HAL_I2C_Mem_Write
                0x08001d60      0x1f4 Drivers\STM32F4xx_HAL_Driver\Src\stm32f4xx_hal_i2c.o
                0x08001d60                HAL_I2C_Mem_Write
 .text.HAL_I2C_Mem_Read
                0x08001f54      0x44c Drivers\STM32F4xx_HAL_Driver\Src\stm32f4xx_hal_i2c.o
                0x08001f54                HAL_I2C_Mem_Read
 .text.HAL_I2C_GetState
                0x080023a0       0x1c Drivers\STM32F4xx_HAL_Driver\Src\stm32f4xx_hal_i2c.o
                0x080023a0                HAL_I2C_GetState
 .text.I2C_RequestMemoryWrite
                0x080023bc      0x110 Drivers\STM32F4xx_HAL_Driver\Src\stm32f4xx_hal_i2c.o
 .text.I2C_RequestMemoryRead
                0x080024cc      0x1a0 Drivers\STM32F4xx_HAL_Driver\Src\stm32f4xx_hal_i2c.o
 .text.I2C_WaitOnFlagUntilTimeout
                0x0800266c       0xae Drivers\STM32F4xx_HAL_Driver\Src\stm32f4xx_hal_i2c.o
 .text.I2C_WaitOnMasterAddressFlagUntilTimeout
                0x0800271a       0xfe Drivers\STM32F4xx_HAL_Driver\Src\stm32f4xx_hal_i2c.o
 .text.I2C_WaitOnTXEFlagUntilTimeout
                0x08002818       0x82 Drivers\STM32F4xx_HAL_Driver\Src\stm32f4xx_hal_i2c.o
 .text.I2C_WaitOnBTFFlagUntilTimeout
                0x0800289a       0x82 Drivers\STM32F4xx_HAL_Driver\Src\stm32f4xx_hal_i2c.o
 .text.I2C_WaitOnRXNEFlagUntilTimeout
                0x0800291c       0xac Drivers\STM32F4xx_HAL_Driver\Src\stm32f4xx_hal_i2c.o
 .text.I2C_IsAcknowledgeFailed
                0x080029c8       0x5e Drivers\STM32F4xx_HAL_Driver\Src\stm32f4xx_hal_i2c.o
 .text.HAL_I2CEx_ConfigAnalogFilter
                0x08002a26       0x78 Drivers\STM32F4xx_HAL_Driver\Src\stm32f4xx_hal_i2c_ex.o
                0x08002a26                HAL_I2CEx_ConfigAnalogFilter
 .text.HAL_I2CEx_ConfigDigitalFilter
                0x08002a9e       0x7e Drivers\STM32F4xx_HAL_Driver\Src\stm32f4xx_hal_i2c_ex.o
                0x08002a9e                HAL_I2CEx_ConfigDigitalFilter
 .text.HAL_LTDC_Init
                0x08002b1c      0x1a0 Drivers\STM32F4xx_HAL_Driver\Src\stm32f4xx_hal_ltdc.o
                0x08002b1c                HAL_LTDC_Init
 .text.HAL_LTDC_ConfigLayer
                0x08002cbc       0x7c Drivers\STM32F4xx_HAL_Driver\Src\stm32f4xx_hal_ltdc.o
                0x08002cbc                HAL_LTDC_ConfigLayer
 .text.HAL_LTDC_EnableDither
                0x08002d38       0x54 Drivers\STM32F4xx_HAL_Driver\Src\stm32f4xx_hal_ltdc.o
                0x08002d38                HAL_LTDC_EnableDither
 .text.LTDC_SetConfig
                0x08002d8c      0x342 Drivers\STM32F4xx_HAL_Driver\Src\stm32f4xx_hal_ltdc.o
 *fill*         0x080030ce        0x2 
 .text.HAL_PWREx_EnableOverDrive
                0x080030d0       0xa0 Drivers\STM32F4xx_HAL_Driver\Src\stm32f4xx_hal_pwr_ex.o
                0x080030d0                HAL_PWREx_EnableOverDrive
 .text.HAL_RCC_OscConfig
                0x08003170      0x484 Drivers\STM32F4xx_HAL_Driver\Src\stm32f4xx_hal_rcc.o
                0x08003170                HAL_RCC_OscConfig
 .text.HAL_RCC_ClockConfig
                0x080035f4      0x1c4 Drivers\STM32F4xx_HAL_Driver\Src\stm32f4xx_hal_rcc.o
                0x080035f4                HAL_RCC_ClockConfig
 .text.HAL_RCC_GetSysClockFreq
                0x080037b8      0x1b0 Drivers\STM32F4xx_HAL_Driver\Src\stm32f4xx_hal_rcc.o
                0x080037b8                HAL_RCC_GetSysClockFreq
 .text.HAL_RCC_GetHCLKFreq
                0x08003968       0x18 Drivers\STM32F4xx_HAL_Driver\Src\stm32f4xx_hal_rcc.o
                0x08003968                HAL_RCC_GetHCLKFreq
 .text.HAL_RCC_GetPCLK1Freq
                0x08003980       0x28 Drivers\STM32F4xx_HAL_Driver\Src\stm32f4xx_hal_rcc.o
                0x08003980                HAL_RCC_GetPCLK1Freq
 .text.HAL_RCC_GetPCLK2Freq
                0x080039a8       0x28 Drivers\STM32F4xx_HAL_Driver\Src\stm32f4xx_hal_rcc.o
                0x080039a8                HAL_RCC_GetPCLK2Freq
 .text.HAL_RCC_GetClockConfig
                0x080039d0       0x64 Drivers\STM32F4xx_HAL_Driver\Src\stm32f4xx_hal_rcc.o
                0x080039d0                HAL_RCC_GetClockConfig
 .text.HAL_RCCEx_PeriphCLKConfig
                0x08003a34      0x348 Drivers\STM32F4xx_HAL_Driver\Src\stm32f4xx_hal_rcc_ex.o
                0x08003a34                HAL_RCCEx_PeriphCLKConfig
 .text.HAL_SDRAM_Init
                0x08003d7c       0x68 Drivers\STM32F4xx_HAL_Driver\Src\stm32f4xx_hal_sdram.o
                0x08003d7c                HAL_SDRAM_Init
 .text.HAL_SDRAM_SendCommand
                0x08003de4       0x56 Drivers\STM32F4xx_HAL_Driver\Src\stm32f4xx_hal_sdram.o
                0x08003de4                HAL_SDRAM_SendCommand
 .text.HAL_SDRAM_ProgramRefreshRate
                0x08003e3a       0x40 Drivers\STM32F4xx_HAL_Driver\Src\stm32f4xx_hal_sdram.o
                0x08003e3a                HAL_SDRAM_ProgramRefreshRate
 .text.HAL_SPI_Init
                0x08003e7a       0xc6 Drivers\STM32F4xx_HAL_Driver\Src\stm32f4xx_hal_spi.o
                0x08003e7a                HAL_SPI_Init
 .text.HAL_SPI_DeInit
                0x08003f40       0x50 Drivers\STM32F4xx_HAL_Driver\Src\stm32f4xx_hal_spi.o
                0x08003f40                HAL_SPI_DeInit
 .text.HAL_SPI_Transmit
                0x08003f90      0x264 Drivers\STM32F4xx_HAL_Driver\Src\stm32f4xx_hal_spi.o
                0x08003f90                HAL_SPI_Transmit
 .text.HAL_SPI_Receive
                0x080041f4      0x20c Drivers\STM32F4xx_HAL_Driver\Src\stm32f4xx_hal_spi.o
                0x080041f4                HAL_SPI_Receive
 .text.HAL_SPI_TransmitReceive
                0x08004400      0x340 Drivers\STM32F4xx_HAL_Driver\Src\stm32f4xx_hal_spi.o
                0x08004400                HAL_SPI_TransmitReceive
 .text.HAL_SPI_GetState
                0x08004740       0x1c Drivers\STM32F4xx_HAL_Driver\Src\stm32f4xx_hal_spi.o
                0x08004740                HAL_SPI_GetState
 .text.SPI_WaitFlagStateUntilTimeout
                0x0800475c       0xd4 Drivers\STM32F4xx_HAL_Driver\Src\stm32f4xx_hal_spi.o
 .text.SPI_EndRxTransaction
                0x08004830       0x6a Drivers\STM32F4xx_HAL_Driver\Src\stm32f4xx_hal_spi.o
 .text.SPI_EndRxTxTransaction
                0x0800489a       0x3c Drivers\STM32F4xx_HAL_Driver\Src\stm32f4xx_hal_spi.o
 .text.HAL_TIM_Base_Init
                0x080048d6       0x56 Drivers\STM32F4xx_HAL_Driver\Src\stm32f4xx_hal_tim.o
                0x080048d6                HAL_TIM_Base_Init
 .text.HAL_TIM_Base_MspInit
                0x0800492c       0x14 Drivers\STM32F4xx_HAL_Driver\Src\stm32f4xx_hal_tim.o
                0x0800492c                HAL_TIM_Base_MspInit
 .text.HAL_TIM_Base_Start_IT
                0x08004940       0x48 Drivers\STM32F4xx_HAL_Driver\Src\stm32f4xx_hal_tim.o
                0x08004940                HAL_TIM_Base_Start_IT
 .text.HAL_TIM_IRQHandler
                0x08004988      0x210 Drivers\STM32F4xx_HAL_Driver\Src\stm32f4xx_hal_tim.o
                0x08004988                HAL_TIM_IRQHandler
 .text.HAL_TIM_OC_DelayElapsedCallback
                0x08004b98       0x14 Drivers\STM32F4xx_HAL_Driver\Src\stm32f4xx_hal_tim.o
                0x08004b98                HAL_TIM_OC_DelayElapsedCallback
 .text.HAL_TIM_IC_CaptureCallback
                0x08004bac       0x14 Drivers\STM32F4xx_HAL_Driver\Src\stm32f4xx_hal_tim.o
                0x08004bac                HAL_TIM_IC_CaptureCallback
 .text.HAL_TIM_PWM_PulseFinishedCallback
                0x08004bc0       0x14 Drivers\STM32F4xx_HAL_Driver\Src\stm32f4xx_hal_tim.o
                0x08004bc0                HAL_TIM_PWM_PulseFinishedCallback
 .text.HAL_TIM_TriggerCallback
                0x08004bd4       0x14 Drivers\STM32F4xx_HAL_Driver\Src\stm32f4xx_hal_tim.o
                0x08004bd4                HAL_TIM_TriggerCallback
 .text.TIM_Base_SetConfig
                0x08004be8      0x140 Drivers\STM32F4xx_HAL_Driver\Src\stm32f4xx_hal_tim.o
                0x08004be8                TIM_Base_SetConfig
 .text.HAL_TIMEx_CommutCallback
                0x08004d28       0x14 Drivers\STM32F4xx_HAL_Driver\Src\stm32f4xx_hal_tim_ex.o
                0x08004d28                HAL_TIMEx_CommutCallback
 .text.HAL_TIMEx_BreakCallback
                0x08004d3c       0x14 Drivers\STM32F4xx_HAL_Driver\Src\stm32f4xx_hal_tim_ex.o
                0x08004d3c                HAL_TIMEx_BreakCallback
 .text.HAL_UART_Init
                0x08004d50       0x9a Drivers\STM32F4xx_HAL_Driver\Src\stm32f4xx_hal_uart.o
                0x08004d50                HAL_UART_Init
 *fill*         0x08004dea        0x2 
 .text.UART_SetConfig
                0x08004dec      0x414 Drivers\STM32F4xx_HAL_Driver\Src\stm32f4xx_hal_uart.o
 .text.FMC_SDRAM_Init
                0x08005200       0xe6 Drivers\STM32F4xx_HAL_Driver\Src\stm32f4xx_ll_fmc.o
                0x08005200                FMC_SDRAM_Init
 .text.FMC_SDRAM_Timing_Init
                0x080052e6       0xfe Drivers\STM32F4xx_HAL_Driver\Src\stm32f4xx_ll_fmc.o
                0x080052e6                FMC_SDRAM_Timing_Init
 .text.FMC_SDRAM_SendCommand
                0x080053e4       0x78 Drivers\STM32F4xx_HAL_Driver\Src\stm32f4xx_ll_fmc.o
                0x080053e4                FMC_SDRAM_SendCommand
 .text.FMC_SDRAM_ProgramRefreshRate
                0x0800545c       0x26 Drivers\STM32F4xx_HAL_Driver\Src\stm32f4xx_ll_fmc.o
                0x0800545c                FMC_SDRAM_ProgramRefreshRate
 .text.makeFreeRtosPriority
                0x08005482       0x30 Middlewares\Third_Party\FreeRTOS\Source\CMSIS_RTOS\cmsis_os.o
 .text.osKernelStart
                0x080054b2        0xe Middlewares\Third_Party\FreeRTOS\Source\CMSIS_RTOS\cmsis_os.o
                0x080054b2                osKernelStart
 .text.osThreadCreate
                0x080054c0       0x4e Middlewares\Third_Party\FreeRTOS\Source\CMSIS_RTOS\cmsis_os.o
                0x080054c0                osThreadCreate
 .text.osDelay  0x0800550e       0x28 Middlewares\Third_Party\FreeRTOS\Source\CMSIS_RTOS\cmsis_os.o
                0x0800550e                osDelay
 .text.vListInitialise
                0x08005536       0x40 Middlewares\Third_Party\FreeRTOS\Source\list.o
                0x08005536                vListInitialise
 .text.vListInitialiseItem
                0x08005576       0x1a Middlewares\Third_Party\FreeRTOS\Source\list.o
                0x08005576                vListInitialiseItem
 .text.vListInsertEnd
                0x08005590       0x48 Middlewares\Third_Party\FreeRTOS\Source\list.o
                0x08005590                vListInsertEnd
 .text.vListInsert
                0x080055d8       0x72 Middlewares\Third_Party\FreeRTOS\Source\list.o
                0x080055d8                vListInsert
 .text.uxListRemove
                0x0800564a       0x54 Middlewares\Third_Party\FreeRTOS\Source\list.o
                0x0800564a                uxListRemove
 *fill*         0x0800569e        0x2 
 .text.pxPortInitialiseStack
                0x080056a0       0x68 Middlewares\Third_Party\FreeRTOS\Source\portable\GCC\ARM_CM4F\port.o
                0x080056a0                pxPortInitialiseStack
 .text.prvTaskExitError
                0x08005708       0x54 Middlewares\Third_Party\FreeRTOS\Source\portable\GCC\ARM_CM4F\port.o
 *fill*         0x0800575c        0x4 
 .text.SVC_Handler
                0x08005760       0x28 Middlewares\Third_Party\FreeRTOS\Source\portable\GCC\ARM_CM4F\port.o
                0x08005760                SVC_Handler
 .text.prvPortStartFirstTask
                0x08005788       0x28 Middlewares\Third_Party\FreeRTOS\Source\portable\GCC\ARM_CM4F\port.o
 .text.xPortStartScheduler
                0x080057b0      0x13c Middlewares\Third_Party\FreeRTOS\Source\portable\GCC\ARM_CM4F\port.o
                0x080057b0                xPortStartScheduler
 .text.vPortEnterCritical
                0x080058ec       0x5c Middlewares\Third_Party\FreeRTOS\Source\portable\GCC\ARM_CM4F\port.o
                0x080058ec                vPortEnterCritical
 .text.vPortExitCritical
                0x08005948       0x50 Middlewares\Third_Party\FreeRTOS\Source\portable\GCC\ARM_CM4F\port.o
                0x08005948                vPortExitCritical
 *fill*         0x08005998        0x8 
 .text.PendSV_Handler
                0x080059a0       0x68 Middlewares\Third_Party\FreeRTOS\Source\portable\GCC\ARM_CM4F\port.o
                0x080059a0                PendSV_Handler
 .text.SysTick_Handler
                0x08005a08       0x40 Middlewares\Third_Party\FreeRTOS\Source\portable\GCC\ARM_CM4F\port.o
                0x08005a08                SysTick_Handler
 .text.vPortSetupTimerInterrupt
                0x08005a48       0x48 Middlewares\Third_Party\FreeRTOS\Source\portable\GCC\ARM_CM4F\port.o
                0x08005a48                vPortSetupTimerInterrupt
 .text.vPortEnableVFP
                0x08005a90       0x14 Middlewares\Third_Party\FreeRTOS\Source\portable\GCC\ARM_CM4F\port.o
 .text.pvPortMalloc
                0x08005aa4      0x184 Middlewares\Third_Party\FreeRTOS\Source\portable\MemMang\heap_4.o
                0x08005aa4                pvPortMalloc
 .text.vPortFree
                0x08005c28       0xb0 Middlewares\Third_Party\FreeRTOS\Source\portable\MemMang\heap_4.o
                0x08005c28                vPortFree
 .text.prvHeapInit
                0x08005cd8       0xc4 Middlewares\Third_Party\FreeRTOS\Source\portable\MemMang\heap_4.o
 .text.prvInsertBlockIntoFreeList
                0x08005d9c       0xb4 Middlewares\Third_Party\FreeRTOS\Source\portable\MemMang\heap_4.o
 .text.xTaskCreate
                0x08005e50       0x82 Middlewares\Third_Party\FreeRTOS\Source\tasks.o
                0x08005e50                xTaskCreate
 .text.prvInitialiseNewTask
                0x08005ed2       0xfc Middlewares\Third_Party\FreeRTOS\Source\tasks.o
 *fill*         0x08005fce        0x2 
 .text.prvAddNewTaskToReadyList
                0x08005fd0       0xd4 Middlewares\Third_Party\FreeRTOS\Source\tasks.o
 .text.vTaskDelay
                0x080060a4       0x68 Middlewares\Third_Party\FreeRTOS\Source\tasks.o
                0x080060a4                vTaskDelay
 .text.vTaskStartScheduler
                0x0800610c       0x8c Middlewares\Third_Party\FreeRTOS\Source\tasks.o
                0x0800610c                vTaskStartScheduler
 .text.vTaskSuspendAll
                0x08006198       0x1c Middlewares\Third_Party\FreeRTOS\Source\tasks.o
                0x08006198                vTaskSuspendAll
 .text.xTaskResumeAll
                0x080061b4      0x138 Middlewares\Third_Party\FreeRTOS\Source\tasks.o
                0x080061b4                xTaskResumeAll
 .text.xTaskIncrementTick
                0x080062ec      0x178 Middlewares\Third_Party\FreeRTOS\Source\tasks.o
                0x080062ec                xTaskIncrementTick
 .text.vTaskSwitchContext
                0x08006464       0xb4 Middlewares\Third_Party\FreeRTOS\Source\tasks.o
                0x08006464                vTaskSwitchContext
 .text.prvIdleTask
                0x08006518       0x30 Middlewares\Third_Party\FreeRTOS\Source\tasks.o
 .text.prvInitialiseTaskLists
                0x08006548       0x80 Middlewares\Third_Party\FreeRTOS\Source\tasks.o
 .text.prvCheckTasksWaitingTermination
                0x080065c8       0x58 Middlewares\Third_Party\FreeRTOS\Source\tasks.o
 .text.prvDeleteTCB
                0x08006620       0x20 Middlewares\Third_Party\FreeRTOS\Source\tasks.o
 .text.prvResetNextTaskUnblockTime
                0x08006640       0x4c Middlewares\Third_Party\FreeRTOS\Source\tasks.o
 .text.prvAddCurrentTaskToDelayedList
                0x0800668c       0xcc Middlewares\Third_Party\FreeRTOS\Source\tasks.o
 .text.MX_DMA2D_Init
                0x08006758       0x3c Src\dma2d.o
                0x08006758                MX_DMA2D_Init
 .text.HAL_DMA2D_MspInit
                0x08006794       0x44 Src\dma2d.o
                0x08006794                HAL_DMA2D_MspInit
 .text.MX_FMC_Init
                0x080067d8       0x8c Src\fmc.o
                0x080067d8                MX_FMC_Init
 .text.HAL_FMC_MspInit
                0x08006864      0x118 Src\fmc.o
 .text.HAL_SDRAM_MspInit
                0x0800697c       0x14 Src\fmc.o
                0x0800697c                HAL_SDRAM_MspInit
 .text.MX_FREERTOS_Init
                0x08006990       0xe0 Src\freertos.o
                0x08006990                MX_FREERTOS_Init
 .text.StartLCD_handling
                0x08006a70       0x4c Src\freertos.o
                0x08006a70                StartLCD_handling
 .text.StartTS_handling
                0x08006abc       0x48 Src\freertos.o
                0x08006abc                StartTS_handling
 .text.StartMPU_handling
                0x08006b04       0x28 Src\freertos.o
                0x08006b04                StartMPU_handling
 .text.StartGAME_master
                0x08006b2c      0x13c Src\freertos.o
                0x08006b2c                StartGAME_master
 .text.MX_GPIO_Init
                0x08006c68      0x25c Src\gpio.o
                0x08006c68                MX_GPIO_Init
 .text.writegyro
                0x08006ec4       0x5c Src\gyro.o
                0x08006ec4                writegyro
 .text.readgyro
                0x08006f20       0x6c Src\gyro.o
                0x08006f20                readgyro
 .text.gyro_init
                0x08006f8c       0x58 Src\gyro.o
                0x08006f8c                gyro_init
 *fill*         0x08006fe4        0x4 
 .text.read_gyro
                0x08006fe8      0x370 Src\gyro.o
                0x08006fe8                read_gyro
 .text.MX_I2C3_Init
                0x08007358       0x80 Src\i2c.o
                0x08007358                MX_I2C3_Init
 .text.HAL_I2C_MspInit
                0x080073d8       0xd4 Src\i2c.o
                0x080073d8                HAL_I2C_MspInit
 .text.HAL_I2C_MspDeInit
                0x080074ac       0x4c Src\i2c.o
                0x080074ac                HAL_I2C_MspDeInit
 .text.ili9341_Init
                0x080074f8      0x294 Src\ili9341.o
                0x080074f8                ili9341_Init
 .text.ili9341_ReadID
                0x0800778c       0x18 Src\ili9341.o
                0x0800778c                ili9341_ReadID
 .text.ili9341_DisplayOn
                0x080077a4        0xe Src\ili9341.o
                0x080077a4                ili9341_DisplayOn
 .text.ili9341_DisplayOff
                0x080077b2        0xe Src\ili9341.o
                0x080077b2                ili9341_DisplayOff
 .text.ili9341_WriteReg
                0x080077c0       0x1a Src\ili9341.o
                0x080077c0                ili9341_WriteReg
 .text.ili9341_WriteData
                0x080077da       0x1a Src\ili9341.o
                0x080077da                ili9341_WriteData
 .text.ili9341_ReadData
                0x080077f4       0x26 Src\ili9341.o
                0x080077f4                ili9341_ReadData
 .text.ili9341_GetLcdPixelWidth
                0x0800781a       0x10 Src\ili9341.o
                0x0800781a                ili9341_GetLcdPixelWidth
 .text.ili9341_GetLcdPixelHeight
                0x0800782a       0x12 Src\ili9341.o
                0x0800782a                ili9341_GetLcdPixelHeight
 .text.initMenu
                0x0800783c       0x2c Src\interface.o
                0x0800783c                initMenu
 .text.screenRefresh
                0x08007868       0x30 Src\interface.o
                0x08007868                screenRefresh
 .text.DrawButton
                0x08007898       0x64 Src\interface.o
                0x08007898                DrawButton
 .text.Display  0x080078fc       0x48 Src\interface.o
                0x080078fc                Display
 .text.Service  0x08007944       0x3c Src\interface.o
                0x08007944                Service
 .text.Display_Intro
                0x08007980      0x244 Src\interface.o
                0x08007980                Display_Intro
 .text.Display_Menu
                0x08007bc4       0x64 Src\interface.o
                0x08007bc4                Display_Menu
 .text.drawWall
                0x08007c28       0x3c Src\interface.o
                0x08007c28                drawWall
 .text.Display_Start
                0x08007c64      0x118 Src\interface.o
                0x08007c64                Display_Start
 .text.Display_Odczyty
                0x08007d7c      0x164 Src\interface.o
                0x08007d7c                Display_Odczyty
 .text.Display_Onas
                0x08007ee0       0x7c Src\interface.o
                0x08007ee0                Display_Onas
 .text.menuService
                0x08007f5c       0xa4 Src\interface.o
                0x08007f5c                menuService
 .text.collisionDetection
                0x08008000      0x45c Src\interface.o
                0x08008000                collisionDetection
 .text.changeBallPosition
                0x0800845c      0x218 Src\interface.o
                0x0800845c                changeBallPosition
 .text.startService
                0x08008674       0x38 Src\interface.o
                0x08008674                startService
 .text.odczytyService
                0x080086ac       0x50 Src\interface.o
                0x080086ac                odczytyService
 .text.onasService
                0x080086fc       0x48 Src\interface.o
                0x080086fc                onasService
 .text.MX_LTDC_Init
                0x08008744      0x164 Src\ltdc.o
                0x08008744                MX_LTDC_Init
 .text.HAL_LTDC_MspInit
                0x080088a8      0x21c Src\ltdc.o
                0x080088a8                HAL_LTDC_MspInit
 .text.main     0x08008ac4       0x50 Src\main.o
                0x08008ac4                main
 .text.SystemClock_Config
                0x08008b14      0x114 Src\main.o
                0x08008b14                SystemClock_Config
 .text.initPointers
                0x08008c28       0x50 Src\main.o
                0x08008c28                initPointers
 .text.ltdc_finishConfig
                0x08008c78       0x3c Src\main.o
                0x08008c78                ltdc_finishConfig
 .text.ts_init  0x08008cb4       0x22 Src\main.o
                0x08008cb4                ts_init
 *fill*         0x08008cd6        0x2 
 .text.HAL_TIM_PeriodElapsedCallback
                0x08008cd8       0x24 Src\main.o
                0x08008cd8                HAL_TIM_PeriodElapsedCallback
 .text.Error_Handler
                0x08008cfc        0xe Src\main.o
                0x08008cfc                Error_Handler
 *fill*         0x08008d0a        0x2 
 .text.MX_SPI5_Init
                0x08008d0c       0x6c Src\spi.o
                0x08008d0c                MX_SPI5_Init
 .text.HAL_SPI_MspInit
                0x08008d78       0x90 Src\spi.o
                0x08008d78                HAL_SPI_MspInit
 .text.HAL_SPI_MspDeInit
                0x08008e08       0x3c Src\spi.o
                0x08008e08                HAL_SPI_MspDeInit
 .text.I2Cx_MspInit
                0x08008e44       0xec Src\stm32f429i_discovery.o
 .text.I2Cx_Init
                0x08008f30       0x64 Src\stm32f429i_discovery.o
 .text.I2Cx_ITConfig
                0x08008f94       0x64 Src\stm32f429i_discovery.o
 .text.I2Cx_WriteData
                0x08008ff8       0x54 Src\stm32f429i_discovery.o
 .text.I2Cx_ReadData
                0x0800904c       0x58 Src\stm32f429i_discovery.o
 .text.I2Cx_ReadBuffer
                0x080090a4       0x5c Src\stm32f429i_discovery.o
 .text.I2Cx_Error
                0x08009100       0x18 Src\stm32f429i_discovery.o
 .text.SPIx_Init
                0x08009118       0x74 Src\stm32f429i_discovery.o
 .text.SPIx_Read
                0x0800918c       0x40 Src\stm32f429i_discovery.o
 .text.SPIx_Write
                0x080091cc       0x3c Src\stm32f429i_discovery.o
 .text.SPIx_Error
                0x08009208       0x18 Src\stm32f429i_discovery.o
 .text.SPIx_MspInit
                0x08009220       0x74 Src\stm32f429i_discovery.o
 .text.LCD_IO_Init
                0x08009294       0xf0 Src\stm32f429i_discovery.o
                0x08009294                LCD_IO_Init
 .text.LCD_IO_WriteData
                0x08009384       0x44 Src\stm32f429i_discovery.o
                0x08009384                LCD_IO_WriteData
 .text.LCD_IO_WriteReg
                0x080093c8       0x44 Src\stm32f429i_discovery.o
                0x080093c8                LCD_IO_WriteReg
 .text.LCD_IO_ReadData
                0x0800940c       0x64 Src\stm32f429i_discovery.o
                0x0800940c                LCD_IO_ReadData
 .text.LCD_Delay
                0x08009470       0x16 Src\stm32f429i_discovery.o
                0x08009470                LCD_Delay
 .text.IOE_Init
                0x08009486        0xc Src\stm32f429i_discovery.o
                0x08009486                IOE_Init
 .text.IOE_ITConfig
                0x08009492        0xc Src\stm32f429i_discovery.o
                0x08009492                IOE_ITConfig
 .text.IOE_Write
                0x0800949e       0x26 Src\stm32f429i_discovery.o
                0x0800949e                IOE_Write
 .text.IOE_Read
                0x080094c4       0x26 Src\stm32f429i_discovery.o
                0x080094c4                IOE_Read
 .text.IOE_ReadMultiple
                0x080094ea       0x2e Src\stm32f429i_discovery.o
                0x080094ea                IOE_ReadMultiple
 .text.IOE_Delay
                0x08009518       0x16 Src\stm32f429i_discovery.o
                0x08009518                IOE_Delay
 *fill*         0x0800952e        0x2 
 .text.LTDCSetup
                0x08009530       0x20 Src\stm32f429i_discovery_lcd.o
                0x08009530                LTDCSetup
 .text.DMASetup
                0x08009550       0x20 Src\stm32f429i_discovery_lcd.o
                0x08009550                DMASetup
 .text.initILI9341
                0x08009570       0x20 Src\stm32f429i_discovery_lcd.o
                0x08009570                initILI9341
 .text.BSP_LCD_GetXSize
                0x08009590       0x18 Src\stm32f429i_discovery_lcd.o
                0x08009590                BSP_LCD_GetXSize
 .text.BSP_LCD_GetYSize
                0x080095a8       0x18 Src\stm32f429i_discovery_lcd.o
                0x080095a8                BSP_LCD_GetYSize
 .text.BSP_LCD_LayerDefaultInit
                0x080095c0       0xcc Src\stm32f429i_discovery_lcd.o
                0x080095c0                BSP_LCD_LayerDefaultInit
 .text.BSP_LCD_SelectLayer
                0x0800968c       0x20 Src\stm32f429i_discovery_lcd.o
                0x0800968c                BSP_LCD_SelectLayer
 .text.BSP_LCD_SetTextColor
                0x080096ac       0x30 Src\stm32f429i_discovery_lcd.o
                0x080096ac                BSP_LCD_SetTextColor
 .text.BSP_LCD_SetBackColor
                0x080096dc       0x34 Src\stm32f429i_discovery_lcd.o
                0x080096dc                BSP_LCD_SetBackColor
 .text.BSP_LCD_SetFont
                0x08009710       0x34 Src\stm32f429i_discovery_lcd.o
                0x08009710                BSP_LCD_SetFont
 .text.BSP_LCD_ReadPixel
                0x08009744      0x15c Src\stm32f429i_discovery_lcd.o
                0x08009744                BSP_LCD_ReadPixel
 .text.BSP_LCD_Clear
                0x080098a0       0x54 Src\stm32f429i_discovery_lcd.o
                0x080098a0                BSP_LCD_Clear
 .text.BSP_LCD_DisplayChar
                0x080098f4       0x88 Src\stm32f429i_discovery_lcd.o
                0x080098f4                BSP_LCD_DisplayChar
 .text.BSP_LCD_DisplayStringAt
                0x0800997c      0x174 Src\stm32f429i_discovery_lcd.o
                0x0800997c                BSP_LCD_DisplayStringAt
 .text.BSP_LCD_DrawHLine
                0x08009af0       0x80 Src\stm32f429i_discovery_lcd.o
                0x08009af0                BSP_LCD_DrawHLine
 .text.BSP_LCD_DrawCircle
                0x08009b70      0x1e0 Src\stm32f429i_discovery_lcd.o
                0x08009b70                BSP_LCD_DrawCircle
 .text.BSP_LCD_FillRect
                0x08009d50       0xb4 Src\stm32f429i_discovery_lcd.o
                0x08009d50                BSP_LCD_FillRect
 .text.BSP_LCD_FillCircle
                0x08009e04      0x140 Src\stm32f429i_discovery_lcd.o
                0x08009e04                BSP_LCD_FillCircle
 .text.BSP_LCD_DrawPixel
                0x08009f44       0x50 Src\stm32f429i_discovery_lcd.o
                0x08009f44                BSP_LCD_DrawPixel
 .text.DrawChar
                0x08009f94      0x174 Src\stm32f429i_discovery_lcd.o
 .text.FillBuffer
                0x0800a108       0x7c Src\stm32f429i_discovery_lcd.o
 .text.RAMSetup
                0x0800a184       0x20 Src\stm32f429i_discovery_sdram.o
                0x0800a184                RAMSetup
 .text.BSP_SDRAM_Initialization_sequence
                0x0800a1a4       0xd4 Src\stm32f429i_discovery_sdram.o
                0x0800a1a4                BSP_SDRAM_Initialization_sequence
 .text.BSP_TS_Init
                0x0800a278       0x74 Src\stm32f429i_discovery_ts.o
                0x0800a278                BSP_TS_Init
 .text.BSP_TS_GetState
                0x0800a2ec      0x164 Src\stm32f429i_discovery_ts.o
                0x0800a2ec                BSP_TS_GetState
 .text.HAL_MspInit
                0x0800a450       0x58 Src\stm32f4xx_hal_msp.o
                0x0800a450                HAL_MspInit
 .text.HAL_InitTick
                0x0800a4a8       0xb4 Src\stm32f4xx_hal_timebase_tim.o
                0x0800a4a8                HAL_InitTick
 .text.NMI_Handler
                0x0800a55c        0xe Src\stm32f4xx_it.o
                0x0800a55c                NMI_Handler
 .text.HardFault_Handler
                0x0800a56a        0x6 Src\stm32f4xx_it.o
                0x0800a56a                HardFault_Handler
 .text.MemManage_Handler
                0x0800a570        0x6 Src\stm32f4xx_it.o
                0x0800a570                MemManage_Handler
 .text.BusFault_Handler
                0x0800a576        0x6 Src\stm32f4xx_it.o
                0x0800a576                BusFault_Handler
 .text.UsageFault_Handler
                0x0800a57c        0x6 Src\stm32f4xx_it.o
                0x0800a57c                UsageFault_Handler
 .text.DebugMon_Handler
                0x0800a582        0xe Src\stm32f4xx_it.o
                0x0800a582                DebugMon_Handler
 .text.TIM6_DAC_IRQHandler
                0x0800a590       0x14 Src\stm32f4xx_it.o
                0x0800a590                TIM6_DAC_IRQHandler
 .text.stmpe811_Init
                0x0800a5a4       0x50 Src\stmpe811.o
                0x0800a5a4                stmpe811_Init
 .text.stmpe811_Reset
                0x0800a5f4       0x3a Src\stmpe811.o
                0x0800a5f4                stmpe811_Reset
 .text.stmpe811_ReadID
                0x0800a62e       0x3e Src\stmpe811.o
                0x0800a62e                stmpe811_ReadID
 .text.stmpe811_EnableGlobalIT
                0x0800a66c       0x3c Src\stmpe811.o
                0x0800a66c                stmpe811_EnableGlobalIT
 .text.stmpe811_DisableGlobalIT
                0x0800a6a8       0x3c Src\stmpe811.o
                0x0800a6a8                stmpe811_DisableGlobalIT
 .text.stmpe811_EnableITSource
                0x0800a6e4       0x42 Src\stmpe811.o
                0x0800a6e4                stmpe811_EnableITSource
 .text.stmpe811_DisableITSource
                0x0800a726       0x4c Src\stmpe811.o
                0x0800a726                stmpe811_DisableITSource
 .text.stmpe811_ReadGITStatus
                0x0800a772       0x2e Src\stmpe811.o
                0x0800a772                stmpe811_ReadGITStatus
 .text.stmpe811_ClearGlobalIT
                0x0800a7a0       0x26 Src\stmpe811.o
                0x0800a7a0                stmpe811_ClearGlobalIT
 .text.stmpe811_IO_EnableAF
                0x0800a7c6       0x48 Src\stmpe811.o
                0x0800a7c6                stmpe811_IO_EnableAF
 .text.stmpe811_TS_Start
                0x0800a80e       0xf0 Src\stmpe811.o
                0x0800a80e                stmpe811_TS_Start
 .text.stmpe811_TS_DetectTouch
                0x0800a8fe       0x70 Src\stmpe811.o
                0x0800a8fe                stmpe811_TS_DetectTouch
 .text.stmpe811_TS_GetXY
                0x0800a96e       0x72 Src\stmpe811.o
                0x0800a96e                stmpe811_TS_GetXY
 .text.stmpe811_TS_EnableIT
                0x0800a9e0       0x28 Src\stmpe811.o
                0x0800a9e0                stmpe811_TS_EnableIT
 .text.stmpe811_TS_DisableIT
                0x0800aa08       0x24 Src\stmpe811.o
                0x0800aa08                stmpe811_TS_DisableIT
 .text.stmpe811_TS_ITStatus
                0x0800aa2c       0x1e Src\stmpe811.o
                0x0800aa2c                stmpe811_TS_ITStatus
 .text.stmpe811_TS_ClearIT
                0x0800aa4a       0x1c Src\stmpe811.o
                0x0800aa4a                stmpe811_TS_ClearIT
 *fill*         0x0800aa66        0x2 
 .text.stmpe811_GetInstance
                0x0800aa68       0x44 Src\stmpe811.o
 .text.SystemInit
                0x0800aaac       0x6c Src\system_stm32f4xx.o
                0x0800aaac                SystemInit
 .text.MX_USART1_UART_Init
                0x0800ab18       0x54 Src\usart.o
                0x0800ab18                MX_USART1_UART_Init
 .text.HAL_UART_MspInit
                0x0800ab6c       0x90 Src\usart.o
                0x0800ab6c                HAL_UART_MspInit
 .text.Reset_Handler
                0x0800abfc       0x50 startup\startup_stm32f429xx.o
                0x0800abfc                Reset_Handler
 .text.Default_Handler
                0x0800ac4c        0x2 startup\startup_stm32f429xx.o
                0x0800ac4c                RTC_Alarm_IRQHandler
                0x0800ac4c                HASH_RNG_IRQHandler
                0x0800ac4c                EXTI2_IRQHandler
                0x0800ac4c                TIM8_CC_IRQHandler
                0x0800ac4c                UART8_IRQHandler
                0x0800ac4c                SPI4_IRQHandler
                0x0800ac4c                TIM1_CC_IRQHandler
                0x0800ac4c                DMA2_Stream5_IRQHandler
                0x0800ac4c                DMA1_Stream5_IRQHandler
                0x0800ac4c                PVD_IRQHandler
                0x0800ac4c                SDIO_IRQHandler
                0x0800ac4c                TAMP_STAMP_IRQHandler
                0x0800ac4c                CAN2_RX1_IRQHandler
                0x0800ac4c                EXTI3_IRQHandler
                0x0800ac4c                TIM8_TRG_COM_TIM14_IRQHandler
                0x0800ac4c                TIM1_UP_TIM10_IRQHandler
                0x0800ac4c                TIM8_UP_TIM13_IRQHandler
                0x0800ac4c                I2C3_ER_IRQHandler
                0x0800ac4c                EXTI0_IRQHandler
                0x0800ac4c                I2C2_EV_IRQHandler
                0x0800ac4c                DMA1_Stream2_IRQHandler
                0x0800ac4c                CAN1_RX0_IRQHandler
                0x0800ac4c                FPU_IRQHandler
                0x0800ac4c                OTG_HS_WKUP_IRQHandler
                0x0800ac4c                LTDC_ER_IRQHandler
                0x0800ac4c                CAN2_SCE_IRQHandler
                0x0800ac4c                DMA2_Stream2_IRQHandler
                0x0800ac4c                SPI1_IRQHandler
                0x0800ac4c                TIM1_BRK_TIM9_IRQHandler
                0x0800ac4c                DCMI_IRQHandler
                0x0800ac4c                CAN2_RX0_IRQHandler
                0x0800ac4c                DMA2_Stream3_IRQHandler
                0x0800ac4c                USART6_IRQHandler
                0x0800ac4c                USART3_IRQHandler
                0x0800ac4c                CAN1_RX1_IRQHandler
                0x0800ac4c                UART5_IRQHandler
                0x0800ac4c                DMA2_Stream0_IRQHandler
                0x0800ac4c                TIM4_IRQHandler
                0x0800ac4c                I2C1_EV_IRQHandler
                0x0800ac4c                DMA1_Stream6_IRQHandler
                0x0800ac4c                DMA1_Stream1_IRQHandler
                0x0800ac4c                UART4_IRQHandler
                0x0800ac4c                TIM3_IRQHandler
                0x0800ac4c                RCC_IRQHandler
                0x0800ac4c                TIM8_BRK_TIM12_IRQHandler
                0x0800ac4c                Default_Handler
                0x0800ac4c                EXTI15_10_IRQHandler
                0x0800ac4c                ADC_IRQHandler
                0x0800ac4c                DMA1_Stream7_IRQHandler
                0x0800ac4c                SPI5_IRQHandler
                0x0800ac4c                TIM7_IRQHandler
                0x0800ac4c                CAN2_TX_IRQHandler
                0x0800ac4c                TIM5_IRQHandler
                0x0800ac4c                DMA2_Stream7_IRQHandler
                0x0800ac4c                I2C3_EV_IRQHandler
                0x0800ac4c                EXTI9_5_IRQHandler
                0x0800ac4c                RTC_WKUP_IRQHandler
                0x0800ac4c                LTDC_IRQHandler
                0x0800ac4c                ETH_WKUP_IRQHandler
                0x0800ac4c                SPI2_IRQHandler
                0x0800ac4c                OTG_HS_EP1_IN_IRQHandler
                0x0800ac4c                DMA1_Stream0_IRQHandler
                0x0800ac4c                CAN1_TX_IRQHandler
                0x0800ac4c                EXTI4_IRQHandler
                0x0800ac4c                ETH_IRQHandler
                0x0800ac4c                OTG_HS_EP1_OUT_IRQHandler
                0x0800ac4c                WWDG_IRQHandler
                0x0800ac4c                SPI6_IRQHandler
                0x0800ac4c                TIM2_IRQHandler
                0x0800ac4c                OTG_FS_WKUP_IRQHandler
                0x0800ac4c                TIM1_TRG_COM_TIM11_IRQHandler
                0x0800ac4c                OTG_HS_IRQHandler
                0x0800ac4c                DMA2D_IRQHandler
                0x0800ac4c                EXTI1_IRQHandler
                0x0800ac4c                UART7_IRQHandler
                0x0800ac4c                USART2_IRQHandler
                0x0800ac4c                I2C2_ER_IRQHandler
                0x0800ac4c                DMA2_Stream1_IRQHandler
                0x0800ac4c                CAN1_SCE_IRQHandler
                0x0800ac4c                FLASH_IRQHandler
                0x0800ac4c                DMA2_Stream4_IRQHandler
                0x0800ac4c                USART1_IRQHandler
                0x0800ac4c                OTG_FS_IRQHandler
                0x0800ac4c                SPI3_IRQHandler
                0x0800ac4c                DMA1_Stream4_IRQHandler
                0x0800ac4c                I2C1_ER_IRQHandler
                0x0800ac4c                FMC_IRQHandler
                0x0800ac4c                DMA2_Stream6_IRQHandler
                0x0800ac4c                SAI1_IRQHandler
                0x0800ac4c                DMA1_Stream3_IRQHandler
 *fill*         0x0800ac4e        0x2 
 .text.__libc_init_array
                0x0800ac50       0x48 c:/program files (x86)/atollic/truestudio for stm32 9.3.0/armtools/bin/../lib/gcc/arm-atollic-eabi/6.3.1/../../../../arm-atollic-eabi/lib/armv7e-m/fpu\libc_nano.a(lib_a-init.o)
                0x0800ac50                __libc_init_array
 .text.__itoa   0x0800ac98       0x30 c:/program files (x86)/atollic/truestudio for stm32 9.3.0/armtools/bin/../lib/gcc/arm-atollic-eabi/6.3.1/../../../../arm-atollic-eabi/lib/armv7e-m/fpu\libc_nano.a(lib_a-itoa.o)
                0x0800ac98                __itoa
 .text.itoa     0x0800acc8        0x4 c:/program files (x86)/atollic/truestudio for stm32 9.3.0/armtools/bin/../lib/gcc/arm-atollic-eabi/6.3.1/../../../../arm-atollic-eabi/lib/armv7e-m/fpu\libc_nano.a(lib_a-itoa.o)
                0x0800acc8                itoa
 .text.memcpy   0x0800accc       0x16 c:/program files (x86)/atollic/truestudio for stm32 9.3.0/armtools/bin/../lib/gcc/arm-atollic-eabi/6.3.1/../../../../arm-atollic-eabi/lib/armv7e-m/fpu\libc_nano.a(lib_a-memcpy-stub.o)
                0x0800accc                memcpy
 .text.memset   0x0800ace2       0x10 c:/program files (x86)/atollic/truestudio for stm32 9.3.0/armtools/bin/../lib/gcc/arm-atollic-eabi/6.3.1/../../../../arm-atollic-eabi/lib/armv7e-m/fpu\libc_nano.a(lib_a-memset.o)
                0x0800ace2                memset
 *fill*         0x0800acf2        0x2 
 .text.__utoa   0x0800acf4       0x80 c:/program files (x86)/atollic/truestudio for stm32 9.3.0/armtools/bin/../lib/gcc/arm-atollic-eabi/6.3.1/../../../../arm-atollic-eabi/lib/armv7e-m/fpu\libc_nano.a(lib_a-utoa.o)
                0x0800acf4                __utoa
 *(.glue_7)
 .glue_7        0x0800ad74        0x0 linker stubs
 *(.glue_7t)
 .glue_7t       0x0800ad74        0x0 linker stubs
 *(.eh_frame)
 .eh_frame      0x0800ad74        0x0 c:/program files (x86)/atollic/truestudio for stm32 9.3.0/armtools/bin/../lib/gcc/arm-atollic-eabi/6.3.1/armv7e-m/fpu/crtbegin.o
 *(.init)
 .init          0x0800ad74        0x4 c:/program files (x86)/atollic/truestudio for stm32 9.3.0/armtools/bin/../lib/gcc/arm-atollic-eabi/6.3.1/armv7e-m/fpu/crti.o
                0x0800ad74                _init
 .init          0x0800ad78        0x8 c:/program files (x86)/atollic/truestudio for stm32 9.3.0/armtools/bin/../lib/gcc/arm-atollic-eabi/6.3.1/armv7e-m/fpu/crtn.o
 *(.fini)
 .fini          0x0800ad80        0x4 c:/program files (x86)/atollic/truestudio for stm32 9.3.0/armtools/bin/../lib/gcc/arm-atollic-eabi/6.3.1/armv7e-m/fpu/crti.o
                0x0800ad80                _fini
 .fini          0x0800ad84        0x8 c:/program files (x86)/atollic/truestudio for stm32 9.3.0/armtools/bin/../lib/gcc/arm-atollic-eabi/6.3.1/armv7e-m/fpu/crtn.o
                0x0800ad8c                . = ALIGN (0x4)
                0x0800ad8c                _etext = .

.vfp11_veneer   0x0800ad8c        0x0
 .vfp11_veneer  0x0800ad8c        0x0 linker stubs

.v4_bx          0x0800ad8c        0x0
 .v4_bx         0x0800ad8c        0x0 linker stubs

.iplt           0x0800ad8c        0x0
 .iplt          0x0800ad8c        0x0 c:/program files (x86)/atollic/truestudio for stm32 9.3.0/armtools/bin/../lib/gcc/arm-atollic-eabi/6.3.1/armv7e-m/fpu/crtbegin.o

.rodata         0x0800ad8c     0x2818
                0x0800ad8c                . = ALIGN (0x4)
 *(.rodata)
 .rodata        0x0800ad8c        0x5 Middlewares\Third_Party\FreeRTOS\Source\tasks.o
 *fill*         0x0800ad91        0x3 
 .rodata        0x0800ad94       0x90 Src\freertos.o
 .rodata        0x0800ae24       0xa5 Src\interface.o
 *(.rodata*)
 *fill*         0x0800aec9        0x3 
 .rodata.Font16_Table
                0x0800aecc      0xbe0 Src\font16.o
                0x0800aecc                Font16_Table
 .rodata.Font24_Table
                0x0800baac     0x1ab8 Src\font24.o
                0x0800baac                Font24_Table
 .rodata.AHBPrescTable
                0x0800d564       0x10 Src\system_stm32f4xx.o
                0x0800d564                AHBPrescTable
 .rodata.APBPrescTable
                0x0800d574        0x8 Src\system_stm32f4xx.o
                0x0800d574                APBPrescTable
 .rodata.__utoa.str1.1
                0x0800d57c       0x25 c:/program files (x86)/atollic/truestudio for stm32 9.3.0/armtools/bin/../lib/gcc/arm-atollic-eabi/6.3.1/../../../../arm-atollic-eabi/lib/armv7e-m/fpu\libc_nano.a(lib_a-utoa.o)
                0x0800d5a4                . = ALIGN (0x4)
 *fill*         0x0800d5a1        0x3 

.ARM.extab
 *(.ARM.extab* .gnu.linkonce.armextab.*)

.ARM            0x0800d5a4        0x8
                0x0800d5a4                __exidx_start = .
 *(.ARM.exidx*)
 .ARM.exidx     0x0800d5a4        0x8 c:/program files (x86)/atollic/truestudio for stm32 9.3.0/armtools/bin/../lib/gcc/arm-atollic-eabi/6.3.1/armv7e-m/fpu\libgcc.a(_udivmoddi4.o)
                0x0800d5ac                __exidx_end = .

.rel.dyn        0x0800d5ac        0x0
 .rel.iplt      0x0800d5ac        0x0 c:/program files (x86)/atollic/truestudio for stm32 9.3.0/armtools/bin/../lib/gcc/arm-atollic-eabi/6.3.1/armv7e-m/fpu/crtbegin.o

.preinit_array  0x0800d5ac        0x0
                0x0800d5ac                PROVIDE (__preinit_array_start, .)
 *(.preinit_array*)
                0x0800d5ac                PROVIDE (__preinit_array_end, .)

.init_array     0x0800d5ac        0x4
                0x0800d5ac                PROVIDE (__init_array_start, .)
 *(SORT(.init_array.*))
 *(.init_array*)
 .init_array    0x0800d5ac        0x4 c:/program files (x86)/atollic/truestudio for stm32 9.3.0/armtools/bin/../lib/gcc/arm-atollic-eabi/6.3.1/armv7e-m/fpu/crtbegin.o
                0x0800d5b0                PROVIDE (__init_array_end, .)

.fini_array     0x0800d5b0        0x4
                [!provide]                PROVIDE (__fini_array_start, .)
 *(SORT(.fini_array.*))
 *(.fini_array*)
 .fini_array    0x0800d5b0        0x4 c:/program files (x86)/atollic/truestudio for stm32 9.3.0/armtools/bin/../lib/gcc/arm-atollic-eabi/6.3.1/armv7e-m/fpu/crtbegin.o
                [!provide]                PROVIDE (__fini_array_end, .)
                0x0800d5b4                _sidata = LOADADDR (.data)

.data           0x20000000       0xa4 load address 0x0800d5b4
                0x20000000                . = ALIGN (0x4)
                0x20000000                _sdata = .
 *(.data)
 *(.data*)
 .data.uwTickFreq
                0x20000000        0x1 Drivers\STM32F4xx_HAL_Driver\Src\stm32f4xx_hal.o
                0x20000000                uwTickFreq
 *fill*         0x20000001        0x3 
 .data.uxCriticalNesting
                0x20000004        0x4 Middlewares\Third_Party\FreeRTOS\Source\portable\GCC\ARM_CM4F\port.o
 .data.Font16   0x20000008        0x8 Src\font16.o
                0x20000008                Font16
 .data.Font24   0x20000010        0x8 Src\font24.o
                0x20000010                Font24
 .data.time_delay.10852
                0x20000018        0x4 Src\gyro.o
 .data.ili9341_drv
                0x2000001c       0x38 Src\ili9341.o
                0x2000001c                ili9341_drv
 .data.switchingMENU_flag
                0x20000054        0x4 Src\interface.o
                0x20000054                switchingMENU_flag
 .data.switchingSTART_flag
                0x20000058        0x4 Src\interface.o
                0x20000058                switchingSTART_flag
 .data.switchingODCZYTY_flag
                0x2000005c        0x4 Src\interface.o
                0x2000005c                switchingODCZYTY_flag
 .data.switchingONAS_flag
                0x20000060        0x4 Src\interface.o
                0x20000060                switchingONAS_flag
 .data.leftDirection
                0x20000064        0x1 Src\interface.o
                0x20000064                leftDirection
 .data.rightDirection
                0x20000065        0x1 Src\interface.o
                0x20000065                rightDirection
 .data.upDirection
                0x20000066        0x1 Src\interface.o
                0x20000066                upDirection
 .data.downDirection
                0x20000067        0x1 Src\interface.o
                0x20000067                downDirection
 .data.bluePixel
                0x20000068        0x4 Src\interface.o
                0x20000068                bluePixel
 .data.xpos     0x2000006c        0x2 Src\interface.o
                0x2000006c                xpos
 .data.ypos     0x2000006e        0x2 Src\interface.o
                0x2000006e                ypos
 .data.I2cxTimeout
                0x20000070        0x4 Src\stm32f429i_discovery.o
                0x20000070                I2cxTimeout
 .data.SpixTimeout
                0x20000074        0x4 Src\stm32f429i_discovery.o
                0x20000074                SpixTimeout
 .data.stmpe811_ts_drv
                0x20000078       0x28 Src\stmpe811.o
                0x20000078                stmpe811_ts_drv
 .data.SystemCoreClock
                0x200000a0        0x4 Src\system_stm32f4xx.o
                0x200000a0                SystemCoreClock
                0x200000a4                . = ALIGN (0x4)
                0x200000a4                _edata = .
                0x0800d658                _siccmram = LOADADDR (.ccmram)

.igot.plt       0x200000a4        0x0 load address 0x0800d658
 .igot.plt      0x200000a4        0x0 c:/program files (x86)/atollic/truestudio for stm32 9.3.0/armtools/bin/../lib/gcc/arm-atollic-eabi/6.3.1/armv7e-m/fpu/crtbegin.o

.ccmram         0x10000000        0x0 load address 0x0800d658
                0x10000000                . = ALIGN (0x4)
                0x10000000                _sccmram = .
 *(.ccmram)
 *(.ccmram*)
                0x10000000                . = ALIGN (0x4)
                0x10000000                _eccmram = .
                0x10000000                . = ALIGN (0x4)

.bss            0x200000a4     0x4194
                0x200000a4                _sbss = .
                0x200000a4                __bss_start__ = _sbss
 *(.bss)
 .bss           0x200000a4       0x1c c:/program files (x86)/atollic/truestudio for stm32 9.3.0/armtools/bin/../lib/gcc/arm-atollic-eabi/6.3.1/armv7e-m/fpu/crtbegin.o
 *(.bss*)
 .bss.ucMaxSysCallPriority
                0x200000c0        0x1 Middlewares\Third_Party\FreeRTOS\Source\portable\GCC\ARM_CM4F\port.o
 *fill*         0x200000c1        0x3 
 .bss.ulMaxPRIGROUPValue
                0x200000c4        0x4 Middlewares\Third_Party\FreeRTOS\Source\portable\GCC\ARM_CM4F\port.o
 .bss.ucHeap    0x200000c8     0x3c00 Middlewares\Third_Party\FreeRTOS\Source\portable\MemMang\heap_4.o
 .bss.xStart    0x20003cc8        0x8 Middlewares\Third_Party\FreeRTOS\Source\portable\MemMang\heap_4.o
 .bss.pxEnd     0x20003cd0        0x4 Middlewares\Third_Party\FreeRTOS\Source\portable\MemMang\heap_4.o
 .bss.xFreeBytesRemaining
                0x20003cd4        0x4 Middlewares\Third_Party\FreeRTOS\Source\portable\MemMang\heap_4.o
 .bss.xMinimumEverFreeBytesRemaining
                0x20003cd8        0x4 Middlewares\Third_Party\FreeRTOS\Source\portable\MemMang\heap_4.o
 .bss.xBlockAllocatedBit
                0x20003cdc        0x4 Middlewares\Third_Party\FreeRTOS\Source\portable\MemMang\heap_4.o
 .bss.pxCurrentTCB
                0x20003ce0        0x4 Middlewares\Third_Party\FreeRTOS\Source\tasks.o
                0x20003ce0                pxCurrentTCB
 .bss.pxReadyTasksLists
                0x20003ce4       0x8c Middlewares\Third_Party\FreeRTOS\Source\tasks.o
 .bss.xDelayedTaskList1
                0x20003d70       0x14 Middlewares\Third_Party\FreeRTOS\Source\tasks.o
 .bss.xDelayedTaskList2
                0x20003d84       0x14 Middlewares\Third_Party\FreeRTOS\Source\tasks.o
 .bss.pxDelayedTaskList
                0x20003d98        0x4 Middlewares\Third_Party\FreeRTOS\Source\tasks.o
 .bss.pxOverflowDelayedTaskList
                0x20003d9c        0x4 Middlewares\Third_Party\FreeRTOS\Source\tasks.o
 .bss.xPendingReadyList
                0x20003da0       0x14 Middlewares\Third_Party\FreeRTOS\Source\tasks.o
 .bss.xTasksWaitingTermination
                0x20003db4       0x14 Middlewares\Third_Party\FreeRTOS\Source\tasks.o
 .bss.uxDeletedTasksWaitingCleanUp
                0x20003dc8        0x4 Middlewares\Third_Party\FreeRTOS\Source\tasks.o
 .bss.xSuspendedTaskList
                0x20003dcc       0x14 Middlewares\Third_Party\FreeRTOS\Source\tasks.o
 .bss.uxCurrentNumberOfTasks
                0x20003de0        0x4 Middlewares\Third_Party\FreeRTOS\Source\tasks.o
 .bss.xTickCount
                0x20003de4        0x4 Middlewares\Third_Party\FreeRTOS\Source\tasks.o
 .bss.uxTopReadyPriority
                0x20003de8        0x4 Middlewares\Third_Party\FreeRTOS\Source\tasks.o
 .bss.xSchedulerRunning
                0x20003dec        0x4 Middlewares\Third_Party\FreeRTOS\Source\tasks.o
 .bss.uxPendedTicks
                0x20003df0        0x4 Middlewares\Third_Party\FreeRTOS\Source\tasks.o
 .bss.xYieldPending
                0x20003df4        0x4 Middlewares\Third_Party\FreeRTOS\Source\tasks.o
 .bss.xNumOfOverflows
                0x20003df8        0x4 Middlewares\Third_Party\FreeRTOS\Source\tasks.o
 .bss.uxTaskNumber
                0x20003dfc        0x4 Middlewares\Third_Party\FreeRTOS\Source\tasks.o
 .bss.xNextTaskUnblockTime
                0x20003e00        0x4 Middlewares\Third_Party\FreeRTOS\Source\tasks.o
 .bss.xIdleTaskHandle
                0x20003e04        0x4 Middlewares\Third_Party\FreeRTOS\Source\tasks.o
 .bss.uxSchedulerSuspended
                0x20003e08        0x4 Middlewares\Third_Party\FreeRTOS\Source\tasks.o
 .bss.FMC_Initialized
                0x20003e0c        0x4 Src\fmc.o
 .bss.x         0x20003e10        0x4 Src\freertos.o
                0x20003e10                x
 .bss.y         0x20003e14        0x4 Src\freertos.o
                0x20003e14                y
 .bss.z         0x20003e18        0x4 Src\freertos.o
                0x20003e18                z
 .bss.current_x
                0x20003e1c        0x4 Src\freertos.o
                0x20003e1c                current_x
 .bss.current_y
                0x20003e20        0x4 Src\freertos.o
                0x20003e20                current_y
 .bss.current_z
                0x20003e24        0x4 Src\freertos.o
                0x20003e24                current_z
 .bss.previous_x
                0x20003e28        0x4 Src\freertos.o
                0x20003e28                previous_x
 .bss.previous_y
                0x20003e2c        0x4 Src\freertos.o
                0x20003e2c                previous_y
 .bss.previous_z
                0x20003e30        0x4 Src\freertos.o
                0x20003e30                previous_z
 .bss.flagTouch
                0x20003e34        0x4 Src\freertos.o
                0x20003e34                flagTouch
 .bss.datax.10844
                0x20003e38        0x2 Src\gyro.o
 *fill*         0x20003e3a        0x2 
 .bss.datay.10845
                0x20003e3c        0x2 Src\gyro.o
 *fill*         0x20003e3e        0x2 
 .bss.dataz.10846
                0x20003e40        0x2 Src\gyro.o
 *fill*         0x20003e42        0x2 
 .bss.delta.10850
                0x20003e44        0xc Src\gyro.o
 .bss.current.10851
                0x20003e50        0xc Src\gyro.o
 .bss.switchingINTRO_flag
                0x20003e5c        0x4 Src\interface.o
                0x20003e5c                switchingINTRO_flag
 .bss.refreshODCZYTY_flag
                0x20003e60        0x4 Src\interface.o
                0x20003e60                refreshODCZYTY_flag
 .bss.page      0x20003e64        0x4 Src\interface.o
                0x20003e64                page
 .bss.SpiHandle
                0x20003e68       0x58 Src\stm32f429i_discovery.o
 .bss.Is_LCD_IO_Initialized
                0x20003ec0        0x1 Src\stm32f429i_discovery.o
 *fill*         0x20003ec1        0x3 
 .bss.Dma2dHandler
                0x20003ec4        0x4 Src\stm32f429i_discovery_lcd.o
 .bss.ActiveLayer
                0x20003ec8        0x4 Src\stm32f429i_discovery_lcd.o
 .bss.DrawProp  0x20003ecc       0x18 Src\stm32f429i_discovery_lcd.o
 .bss.SdramHandle
                0x20003ee4        0x4 Src\stm32f429i_discovery_sdram.o
 .bss.Command   0x20003ee8       0x10 Src\stm32f429i_discovery_sdram.o
 .bss.TsDrv     0x20003ef8        0x4 Src\stm32f429i_discovery_ts.o
 .bss.TsXBoundary
                0x20003efc        0x2 Src\stm32f429i_discovery_ts.o
 .bss.TsYBoundary
                0x20003efe        0x2 Src\stm32f429i_discovery_ts.o
 .bss._x.9214   0x20003f00        0x4 Src\stm32f429i_discovery_ts.o
 .bss._y.9215   0x20003f04        0x4 Src\stm32f429i_discovery_ts.o
 .bss.stmpe811  0x20003f08        0x2 Src\stmpe811.o
                0x20003f08                stmpe811
 *(COMMON)
 *fill*         0x20003f0a        0x2 
 COMMON         0x20003f0c        0x4 Drivers\STM32F4xx_HAL_Driver\Src\stm32f4xx_hal.o
                0x20003f0c                uwTick
 COMMON         0x20003f10       0x40 Src\dma2d.o
                0x20003f10                hdma2d
 COMMON         0x20003f50       0x34 Src\fmc.o
                0x20003f50                hsdram1
 COMMON         0x20003f84       0x2c Src\freertos.o
                0x20003f84                touchTaskHandle
                0x20003f88                struktura
                0x20003f90                p_hspi5
                0x20003f94                mpuTaskHandle
                0x20003f98                globalClassHandler
                0x20003f9c                startTimeAntiWindupSystem
                0x20003fa0                gameTaskHandle
                0x20003fa4                lcdTaskHandle
                0x20003fa8                ts_struct
                0x20003fac                startTime
 COMMON         0x20003fb0       0x54 Src\i2c.o
                0x20003fb0                hi2c3
 COMMON         0x20004004       0x10 Src\interface.o
                0x20004004                localstr
                0x20004008                localClassHandler
                0x2000400c                lastX
                0x20004010                lastY
 COMMON         0x20004014       0xa8 Src\ltdc.o
                0x20004014                hltdc
 COMMON         0x200040bc       0x48 Src\main.o
                0x200040bc                tickSize
                0x200040c0                p_hsdram1
                0x200040c4                p_hi2c3
                0x200040c8                tickBuffer
                0x200040fc                p_hdma2d
                0x20004100                p_hltdc
 COMMON         0x20004104       0x58 Src\spi.o
                0x20004104                hspi5
 COMMON         0x2000415c       0x54 Src\stm32f429i_discovery.o
                0x2000415c                I2cHandle
 COMMON         0x200041b0        0x8 Src\stm32f429i_discovery_lcd.o
                0x200041b0                LtdcHandler
                0x200041b4                LcdDrv
 COMMON         0x200041b8       0x40 Src\stm32f4xx_hal_timebase_tim.o
                0x200041b8                htim6
 COMMON         0x200041f8       0x40 Src\usart.o
                0x200041f8                huart1
                0x20004238                . = ALIGN (0x4)
                0x20004238                _ebss = .
                0x20004238                __bss_end__ = _ebss

._user_heap_stack
                0x20004238      0x600
                0x20004238                . = ALIGN (0x4)
                0x20004238                PROVIDE (end, .)
                [!provide]                PROVIDE (_end, .)
                0x20004438                . = (. + _Min_Heap_Size)
 *fill*         0x20004238      0x200 
                0x20004838                . = (. + _Min_Stack_Size)
 *fill*         0x20004438      0x400 
                0x20004838                . = ALIGN (0x4)

/DISCARD/
 libc.a(*)
 libm.a(*)
 libgcc.a(*)

.ARM.attributes
                0x00000000       0x30
 *(.ARM.attributes)
 .ARM.attributes
                0x00000000       0x22 c:/program files (x86)/atollic/truestudio for stm32 9.3.0/armtools/bin/../lib/gcc/arm-atollic-eabi/6.3.1/armv7e-m/fpu/crti.o
 .ARM.attributes
                0x00000022       0x34 c:/program files (x86)/atollic/truestudio for stm32 9.3.0/armtools/bin/../lib/gcc/arm-atollic-eabi/6.3.1/armv7e-m/fpu/crtbegin.o
 .ARM.attributes
                0x00000056       0x39 Drivers\STM32F4xx_HAL_Driver\Src\stm32f4xx_hal.o
 .ARM.attributes
                0x0000008f       0x39 Drivers\STM32F4xx_HAL_Driver\Src\stm32f4xx_hal_cortex.o
 .ARM.attributes
                0x000000c8       0x39 Drivers\STM32F4xx_HAL_Driver\Src\stm32f4xx_hal_dma2d.o
 .ARM.attributes
                0x00000101       0x39 Drivers\STM32F4xx_HAL_Driver\Src\stm32f4xx_hal_gpio.o
 .ARM.attributes
                0x0000013a       0x39 Drivers\STM32F4xx_HAL_Driver\Src\stm32f4xx_hal_i2c.o
 .ARM.attributes
                0x00000173       0x39 Drivers\STM32F4xx_HAL_Driver\Src\stm32f4xx_hal_i2c_ex.o
 .ARM.attributes
                0x000001ac       0x39 Drivers\STM32F4xx_HAL_Driver\Src\stm32f4xx_hal_ltdc.o
 .ARM.attributes
                0x000001e5       0x39 Drivers\STM32F4xx_HAL_Driver\Src\stm32f4xx_hal_pwr_ex.o
 .ARM.attributes
                0x0000021e       0x39 Drivers\STM32F4xx_HAL_Driver\Src\stm32f4xx_hal_rcc.o
 .ARM.attributes
                0x00000257       0x39 Drivers\STM32F4xx_HAL_Driver\Src\stm32f4xx_hal_rcc_ex.o
 .ARM.attributes
                0x00000290       0x39 Drivers\STM32F4xx_HAL_Driver\Src\stm32f4xx_hal_sdram.o
 .ARM.attributes
                0x000002c9       0x39 Drivers\STM32F4xx_HAL_Driver\Src\stm32f4xx_hal_spi.o
 .ARM.attributes
                0x00000302       0x39 Drivers\STM32F4xx_HAL_Driver\Src\stm32f4xx_hal_tim.o
 .ARM.attributes
                0x0000033b       0x39 Drivers\STM32F4xx_HAL_Driver\Src\stm32f4xx_hal_tim_ex.o
 .ARM.attributes
                0x00000374       0x39 Drivers\STM32F4xx_HAL_Driver\Src\stm32f4xx_hal_uart.o
 .ARM.attributes
                0x000003ad       0x39 Drivers\STM32F4xx_HAL_Driver\Src\stm32f4xx_ll_fmc.o
 .ARM.attributes
                0x000003e6       0x39 Middlewares\Third_Party\FreeRTOS\Source\CMSIS_RTOS\cmsis_os.o
 .ARM.attributes
                0x0000041f       0x39 Middlewares\Third_Party\FreeRTOS\Source\list.o
 .ARM.attributes
                0x00000458       0x39 Middlewares\Third_Party\FreeRTOS\Source\portable\GCC\ARM_CM4F\port.o
 .ARM.attributes
                0x00000491       0x39 Middlewares\Third_Party\FreeRTOS\Source\portable\MemMang\heap_4.o
 .ARM.attributes
                0x000004ca       0x39 Middlewares\Third_Party\FreeRTOS\Source\tasks.o
 .ARM.attributes
                0x00000503       0x39 Src\dma2d.o
 .ARM.attributes
                0x0000053c       0x39 Src\fmc.o
 .ARM.attributes
                0x00000575       0x39 Src\font16.o
 .ARM.attributes
                0x000005ae       0x39 Src\font24.o
 .ARM.attributes
                0x000005e7       0x39 Src\freertos.o
 .ARM.attributes
                0x00000620       0x39 Src\gpio.o
 .ARM.attributes
                0x00000659       0x39 Src\gyro.o
 .ARM.attributes
                0x00000692       0x39 Src\i2c.o
 .ARM.attributes
                0x000006cb       0x39 Src\ili9341.o
 .ARM.attributes
                0x00000704       0x39 Src\interface.o
 .ARM.attributes
                0x0000073d       0x39 Src\ltdc.o
 .ARM.attributes
                0x00000776       0x39 Src\main.o
 .ARM.attributes
                0x000007af       0x39 Src\spi.o
 .ARM.attributes
                0x000007e8       0x39 Src\stm32f429i_discovery.o
 .ARM.attributes
                0x00000821       0x39 Src\stm32f429i_discovery_lcd.o
 .ARM.attributes
                0x0000085a       0x39 Src\stm32f429i_discovery_sdram.o
 .ARM.attributes
                0x00000893       0x39 Src\stm32f429i_discovery_ts.o
 .ARM.attributes
                0x000008cc       0x39 Src\stm32f4xx_hal_msp.o
 .ARM.attributes
                0x00000905       0x39 Src\stm32f4xx_hal_timebase_tim.o
 .ARM.attributes
                0x0000093e       0x39 Src\stm32f4xx_it.o
 .ARM.attributes
                0x00000977       0x39 Src\stmpe811.o
 .ARM.attributes
                0x000009b0       0x39 Src\system_stm32f4xx.o
 .ARM.attributes
                0x000009e9       0x39 Src\usart.o
 .ARM.attributes
                0x00000a22       0x21 startup\startup_stm32f429xx.o
 .ARM.attributes
                0x00000a43       0x34 c:/program files (x86)/atollic/truestudio for stm32 9.3.0/armtools/bin/../lib/gcc/arm-atollic-eabi/6.3.1/../../../../arm-atollic-eabi/lib/armv7e-m/fpu\libc_nano.a(lib_a-init.o)
 .ARM.attributes
                0x00000a77       0x34 c:/program files (x86)/atollic/truestudio for stm32 9.3.0/armtools/bin/../lib/gcc/arm-atollic-eabi/6.3.1/../../../../arm-atollic-eabi/lib/armv7e-m/fpu\libc_nano.a(lib_a-itoa.o)
 .ARM.attributes
                0x00000aab       0x34 c:/program files (x86)/atollic/truestudio for stm32 9.3.0/armtools/bin/../lib/gcc/arm-atollic-eabi/6.3.1/../../../../arm-atollic-eabi/lib/armv7e-m/fpu\libc_nano.a(lib_a-memcpy-stub.o)
 .ARM.attributes
                0x00000adf       0x34 c:/program files (x86)/atollic/truestudio for stm32 9.3.0/armtools/bin/../lib/gcc/arm-atollic-eabi/6.3.1/../../../../arm-atollic-eabi/lib/armv7e-m/fpu\libc_nano.a(lib_a-memset.o)
 .ARM.attributes
                0x00000b13       0x34 c:/program files (x86)/atollic/truestudio for stm32 9.3.0/armtools/bin/../lib/gcc/arm-atollic-eabi/6.3.1/../../../../arm-atollic-eabi/lib/armv7e-m/fpu\libc_nano.a(lib_a-utoa.o)
 .ARM.attributes
                0x00000b47       0x22 c:/program files (x86)/atollic/truestudio for stm32 9.3.0/armtools/bin/../lib/gcc/arm-atollic-eabi/6.3.1/armv7e-m/fpu\libgcc.a(_arm_addsubdf3.o)
 .ARM.attributes
                0x00000b69       0x22 c:/program files (x86)/atollic/truestudio for stm32 9.3.0/armtools/bin/../lib/gcc/arm-atollic-eabi/6.3.1/armv7e-m/fpu\libgcc.a(_arm_muldivdf3.o)
 .ARM.attributes
                0x00000b8b       0x22 c:/program files (x86)/atollic/truestudio for stm32 9.3.0/armtools/bin/../lib/gcc/arm-atollic-eabi/6.3.1/armv7e-m/fpu\libgcc.a(_arm_fixunsdfsi.o)
 .ARM.attributes
                0x00000bad       0x22 c:/program files (x86)/atollic/truestudio for stm32 9.3.0/armtools/bin/../lib/gcc/arm-atollic-eabi/6.3.1/armv7e-m/fpu\libgcc.a(_arm_truncdfsf2.o)
 .ARM.attributes
                0x00000bcf       0x22 c:/program files (x86)/atollic/truestudio for stm32 9.3.0/armtools/bin/../lib/gcc/arm-atollic-eabi/6.3.1/armv7e-m/fpu\libgcc.a(_aeabi_uldivmod.o)
 .ARM.attributes
                0x00000bf1       0x34 c:/program files (x86)/atollic/truestudio for stm32 9.3.0/armtools/bin/../lib/gcc/arm-atollic-eabi/6.3.1/armv7e-m/fpu\libgcc.a(_udivmoddi4.o)
 .ARM.attributes
                0x00000c25       0x22 c:/program files (x86)/atollic/truestudio for stm32 9.3.0/armtools/bin/../lib/gcc/arm-atollic-eabi/6.3.1/armv7e-m/fpu\libgcc.a(_dvmd_tls.o)
 .ARM.attributes
                0x00000c47       0x22 c:/program files (x86)/atollic/truestudio for stm32 9.3.0/armtools/bin/../lib/gcc/arm-atollic-eabi/6.3.1/armv7e-m/fpu/crtn.o
OUTPUT(STERO.elf elf32-littlearm)

.debug_info     0x00000000    0x2dfd9
 .debug_info    0x00000000      0x994 Drivers\STM32F4xx_HAL_Driver\Src\stm32f4xx_hal.o
 .debug_info    0x00000994      0xe0d Drivers\STM32F4xx_HAL_Driver\Src\stm32f4xx_hal_cortex.o
 .debug_info    0x000017a1      0xe89 Drivers\STM32F4xx_HAL_Driver\Src\stm32f4xx_hal_dma2d.o
 .debug_info    0x0000262a      0x77d Drivers\STM32F4xx_HAL_Driver\Src\stm32f4xx_hal_gpio.o
 .debug_info    0x00002da7     0x2329 Drivers\STM32F4xx_HAL_Driver\Src\stm32f4xx_hal_i2c.o
 .debug_info    0x000050d0      0x6c9 Drivers\STM32F4xx_HAL_Driver\Src\stm32f4xx_hal_i2c_ex.o
 .debug_info    0x00005799     0x10b2 Drivers\STM32F4xx_HAL_Driver\Src\stm32f4xx_hal_ltdc.o
 .debug_info    0x0000684b      0x6f5 Drivers\STM32F4xx_HAL_Driver\Src\stm32f4xx_hal_pwr_ex.o
 .debug_info    0x00006f40      0x8be Drivers\STM32F4xx_HAL_Driver\Src\stm32f4xx_hal_rcc.o
 .debug_info    0x000077fe      0x66a Drivers\STM32F4xx_HAL_Driver\Src\stm32f4xx_hal_rcc_ex.o
 .debug_info    0x00007e68      0xc47 Drivers\STM32F4xx_HAL_Driver\Src\stm32f4xx_hal_sdram.o
 .debug_info    0x00008aaf     0x15d7 Drivers\STM32F4xx_HAL_Driver\Src\stm32f4xx_hal_spi.o
 .debug_info    0x0000a086     0x2452 Drivers\STM32F4xx_HAL_Driver\Src\stm32f4xx_hal_tim.o
 .debug_info    0x0000c4d8     0x1102 Drivers\STM32F4xx_HAL_Driver\Src\stm32f4xx_hal_tim_ex.o
 .debug_info    0x0000d5da     0x11d3 Drivers\STM32F4xx_HAL_Driver\Src\stm32f4xx_hal_uart.o
 .debug_info    0x0000e7ad      0xeba Drivers\STM32F4xx_HAL_Driver\Src\stm32f4xx_ll_fmc.o
 .debug_info    0x0000f667     0x1aef Middlewares\Third_Party\FreeRTOS\Source\CMSIS_RTOS\cmsis_os.o
 .debug_info    0x00011156      0xac8 Middlewares\Third_Party\FreeRTOS\Source\list.o
 .debug_info    0x00011c1e      0x536 Middlewares\Third_Party\FreeRTOS\Source\portable\GCC\ARM_CM4F\port.o
 .debug_info    0x00012154      0xbed Middlewares\Third_Party\FreeRTOS\Source\portable\MemMang\heap_4.o
 .debug_info    0x00012d41     0x218f Middlewares\Third_Party\FreeRTOS\Source\tasks.o
 .debug_info    0x00014ed0     0x1357 Src\dma2d.o
 .debug_info    0x00016227     0x1600 Src\fmc.o
 .debug_info    0x00017827      0x14a Src\font16.o
 .debug_info    0x00017971      0x14a Src\font24.o
 .debug_info    0x00017abb     0x1a07 Src\freertos.o
 .debug_info    0x000194c2     0x11ba Src\gpio.o
 .debug_info    0x0001a67c     0x14f1 Src\gyro.o
 .debug_info    0x0001bb6d     0x167c Src\i2c.o
 .debug_info    0x0001d1e9      0x340 Src\ili9341.o
 .debug_info    0x0001d529     0x124b Src\interface.o
 .debug_info    0x0001e774     0x15a5 Src\ltdc.o
 .debug_info    0x0001fd19     0x2864 Src\main.o
 .debug_info    0x0002257d     0x162e Src\spi.o
 .debug_info    0x00023bab     0x17f1 Src\stm32f429i_discovery.o
 .debug_info    0x0002539c     0x209b Src\stm32f429i_discovery_lcd.o
 .debug_info    0x00027437      0xe84 Src\stm32f429i_discovery_sdram.o
 .debug_info    0x000282bb      0x586 Src\stm32f429i_discovery_ts.o
 .debug_info    0x00028841     0x1254 Src\stm32f4xx_hal_msp.o
 .debug_info    0x00029a95      0xb28 Src\stm32f4xx_hal_timebase_tim.o
 .debug_info    0x0002a5bd     0x1331 Src\stm32f4xx_it.o
 .debug_info    0x0002b8ee      0xb90 Src\stmpe811.o
 .debug_info    0x0002c47e      0x51f Src\system_stm32f4xx.o
 .debug_info    0x0002c99d     0x15c1 Src\usart.o
 .debug_info    0x0002df5e       0x7b startup\startup_stm32f429xx.o

.debug_abbrev   0x00000000     0x5886
 .debug_abbrev  0x00000000      0x1c6 Drivers\STM32F4xx_HAL_Driver\Src\stm32f4xx_hal.o
 .debug_abbrev  0x000001c6      0x2f5 Drivers\STM32F4xx_HAL_Driver\Src\stm32f4xx_hal_cortex.o
 .debug_abbrev  0x000004bb      0x20c Drivers\STM32F4xx_HAL_Driver\Src\stm32f4xx_hal_dma2d.o
 .debug_abbrev  0x000006c7      0x1c4 Drivers\STM32F4xx_HAL_Driver\Src\stm32f4xx_hal_gpio.o
 .debug_abbrev  0x0000088b      0x24f Drivers\STM32F4xx_HAL_Driver\Src\stm32f4xx_hal_i2c.o
 .debug_abbrev  0x00000ada      0x168 Drivers\STM32F4xx_HAL_Driver\Src\stm32f4xx_hal_i2c_ex.o
 .debug_abbrev  0x00000c42      0x204 Drivers\STM32F4xx_HAL_Driver\Src\stm32f4xx_hal_ltdc.o
 .debug_abbrev  0x00000e46      0x1b3 Drivers\STM32F4xx_HAL_Driver\Src\stm32f4xx_hal_pwr_ex.o
 .debug_abbrev  0x00000ff9      0x240 Drivers\STM32F4xx_HAL_Driver\Src\stm32f4xx_hal_rcc.o
 .debug_abbrev  0x00001239      0x16e Drivers\STM32F4xx_HAL_Driver\Src\stm32f4xx_hal_rcc_ex.o
 .debug_abbrev  0x000013a7      0x1f2 Drivers\STM32F4xx_HAL_Driver\Src\stm32f4xx_hal_sdram.o
 .debug_abbrev  0x00001599      0x23b Drivers\STM32F4xx_HAL_Driver\Src\stm32f4xx_hal_spi.o
 .debug_abbrev  0x000017d4      0x229 Drivers\STM32F4xx_HAL_Driver\Src\stm32f4xx_hal_tim.o
 .debug_abbrev  0x000019fd      0x217 Drivers\STM32F4xx_HAL_Driver\Src\stm32f4xx_hal_tim_ex.o
 .debug_abbrev  0x00001c14      0x23d Drivers\STM32F4xx_HAL_Driver\Src\stm32f4xx_hal_uart.o
 .debug_abbrev  0x00001e51      0x187 Drivers\STM32F4xx_HAL_Driver\Src\stm32f4xx_ll_fmc.o
 .debug_abbrev  0x00001fd8      0x383 Middlewares\Third_Party\FreeRTOS\Source\CMSIS_RTOS\cmsis_os.o
 .debug_abbrev  0x0000235b      0x1cc Middlewares\Third_Party\FreeRTOS\Source\list.o
 .debug_abbrev  0x00002527      0x20d Middlewares\Third_Party\FreeRTOS\Source\portable\GCC\ARM_CM4F\port.o
 .debug_abbrev  0x00002734      0x29b Middlewares\Third_Party\FreeRTOS\Source\portable\MemMang\heap_4.o
 .debug_abbrev  0x000029cf      0x333 Middlewares\Third_Party\FreeRTOS\Source\tasks.o
 .debug_abbrev  0x00002d02      0x210 Src\dma2d.o
 .debug_abbrev  0x00002f12      0x24b Src\fmc.o
 .debug_abbrev  0x0000315d       0xa2 Src\font16.o
 .debug_abbrev  0x000031ff       0xa2 Src\font24.o
 .debug_abbrev  0x000032a1      0x27a Src\freertos.o
 .debug_abbrev  0x0000351b      0x1c9 Src\gpio.o
 .debug_abbrev  0x000036e4      0x21f Src\gyro.o
 .debug_abbrev  0x00003903      0x1ff Src\i2c.o
 .debug_abbrev  0x00003b02      0x14e Src\ili9341.o
 .debug_abbrev  0x00003c50      0x281 Src\interface.o
 .debug_abbrev  0x00003ed1      0x1ff Src\ltdc.o
 .debug_abbrev  0x000040d0      0x29d Src\main.o
 .debug_abbrev  0x0000436d      0x1ff Src\spi.o
 .debug_abbrev  0x0000456c      0x275 Src\stm32f429i_discovery.o
 .debug_abbrev  0x000047e1      0x2ef Src\stm32f429i_discovery_lcd.o
 .debug_abbrev  0x00004ad0      0x218 Src\stm32f429i_discovery_sdram.o
 .debug_abbrev  0x00004ce8      0x173 Src\stm32f429i_discovery_ts.o
 .debug_abbrev  0x00004e5b      0x1d2 Src\stm32f4xx_hal_msp.o
 .debug_abbrev  0x0000502d      0x196 Src\stm32f4xx_hal_timebase_tim.o
 .debug_abbrev  0x000051c3      0x1cd Src\stm32f4xx_it.o
 .debug_abbrev  0x00005390      0x1d7 Src\stmpe811.o
 .debug_abbrev  0x00005567      0x10e Src\system_stm32f4xx.o
 .debug_abbrev  0x00005675      0x1ff Src\usart.o
 .debug_abbrev  0x00005874       0x12 startup\startup_stm32f429xx.o

.debug_aranges  0x00000000     0x20d8
 .debug_aranges
                0x00000000      0x100 Drivers\STM32F4xx_HAL_Driver\Src\stm32f4xx_hal.o
 .debug_aranges
                0x00000100      0x118 Drivers\STM32F4xx_HAL_Driver\Src\stm32f4xx_hal_cortex.o
 .debug_aranges
                0x00000218      0x108 Drivers\STM32F4xx_HAL_Driver\Src\stm32f4xx_hal_dma2d.o
 .debug_aranges
                0x00000320       0x58 Drivers\STM32F4xx_HAL_Driver\Src\stm32f4xx_hal_gpio.o
 .debug_aranges
                0x00000378      0x290 Drivers\STM32F4xx_HAL_Driver\Src\stm32f4xx_hal_i2c.o
 .debug_aranges
                0x00000608       0x28 Drivers\STM32F4xx_HAL_Driver\Src\stm32f4xx_hal_i2c_ex.o
 .debug_aranges
                0x00000630      0x158 Drivers\STM32F4xx_HAL_Driver\Src\stm32f4xx_hal_ltdc.o
 .debug_aranges
                0x00000788       0x60 Drivers\STM32F4xx_HAL_Driver\Src\stm32f4xx_hal_pwr_ex.o
 .debug_aranges
                0x000007e8       0x88 Drivers\STM32F4xx_HAL_Driver\Src\stm32f4xx_hal_rcc.o
 .debug_aranges
                0x00000870       0x58 Drivers\STM32F4xx_HAL_Driver\Src\stm32f4xx_hal_rcc_ex.o
 .debug_aranges
                0x000008c8       0xd0 Drivers\STM32F4xx_HAL_Driver\Src\stm32f4xx_hal_sdram.o
 .debug_aranges
                0x00000998      0x1d0 Drivers\STM32F4xx_HAL_Driver\Src\stm32f4xx_hal_spi.o
 .debug_aranges
                0x00000b68      0x3a8 Drivers\STM32F4xx_HAL_Driver\Src\stm32f4xx_hal_tim.o
 .debug_aranges
                0x00000f10      0x150 Drivers\STM32F4xx_HAL_Driver\Src\stm32f4xx_hal_tim_ex.o
 .debug_aranges
                0x00001060      0x1d0 Drivers\STM32F4xx_HAL_Driver\Src\stm32f4xx_hal_uart.o
 .debug_aranges
                0x00001230       0xf0 Drivers\STM32F4xx_HAL_Driver\Src\stm32f4xx_ll_fmc.o
 .debug_aranges
                0x00001320      0x1d8 Middlewares\Third_Party\FreeRTOS\Source\CMSIS_RTOS\cmsis_os.o
 .debug_aranges
                0x000014f8       0x40 Middlewares\Third_Party\FreeRTOS\Source\list.o
 .debug_aranges
                0x00001538       0x80 Middlewares\Third_Party\FreeRTOS\Source\portable\GCC\ARM_CM4F\port.o
 .debug_aranges
                0x000015b8       0x50 Middlewares\Third_Party\FreeRTOS\Source\portable\MemMang\heap_4.o
 .debug_aranges
                0x00001608      0x1a0 Middlewares\Third_Party\FreeRTOS\Source\tasks.o
 .debug_aranges
                0x000017a8       0x30 Src\dma2d.o
 .debug_aranges
                0x000017d8       0x40 Src\fmc.o
 .debug_aranges
                0x00001818       0x18 Src\font16.o
 .debug_aranges
                0x00001830       0x18 Src\font24.o
 .debug_aranges
                0x00001848       0x50 Src\freertos.o
 .debug_aranges
                0x00001898       0x20 Src\gpio.o
 .debug_aranges
                0x000018b8       0x38 Src\gyro.o
 .debug_aranges
                0x000018f0       0x30 Src\i2c.o
 .debug_aranges
                0x00001920       0x60 Src\ili9341.o
 .debug_aranges
                0x00001980       0xa0 Src\interface.o
 .debug_aranges
                0x00001a20       0x30 Src\ltdc.o
 .debug_aranges
                0x00001a50       0x68 Src\main.o
 .debug_aranges
                0x00001ab8       0x30 Src\spi.o
 .debug_aranges
                0x00001ae8      0x138 Src\stm32f429i_discovery.o
 .debug_aranges
                0x00001c20      0x1c0 Src\stm32f429i_discovery_lcd.o
 .debug_aranges
                0x00001de0       0x70 Src\stm32f429i_discovery_sdram.o
 .debug_aranges
                0x00001e50       0x40 Src\stm32f429i_discovery_ts.o
 .debug_aranges
                0x00001e90       0x20 Src\stm32f4xx_hal_msp.o
 .debug_aranges
                0x00001eb0       0x30 Src\stm32f4xx_hal_timebase_tim.o
 .debug_aranges
                0x00001ee0       0x50 Src\stm32f4xx_it.o
 .debug_aranges
                0x00001f30      0x128 Src\stmpe811.o
 .debug_aranges
                0x00002058       0x28 Src\system_stm32f4xx.o
 .debug_aranges
                0x00002080       0x30 Src\usart.o
 .debug_aranges
                0x000020b0       0x28 startup\startup_stm32f429xx.o

.debug_ranges   0x00000000     0x1e20
 .debug_ranges  0x00000000       0xf0 Drivers\STM32F4xx_HAL_Driver\Src\stm32f4xx_hal.o
 .debug_ranges  0x000000f0      0x108 Drivers\STM32F4xx_HAL_Driver\Src\stm32f4xx_hal_cortex.o
 .debug_ranges  0x000001f8       0xf8 Drivers\STM32F4xx_HAL_Driver\Src\stm32f4xx_hal_dma2d.o
 .debug_ranges  0x000002f0       0x48 Drivers\STM32F4xx_HAL_Driver\Src\stm32f4xx_hal_gpio.o
 .debug_ranges  0x00000338      0x2a0 Drivers\STM32F4xx_HAL_Driver\Src\stm32f4xx_hal_i2c.o
 .debug_ranges  0x000005d8       0x18 Drivers\STM32F4xx_HAL_Driver\Src\stm32f4xx_hal_i2c_ex.o
 .debug_ranges  0x000005f0      0x148 Drivers\STM32F4xx_HAL_Driver\Src\stm32f4xx_hal_ltdc.o
 .debug_ranges  0x00000738       0x50 Drivers\STM32F4xx_HAL_Driver\Src\stm32f4xx_hal_pwr_ex.o
 .debug_ranges  0x00000788       0x78 Drivers\STM32F4xx_HAL_Driver\Src\stm32f4xx_hal_rcc.o
 .debug_ranges  0x00000800       0x48 Drivers\STM32F4xx_HAL_Driver\Src\stm32f4xx_hal_rcc_ex.o
 .debug_ranges  0x00000848       0xc0 Drivers\STM32F4xx_HAL_Driver\Src\stm32f4xx_hal_sdram.o
 .debug_ranges  0x00000908      0x1c0 Drivers\STM32F4xx_HAL_Driver\Src\stm32f4xx_hal_spi.o
 .debug_ranges  0x00000ac8      0x398 Drivers\STM32F4xx_HAL_Driver\Src\stm32f4xx_hal_tim.o
 .debug_ranges  0x00000e60      0x140 Drivers\STM32F4xx_HAL_Driver\Src\stm32f4xx_hal_tim_ex.o
 .debug_ranges  0x00000fa0      0x1c0 Drivers\STM32F4xx_HAL_Driver\Src\stm32f4xx_hal_uart.o
 .debug_ranges  0x00001160       0xe0 Drivers\STM32F4xx_HAL_Driver\Src\stm32f4xx_ll_fmc.o
 .debug_ranges  0x00001240      0x1c8 Middlewares\Third_Party\FreeRTOS\Source\CMSIS_RTOS\cmsis_os.o
 .debug_ranges  0x00001408       0x30 Middlewares\Third_Party\FreeRTOS\Source\list.o
 .debug_ranges  0x00001438       0x70 Middlewares\Third_Party\FreeRTOS\Source\portable\GCC\ARM_CM4F\port.o
 .debug_ranges  0x000014a8       0x40 Middlewares\Third_Party\FreeRTOS\Source\portable\MemMang\heap_4.o
 .debug_ranges  0x000014e8      0x190 Middlewares\Third_Party\FreeRTOS\Source\tasks.o
 .debug_ranges  0x00001678       0x20 Src\dma2d.o
 .debug_ranges  0x00001698       0x30 Src\fmc.o
 .debug_ranges  0x000016c8       0x40 Src\freertos.o
 .debug_ranges  0x00001708       0x10 Src\gpio.o
 .debug_ranges  0x00001718       0x28 Src\gyro.o
 .debug_ranges  0x00001740       0x20 Src\i2c.o
 .debug_ranges  0x00001760       0x50 Src\ili9341.o
 .debug_ranges  0x000017b0       0x90 Src\interface.o
 .debug_ranges  0x00001840       0x20 Src\ltdc.o
 .debug_ranges  0x00001860       0x58 Src\main.o
 .debug_ranges  0x000018b8       0x20 Src\spi.o
 .debug_ranges  0x000018d8      0x128 Src\stm32f429i_discovery.o
 .debug_ranges  0x00001a00      0x1b0 Src\stm32f429i_discovery_lcd.o
 .debug_ranges  0x00001bb0       0x60 Src\stm32f429i_discovery_sdram.o
 .debug_ranges  0x00001c10       0x30 Src\stm32f429i_discovery_ts.o
 .debug_ranges  0x00001c40       0x10 Src\stm32f4xx_hal_msp.o
 .debug_ranges  0x00001c50       0x20 Src\stm32f4xx_hal_timebase_tim.o
 .debug_ranges  0x00001c70       0x40 Src\stm32f4xx_it.o
 .debug_ranges  0x00001cb0      0x118 Src\stmpe811.o
 .debug_ranges  0x00001dc8       0x18 Src\system_stm32f4xx.o
 .debug_ranges  0x00001de0       0x20 Src\usart.o
 .debug_ranges  0x00001e00       0x20 startup\startup_stm32f429xx.o

.debug_line     0x00000000     0xf7ac
 .debug_line    0x00000000      0x440 Drivers\STM32F4xx_HAL_Driver\Src\stm32f4xx_hal.o
 .debug_line    0x00000440      0x540 Drivers\STM32F4xx_HAL_Driver\Src\stm32f4xx_hal_cortex.o
 .debug_line    0x00000980      0x782 Drivers\STM32F4xx_HAL_Driver\Src\stm32f4xx_hal_dma2d.o
 .debug_line    0x00001102      0x42b Drivers\STM32F4xx_HAL_Driver\Src\stm32f4xx_hal_gpio.o
 .debug_line    0x0000152d     0x1612 Drivers\STM32F4xx_HAL_Driver\Src\stm32f4xx_hal_i2c.o
 .debug_line    0x00002b3f      0x25b Drivers\STM32F4xx_HAL_Driver\Src\stm32f4xx_hal_i2c_ex.o
 .debug_line    0x00002d9a      0xae7 Drivers\STM32F4xx_HAL_Driver\Src\stm32f4xx_hal_ltdc.o
 .debug_line    0x00003881      0x2fe Drivers\STM32F4xx_HAL_Driver\Src\stm32f4xx_hal_pwr_ex.o
 .debug_line    0x00003b7f      0x499 Drivers\STM32F4xx_HAL_Driver\Src\stm32f4xx_hal_rcc.o
 .debug_line    0x00004018      0x3c2 Drivers\STM32F4xx_HAL_Driver\Src\stm32f4xx_hal_rcc_ex.o
 .debug_line    0x000043da      0x59a Drivers\STM32F4xx_HAL_Driver\Src\stm32f4xx_hal_sdram.o
 .debug_line    0x00004974      0xbd5 Drivers\STM32F4xx_HAL_Driver\Src\stm32f4xx_hal_spi.o
 .debug_line    0x00005549     0x149b Drivers\STM32F4xx_HAL_Driver\Src\stm32f4xx_hal_tim.o
 .debug_line    0x000069e4      0x858 Drivers\STM32F4xx_HAL_Driver\Src\stm32f4xx_hal_tim_ex.o
 .debug_line    0x0000723c      0xb32 Drivers\STM32F4xx_HAL_Driver\Src\stm32f4xx_hal_uart.o
 .debug_line    0x00007d6e      0x5a4 Drivers\STM32F4xx_HAL_Driver\Src\stm32f4xx_ll_fmc.o
 .debug_line    0x00008312      0x91a Middlewares\Third_Party\FreeRTOS\Source\CMSIS_RTOS\cmsis_os.o
 .debug_line    0x00008c2c      0x362 Middlewares\Third_Party\FreeRTOS\Source\list.o
 .debug_line    0x00008f8e      0x3da Middlewares\Third_Party\FreeRTOS\Source\portable\GCC\ARM_CM4F\port.o
 .debug_line    0x00009368      0x401 Middlewares\Third_Party\FreeRTOS\Source\portable\MemMang\heap_4.o
 .debug_line    0x00009769      0xda5 Middlewares\Third_Party\FreeRTOS\Source\tasks.o
 .debug_line    0x0000a50e      0x305 Src\dma2d.o