interface.c:16:6:initMenu	16	static
interface.c:21:6:screenRefresh	8	static
interface.c:29:6:DrawButton	24	static
interface.c:39:6:Display	8	static
interface.c:47:6:Service	8	static
interface.c:54:6:Display_Intro	16	static
interface.c:129:6:Display_Menu	8	static
interface.c:143:6:Display_Start	8	static
interface.c:164:6:Display_Odczyty	8	static
interface.c:183:6:Display_Onas	8	static
interface.c:202:6:menuService	8	static
interface.c:228:6:startService	8	static
interface.c:239:6:odczytyService	8	static
interface.c:250:6:onasService	8	static
