interface.c:12:6:initMenu	16	static
interface.c:17:6:screenRefresh	8	static
interface.c:25:6:DrawButton	24	static
interface.c:35:6:Display	8	static
interface.c:43:6:Service	8	static
interface.c:50:6:Display_Intro	16	static
interface.c:125:6:Display_Menu	8	static
interface.c:139:6:Display_Start	8	static
interface.c:155:6:Display_Odczyty	8	static
interface.c:174:6:Display_Onas	8	static
interface.c:193:6:menuService	8	static
interface.c:219:6:startService	8	static
interface.c:230:6:odczytyService	8	static
interface.c:241:6:onasService	8	static
