menu.c:13:6:initMenu	0	static
menu.c:65:6:PrepareScene	8	static
menu.c:77:6:DrawBackButton	8	static
menu.c:86:6:DrawTitleBar	8	static
menu.c:117:6:Display_Splash	0	static
menu.c:121:6:Display_Menu	16	static
menu.c:147:6:Display_Nastawy	8	static
menu.c:170:6:Display_Testy	8	static
menu.c:189:6:Display_Autorzy	8	static
menu.c:208:6:Display_Touch	16	static
menu.c:227:6:Display_Steruj	8	static
menu.c:18:6:DisplayCurrentScene	8	static
menu.c:238:6:Handle_Menu	16	static
menu.c:295:6:Handle_Autorzy	8	static
menu.c:286:6:Handle_Testy	0	static
menu.c:277:6:Handle_Nastawy	0	static
menu.c:97:6:HandleCurrentScene	0	static
menu.c:267:6:Handle_Steruj	0	static
menu.c:304:5:getLed	0	static
