stm32f429i_discovery_sdram.c:98:6:RAMSetup	0	static
stm32f429i_discovery_sdram.c:102:9:BSP_SDRAM_Init	0	static
stm32f429i_discovery_sdram.c:111:6:BSP_SDRAM_Initialization_sequence	40	static
stm32f429i_discovery_sdram.c:171:9:BSP_SDRAM_ReadData	8	static
stm32f429i_discovery_sdram.c:187:9:BSP_SDRAM_ReadData_DMA	8	static
stm32f429i_discovery_sdram.c:203:9:BSP_SDRAM_WriteData	24	static
stm32f429i_discovery_sdram.c:223:9:BSP_SDRAM_WriteData_DMA	8	static
stm32f429i_discovery_sdram.c:238:9:BSP_SDRAM_Sendcmd	8	static
stm32f429i_discovery_sdram.c:250:6:BSP_SDRAM_DMA_IRQHandler	0	static
stm32f429i_discovery_sdram.c:260:13:BSP_SDRAM_MspInit	72	static
stm32f429i_discovery_sdram.c:387:13:BSP_SDRAM_MspDeInit	8	static
