stm32f429i_discovery_lcd.c:146:6:LTDCSetup	16	static
stm32f429i_discovery_lcd.c:149:6:DMASetup	16	static
stm32f429i_discovery_lcd.c:165:6:initILI9341	8	static
stm32f429i_discovery_lcd.c:172:9:BSP_LCD_Init	8	static
stm32f429i_discovery_lcd.c:199:10:BSP_LCD_GetXSize	8	static
stm32f429i_discovery_lcd.c:207:10:BSP_LCD_GetYSize	8	static
stm32f429i_discovery_lcd.c:216:6:BSP_LCD_LayerDefaultInit	72	static
stm32f429i_discovery_lcd.c:250:6:BSP_LCD_SelectLayer	16	static
stm32f429i_discovery_lcd.c:260:6:BSP_LCD_SetLayerVisible	16	static
stm32f429i_discovery_lcd.c:278:6:BSP_LCD_SetLayerVisible_NoReload	16	static
stm32f429i_discovery_lcd.c:294:6:BSP_LCD_SetTransparency	16	static
stm32f429i_discovery_lcd.c:305:6:BSP_LCD_SetTransparency_NoReload	16	static
stm32f429i_discovery_lcd.c:314:6:BSP_LCD_SetLayerAddress	16	static
stm32f429i_discovery_lcd.c:324:6:BSP_LCD_SetLayerAddress_NoReload	16	static
stm32f429i_discovery_lcd.c:336:6:BSP_LCD_SetLayerWindow	24	static
stm32f429i_discovery_lcd.c:354:6:BSP_LCD_SetLayerWindow_NoReload	24	static
stm32f429i_discovery_lcd.c:368:6:BSP_LCD_SetColorKeying	16	static
stm32f429i_discovery_lcd.c:380:6:BSP_LCD_SetColorKeying_NoReload	16	static
stm32f429i_discovery_lcd.c:390:6:BSP_LCD_ResetColorKeying	16	static
stm32f429i_discovery_lcd.c:400:6:BSP_LCD_ResetColorKeying_NoReload	16	static
stm32f429i_discovery_lcd.c:412:6:BSP_LCD_Relaod	16	static
stm32f429i_discovery_lcd.c:420:10:BSP_LCD_GetTextColor	4	static
stm32f429i_discovery_lcd.c:428:10:BSP_LCD_GetBackColor	4	static
stm32f429i_discovery_lcd.c:436:6:BSP_LCD_SetTextColor	16	static
stm32f429i_discovery_lcd.c:444:6:BSP_LCD_SetBackColor	16	static
stm32f429i_discovery_lcd.c:452:6:BSP_LCD_SetFont	16	static
stm32f429i_discovery_lcd.c:460:8:BSP_LCD_GetFont	4	static
stm32f429i_discovery_lcd.c:470:10:BSP_LCD_ReadPixel	32	static
stm32f429i_discovery_lcd.c:508:6:BSP_LCD_Clear	40	static
stm32f429i_discovery_lcd.c:519:6:BSP_LCD_ClearStringLine	32	static
stm32f429i_discovery_lcd.c:537:6:BSP_LCD_DisplayChar	24	static
stm32f429i_discovery_lcd.c:556:6:BSP_LCD_DisplayStringAt	48	static
stm32f429i_discovery_lcd.c:608:6:BSP_LCD_DisplayStringAtLine	16	static
stm32f429i_discovery_lcd.c:618:6:BSP_LCD_DrawHLine	40	static
stm32f429i_discovery_lcd.c:636:6:BSP_LCD_DrawVLine	48	static
stm32f429i_discovery_lcd.c:655:6:BSP_LCD_DrawLine	56	static
stm32f429i_discovery_lcd.c:724:6:BSP_LCD_DrawRect	24	static
stm32f429i_discovery_lcd.c:741:6:BSP_LCD_DrawCircle	40	static
stm32f429i_discovery_lcd.c:783:6:BSP_LCD_DrawPolygon	32	static
stm32f429i_discovery_lcd.c:808:6:BSP_LCD_DrawEllipse	72	static
stm32f429i_discovery_lcd.c:844:6:BSP_LCD_DrawBitmap	56	static
stm32f429i_discovery_lcd.c:896:6:BSP_LCD_FillRect	48	static
stm32f429i_discovery_lcd.c:918:6:BSP_LCD_FillCircle	32	static
stm32f429i_discovery_lcd.c:962:6:BSP_LCD_FillTriangle	56	static
stm32f429i_discovery_lcd.c:1031:6:BSP_LCD_FillPolygon	64	static
stm32f429i_discovery_lcd.c:1092:6:BSP_LCD_FillEllipse	64	static
stm32f429i_discovery_lcd.c:1120:6:BSP_LCD_DisplayOn	8	static
stm32f429i_discovery_lcd.c:1129:6:BSP_LCD_DisplayOff	8	static
stm32f429i_discovery_lcd.c:1142:13:BSP_LCD_MspInit	64	static
stm32f429i_discovery_lcd.c:1233:6:BSP_LCD_DrawPixel	24	static
stm32f429i_discovery_lcd.c:1245:13:DrawChar	40	static
stm32f429i_discovery_lcd.c:1297:13:FillBuffer	32	static
stm32f429i_discovery_lcd.c:1328:13:ConvertLineToARGB8888	32	static
